ARM GAS  C:\Users\etudiant\AppData\Local\Temp\ccW76VFX.s 			page 1


   1              		.syntax unified
   2              		.cpu cortex-m3
   3              		.fpu softvfp
   4              		.eabi_attribute 20, 1
   5              		.eabi_attribute 21, 1
   6              		.eabi_attribute 23, 3
   7              		.eabi_attribute 24, 1
   8              		.eabi_attribute 25, 1
   9              		.eabi_attribute 26, 1
  10              		.eabi_attribute 30, 1
  11              		.eabi_attribute 34, 1
  12              		.eabi_attribute 18, 4
  13              		.thumb
  14              		.syntax unified
  15              		.file	"ISR_Bouton_0.c"
  16              		.text
  17              	.Ltext0:
  18              		.cfi_sections	.debug_frame
  19              		.section	.text.ISR_Bouton_0_Interrupt,"ax",%progbits
  20              		.align	2
  21              		.global	ISR_Bouton_0_Interrupt
  22              		.thumb
  23              		.thumb_func
  24              		.type	ISR_Bouton_0_Interrupt, %function
  25              	ISR_Bouton_0_Interrupt:
  26              	.LFB3:
  27              		.file 1 "Generated_Source\\PSoC5\\ISR_Bouton_0.c"
   1:Generated_Source\PSoC5/ISR_Bouton_0.c **** /*******************************************************************************
   2:Generated_Source\PSoC5/ISR_Bouton_0.c **** * File Name: ISR_Bouton_0.c  
   3:Generated_Source\PSoC5/ISR_Bouton_0.c **** * Version 1.70
   4:Generated_Source\PSoC5/ISR_Bouton_0.c **** *
   5:Generated_Source\PSoC5/ISR_Bouton_0.c **** *  Description:
   6:Generated_Source\PSoC5/ISR_Bouton_0.c **** *   API for controlling the state of an interrupt.
   7:Generated_Source\PSoC5/ISR_Bouton_0.c **** *
   8:Generated_Source\PSoC5/ISR_Bouton_0.c **** *
   9:Generated_Source\PSoC5/ISR_Bouton_0.c **** *  Note:
  10:Generated_Source\PSoC5/ISR_Bouton_0.c **** *
  11:Generated_Source\PSoC5/ISR_Bouton_0.c **** ********************************************************************************
  12:Generated_Source\PSoC5/ISR_Bouton_0.c **** * Copyright 2008-2015, Cypress Semiconductor Corporation.  All rights reserved.
  13:Generated_Source\PSoC5/ISR_Bouton_0.c **** * You may use this file only in accordance with the license, terms, conditions, 
  14:Generated_Source\PSoC5/ISR_Bouton_0.c **** * disclaimers, and limitations in the end user license agreement accompanying 
  15:Generated_Source\PSoC5/ISR_Bouton_0.c **** * the software package with which this file was provided.
  16:Generated_Source\PSoC5/ISR_Bouton_0.c **** *******************************************************************************/
  17:Generated_Source\PSoC5/ISR_Bouton_0.c **** 
  18:Generated_Source\PSoC5/ISR_Bouton_0.c **** 
  19:Generated_Source\PSoC5/ISR_Bouton_0.c **** #include <cydevice_trm.h>
  20:Generated_Source\PSoC5/ISR_Bouton_0.c **** #include <CyLib.h>
  21:Generated_Source\PSoC5/ISR_Bouton_0.c **** #include <ISR_Bouton_0.h>
  22:Generated_Source\PSoC5/ISR_Bouton_0.c **** #include "cyapicallbacks.h"
  23:Generated_Source\PSoC5/ISR_Bouton_0.c **** 
  24:Generated_Source\PSoC5/ISR_Bouton_0.c **** #if !defined(ISR_Bouton_0__REMOVED) /* Check for removal by optimization */
  25:Generated_Source\PSoC5/ISR_Bouton_0.c **** 
  26:Generated_Source\PSoC5/ISR_Bouton_0.c **** /*******************************************************************************
  27:Generated_Source\PSoC5/ISR_Bouton_0.c **** *  Place your includes, defines and code here 
  28:Generated_Source\PSoC5/ISR_Bouton_0.c **** ********************************************************************************/
  29:Generated_Source\PSoC5/ISR_Bouton_0.c **** /* `#START ISR_Bouton_0_intc` */
  30:Generated_Source\PSoC5/ISR_Bouton_0.c ****     
ARM GAS  C:\Users\etudiant\AppData\Local\Temp\ccW76VFX.s 			page 2


  31:Generated_Source\PSoC5/ISR_Bouton_0.c ****     extern uint8 Flag_Rotary_M;
  32:Generated_Source\PSoC5/ISR_Bouton_0.c **** 
  33:Generated_Source\PSoC5/ISR_Bouton_0.c **** /* `#END` */
  34:Generated_Source\PSoC5/ISR_Bouton_0.c **** 
  35:Generated_Source\PSoC5/ISR_Bouton_0.c **** #ifndef CYINT_IRQ_BASE
  36:Generated_Source\PSoC5/ISR_Bouton_0.c **** #define CYINT_IRQ_BASE      16
  37:Generated_Source\PSoC5/ISR_Bouton_0.c **** #endif /* CYINT_IRQ_BASE */
  38:Generated_Source\PSoC5/ISR_Bouton_0.c **** #ifndef CYINT_VECT_TABLE
  39:Generated_Source\PSoC5/ISR_Bouton_0.c **** #define CYINT_VECT_TABLE    ((cyisraddress **) CYREG_NVIC_VECT_OFFSET)
  40:Generated_Source\PSoC5/ISR_Bouton_0.c **** #endif /* CYINT_VECT_TABLE */
  41:Generated_Source\PSoC5/ISR_Bouton_0.c **** 
  42:Generated_Source\PSoC5/ISR_Bouton_0.c **** /* Declared in startup, used to set unused interrupts to. */
  43:Generated_Source\PSoC5/ISR_Bouton_0.c **** CY_ISR_PROTO(IntDefaultHandler);
  44:Generated_Source\PSoC5/ISR_Bouton_0.c **** 
  45:Generated_Source\PSoC5/ISR_Bouton_0.c **** 
  46:Generated_Source\PSoC5/ISR_Bouton_0.c **** /*******************************************************************************
  47:Generated_Source\PSoC5/ISR_Bouton_0.c **** * Function Name: ISR_Bouton_0_Start
  48:Generated_Source\PSoC5/ISR_Bouton_0.c **** ********************************************************************************
  49:Generated_Source\PSoC5/ISR_Bouton_0.c **** *
  50:Generated_Source\PSoC5/ISR_Bouton_0.c **** * Summary:
  51:Generated_Source\PSoC5/ISR_Bouton_0.c **** *  Set up the interrupt and enable it. This function disables the interrupt, 
  52:Generated_Source\PSoC5/ISR_Bouton_0.c **** *  sets the default interrupt vector, sets the priority from the value in the
  53:Generated_Source\PSoC5/ISR_Bouton_0.c **** *  Design Wide Resources Interrupt Editor, then enables the interrupt to the 
  54:Generated_Source\PSoC5/ISR_Bouton_0.c **** *  interrupt controller.
  55:Generated_Source\PSoC5/ISR_Bouton_0.c **** *
  56:Generated_Source\PSoC5/ISR_Bouton_0.c **** * Parameters:  
  57:Generated_Source\PSoC5/ISR_Bouton_0.c **** *   None
  58:Generated_Source\PSoC5/ISR_Bouton_0.c **** *
  59:Generated_Source\PSoC5/ISR_Bouton_0.c **** * Return:
  60:Generated_Source\PSoC5/ISR_Bouton_0.c **** *   None
  61:Generated_Source\PSoC5/ISR_Bouton_0.c **** *
  62:Generated_Source\PSoC5/ISR_Bouton_0.c **** *******************************************************************************/
  63:Generated_Source\PSoC5/ISR_Bouton_0.c **** void ISR_Bouton_0_Start(void)
  64:Generated_Source\PSoC5/ISR_Bouton_0.c **** {
  65:Generated_Source\PSoC5/ISR_Bouton_0.c ****     /* For all we know the interrupt is active. */
  66:Generated_Source\PSoC5/ISR_Bouton_0.c ****     ISR_Bouton_0_Disable();
  67:Generated_Source\PSoC5/ISR_Bouton_0.c **** 
  68:Generated_Source\PSoC5/ISR_Bouton_0.c ****     /* Set the ISR to point to the ISR_Bouton_0 Interrupt. */
  69:Generated_Source\PSoC5/ISR_Bouton_0.c ****     ISR_Bouton_0_SetVector(&ISR_Bouton_0_Interrupt);
  70:Generated_Source\PSoC5/ISR_Bouton_0.c **** 
  71:Generated_Source\PSoC5/ISR_Bouton_0.c ****     /* Set the priority. */
  72:Generated_Source\PSoC5/ISR_Bouton_0.c ****     ISR_Bouton_0_SetPriority((uint8)ISR_Bouton_0_INTC_PRIOR_NUMBER);
  73:Generated_Source\PSoC5/ISR_Bouton_0.c **** 
  74:Generated_Source\PSoC5/ISR_Bouton_0.c ****     /* Enable it. */
  75:Generated_Source\PSoC5/ISR_Bouton_0.c ****     ISR_Bouton_0_Enable();
  76:Generated_Source\PSoC5/ISR_Bouton_0.c **** }
  77:Generated_Source\PSoC5/ISR_Bouton_0.c **** 
  78:Generated_Source\PSoC5/ISR_Bouton_0.c **** 
  79:Generated_Source\PSoC5/ISR_Bouton_0.c **** /*******************************************************************************
  80:Generated_Source\PSoC5/ISR_Bouton_0.c **** * Function Name: ISR_Bouton_0_StartEx
  81:Generated_Source\PSoC5/ISR_Bouton_0.c **** ********************************************************************************
  82:Generated_Source\PSoC5/ISR_Bouton_0.c **** *
  83:Generated_Source\PSoC5/ISR_Bouton_0.c **** * Summary:
  84:Generated_Source\PSoC5/ISR_Bouton_0.c **** *  Sets up the interrupt and enables it. This function disables the interrupt,
  85:Generated_Source\PSoC5/ISR_Bouton_0.c **** *  sets the interrupt vector based on the address passed in, sets the priority 
  86:Generated_Source\PSoC5/ISR_Bouton_0.c **** *  from the value in the Design Wide Resources Interrupt Editor, then enables 
  87:Generated_Source\PSoC5/ISR_Bouton_0.c **** *  the interrupt to the interrupt controller.
ARM GAS  C:\Users\etudiant\AppData\Local\Temp\ccW76VFX.s 			page 3


  88:Generated_Source\PSoC5/ISR_Bouton_0.c **** *  
  89:Generated_Source\PSoC5/ISR_Bouton_0.c **** *  When defining ISR functions, the CY_ISR and CY_ISR_PROTO macros should be 
  90:Generated_Source\PSoC5/ISR_Bouton_0.c **** *  used to provide consistent definition across compilers:
  91:Generated_Source\PSoC5/ISR_Bouton_0.c **** *  
  92:Generated_Source\PSoC5/ISR_Bouton_0.c **** *  Function definition example:
  93:Generated_Source\PSoC5/ISR_Bouton_0.c **** *   CY_ISR(MyISR)
  94:Generated_Source\PSoC5/ISR_Bouton_0.c **** *   {
  95:Generated_Source\PSoC5/ISR_Bouton_0.c **** *   }
  96:Generated_Source\PSoC5/ISR_Bouton_0.c **** *   Function prototype example:
  97:Generated_Source\PSoC5/ISR_Bouton_0.c **** *   CY_ISR_PROTO(MyISR);
  98:Generated_Source\PSoC5/ISR_Bouton_0.c **** *
  99:Generated_Source\PSoC5/ISR_Bouton_0.c **** * Parameters:  
 100:Generated_Source\PSoC5/ISR_Bouton_0.c **** *   address: Address of the ISR to set in the interrupt vector table.
 101:Generated_Source\PSoC5/ISR_Bouton_0.c **** *
 102:Generated_Source\PSoC5/ISR_Bouton_0.c **** * Return:
 103:Generated_Source\PSoC5/ISR_Bouton_0.c **** *   None
 104:Generated_Source\PSoC5/ISR_Bouton_0.c **** *
 105:Generated_Source\PSoC5/ISR_Bouton_0.c **** *******************************************************************************/
 106:Generated_Source\PSoC5/ISR_Bouton_0.c **** void ISR_Bouton_0_StartEx(cyisraddress address)
 107:Generated_Source\PSoC5/ISR_Bouton_0.c **** {
 108:Generated_Source\PSoC5/ISR_Bouton_0.c ****     /* For all we know the interrupt is active. */
 109:Generated_Source\PSoC5/ISR_Bouton_0.c ****     ISR_Bouton_0_Disable();
 110:Generated_Source\PSoC5/ISR_Bouton_0.c **** 
 111:Generated_Source\PSoC5/ISR_Bouton_0.c ****     /* Set the ISR to point to the ISR_Bouton_0 Interrupt. */
 112:Generated_Source\PSoC5/ISR_Bouton_0.c ****     ISR_Bouton_0_SetVector(address);
 113:Generated_Source\PSoC5/ISR_Bouton_0.c **** 
 114:Generated_Source\PSoC5/ISR_Bouton_0.c ****     /* Set the priority. */
 115:Generated_Source\PSoC5/ISR_Bouton_0.c ****     ISR_Bouton_0_SetPriority((uint8)ISR_Bouton_0_INTC_PRIOR_NUMBER);
 116:Generated_Source\PSoC5/ISR_Bouton_0.c **** 
 117:Generated_Source\PSoC5/ISR_Bouton_0.c ****     /* Enable it. */
 118:Generated_Source\PSoC5/ISR_Bouton_0.c ****     ISR_Bouton_0_Enable();
 119:Generated_Source\PSoC5/ISR_Bouton_0.c **** }
 120:Generated_Source\PSoC5/ISR_Bouton_0.c **** 
 121:Generated_Source\PSoC5/ISR_Bouton_0.c **** 
 122:Generated_Source\PSoC5/ISR_Bouton_0.c **** /*******************************************************************************
 123:Generated_Source\PSoC5/ISR_Bouton_0.c **** * Function Name: ISR_Bouton_0_Stop
 124:Generated_Source\PSoC5/ISR_Bouton_0.c **** ********************************************************************************
 125:Generated_Source\PSoC5/ISR_Bouton_0.c **** *
 126:Generated_Source\PSoC5/ISR_Bouton_0.c **** * Summary:
 127:Generated_Source\PSoC5/ISR_Bouton_0.c **** *   Disables and removes the interrupt.
 128:Generated_Source\PSoC5/ISR_Bouton_0.c **** *
 129:Generated_Source\PSoC5/ISR_Bouton_0.c **** * Parameters:  
 130:Generated_Source\PSoC5/ISR_Bouton_0.c **** *   None
 131:Generated_Source\PSoC5/ISR_Bouton_0.c **** *
 132:Generated_Source\PSoC5/ISR_Bouton_0.c **** * Return:
 133:Generated_Source\PSoC5/ISR_Bouton_0.c **** *   None
 134:Generated_Source\PSoC5/ISR_Bouton_0.c **** *
 135:Generated_Source\PSoC5/ISR_Bouton_0.c **** *******************************************************************************/
 136:Generated_Source\PSoC5/ISR_Bouton_0.c **** void ISR_Bouton_0_Stop(void)
 137:Generated_Source\PSoC5/ISR_Bouton_0.c **** {
 138:Generated_Source\PSoC5/ISR_Bouton_0.c ****     /* Disable this interrupt. */
 139:Generated_Source\PSoC5/ISR_Bouton_0.c ****     ISR_Bouton_0_Disable();
 140:Generated_Source\PSoC5/ISR_Bouton_0.c **** 
 141:Generated_Source\PSoC5/ISR_Bouton_0.c ****     /* Set the ISR to point to the passive one. */
 142:Generated_Source\PSoC5/ISR_Bouton_0.c ****     ISR_Bouton_0_SetVector(&IntDefaultHandler);
 143:Generated_Source\PSoC5/ISR_Bouton_0.c **** }
 144:Generated_Source\PSoC5/ISR_Bouton_0.c **** 
ARM GAS  C:\Users\etudiant\AppData\Local\Temp\ccW76VFX.s 			page 4


 145:Generated_Source\PSoC5/ISR_Bouton_0.c **** 
 146:Generated_Source\PSoC5/ISR_Bouton_0.c **** /*******************************************************************************
 147:Generated_Source\PSoC5/ISR_Bouton_0.c **** * Function Name: ISR_Bouton_0_Interrupt
 148:Generated_Source\PSoC5/ISR_Bouton_0.c **** ********************************************************************************
 149:Generated_Source\PSoC5/ISR_Bouton_0.c **** *
 150:Generated_Source\PSoC5/ISR_Bouton_0.c **** * Summary:
 151:Generated_Source\PSoC5/ISR_Bouton_0.c **** *   The default Interrupt Service Routine for ISR_Bouton_0.
 152:Generated_Source\PSoC5/ISR_Bouton_0.c **** *
 153:Generated_Source\PSoC5/ISR_Bouton_0.c **** *   Add custom code between the coments to keep the next version of this file
 154:Generated_Source\PSoC5/ISR_Bouton_0.c **** *   from over writting your code.
 155:Generated_Source\PSoC5/ISR_Bouton_0.c **** *
 156:Generated_Source\PSoC5/ISR_Bouton_0.c **** * Parameters:  
 157:Generated_Source\PSoC5/ISR_Bouton_0.c **** *
 158:Generated_Source\PSoC5/ISR_Bouton_0.c **** * Return:
 159:Generated_Source\PSoC5/ISR_Bouton_0.c **** *   None
 160:Generated_Source\PSoC5/ISR_Bouton_0.c **** *
 161:Generated_Source\PSoC5/ISR_Bouton_0.c **** *******************************************************************************/
 162:Generated_Source\PSoC5/ISR_Bouton_0.c **** CY_ISR(ISR_Bouton_0_Interrupt)
 163:Generated_Source\PSoC5/ISR_Bouton_0.c **** {
  28              		.loc 1 163 0
  29              		.cfi_startproc
  30              		@ args = 0, pretend = 0, frame = 0
  31              		@ frame_needed = 0, uses_anonymous_args = 0
  32              		@ link register save eliminated.
 164:Generated_Source\PSoC5/ISR_Bouton_0.c ****     #ifdef ISR_Bouton_0_INTERRUPT_INTERRUPT_CALLBACK
 165:Generated_Source\PSoC5/ISR_Bouton_0.c ****         ISR_Bouton_0_Interrupt_InterruptCallback();
 166:Generated_Source\PSoC5/ISR_Bouton_0.c ****     #endif /* ISR_Bouton_0_INTERRUPT_INTERRUPT_CALLBACK */ 
 167:Generated_Source\PSoC5/ISR_Bouton_0.c **** 
 168:Generated_Source\PSoC5/ISR_Bouton_0.c ****     /*  Place your Interrupt code here. */
 169:Generated_Source\PSoC5/ISR_Bouton_0.c ****     /* `#START ISR_Bouton_0_Interrupt` */
 170:Generated_Source\PSoC5/ISR_Bouton_0.c ****         Flag_Rotary_M = 1;
  33              		.loc 1 170 0
  34 0000 0122     		movs	r2, #1
  35 0002 014B     		ldr	r3, .L2
  36 0004 1A70     		strb	r2, [r3]
  37 0006 7047     		bx	lr
  38              	.L3:
  39              		.align	2
  40              	.L2:
  41 0008 00000000 		.word	Flag_Rotary_M
  42              		.cfi_endproc
  43              	.LFE3:
  44              		.size	ISR_Bouton_0_Interrupt, .-ISR_Bouton_0_Interrupt
  45              		.section	.text.ISR_Bouton_0_SetVector,"ax",%progbits
  46              		.align	2
  47              		.global	ISR_Bouton_0_SetVector
  48              		.thumb
  49              		.thumb_func
  50              		.type	ISR_Bouton_0_SetVector, %function
  51              	ISR_Bouton_0_SetVector:
  52              	.LFB4:
 171:Generated_Source\PSoC5/ISR_Bouton_0.c ****     /* `#END` */
 172:Generated_Source\PSoC5/ISR_Bouton_0.c **** }
 173:Generated_Source\PSoC5/ISR_Bouton_0.c **** 
 174:Generated_Source\PSoC5/ISR_Bouton_0.c **** 
 175:Generated_Source\PSoC5/ISR_Bouton_0.c **** /*******************************************************************************
 176:Generated_Source\PSoC5/ISR_Bouton_0.c **** * Function Name: ISR_Bouton_0_SetVector
ARM GAS  C:\Users\etudiant\AppData\Local\Temp\ccW76VFX.s 			page 5


 177:Generated_Source\PSoC5/ISR_Bouton_0.c **** ********************************************************************************
 178:Generated_Source\PSoC5/ISR_Bouton_0.c **** *
 179:Generated_Source\PSoC5/ISR_Bouton_0.c **** * Summary:
 180:Generated_Source\PSoC5/ISR_Bouton_0.c **** *   Change the ISR vector for the Interrupt. Note calling ISR_Bouton_0_Start
 181:Generated_Source\PSoC5/ISR_Bouton_0.c **** *   will override any effect this method would have had. To set the vector 
 182:Generated_Source\PSoC5/ISR_Bouton_0.c **** *   before the component has been started use ISR_Bouton_0_StartEx instead.
 183:Generated_Source\PSoC5/ISR_Bouton_0.c **** * 
 184:Generated_Source\PSoC5/ISR_Bouton_0.c **** *   When defining ISR functions, the CY_ISR and CY_ISR_PROTO macros should be 
 185:Generated_Source\PSoC5/ISR_Bouton_0.c **** *   used to provide consistent definition across compilers:
 186:Generated_Source\PSoC5/ISR_Bouton_0.c **** *
 187:Generated_Source\PSoC5/ISR_Bouton_0.c **** *   Function definition example:
 188:Generated_Source\PSoC5/ISR_Bouton_0.c **** *   CY_ISR(MyISR)
 189:Generated_Source\PSoC5/ISR_Bouton_0.c **** *   {
 190:Generated_Source\PSoC5/ISR_Bouton_0.c **** *   }
 191:Generated_Source\PSoC5/ISR_Bouton_0.c **** *
 192:Generated_Source\PSoC5/ISR_Bouton_0.c **** *   Function prototype example:
 193:Generated_Source\PSoC5/ISR_Bouton_0.c **** *     CY_ISR_PROTO(MyISR);
 194:Generated_Source\PSoC5/ISR_Bouton_0.c **** *
 195:Generated_Source\PSoC5/ISR_Bouton_0.c **** * Parameters:
 196:Generated_Source\PSoC5/ISR_Bouton_0.c **** *   address: Address of the ISR to set in the interrupt vector table.
 197:Generated_Source\PSoC5/ISR_Bouton_0.c **** *
 198:Generated_Source\PSoC5/ISR_Bouton_0.c **** * Return:
 199:Generated_Source\PSoC5/ISR_Bouton_0.c **** *   None
 200:Generated_Source\PSoC5/ISR_Bouton_0.c **** *
 201:Generated_Source\PSoC5/ISR_Bouton_0.c **** *******************************************************************************/
 202:Generated_Source\PSoC5/ISR_Bouton_0.c **** void ISR_Bouton_0_SetVector(cyisraddress address)
 203:Generated_Source\PSoC5/ISR_Bouton_0.c **** {
  53              		.loc 1 203 0
  54              		.cfi_startproc
  55              		@ args = 0, pretend = 0, frame = 0
  56              		@ frame_needed = 0, uses_anonymous_args = 0
  57              		@ link register save eliminated.
  58              	.LVL0:
 204:Generated_Source\PSoC5/ISR_Bouton_0.c ****     cyisraddress * ramVectorTable;
 205:Generated_Source\PSoC5/ISR_Bouton_0.c **** 
 206:Generated_Source\PSoC5/ISR_Bouton_0.c ****     ramVectorTable = (cyisraddress *) *CYINT_VECT_TABLE;
  59              		.loc 1 206 0
  60 0000 014B     		ldr	r3, .L5
  61 0002 1B68     		ldr	r3, [r3]
  62              	.LVL1:
 207:Generated_Source\PSoC5/ISR_Bouton_0.c **** 
 208:Generated_Source\PSoC5/ISR_Bouton_0.c ****     ramVectorTable[CYINT_IRQ_BASE + (uint32)ISR_Bouton_0__INTC_NUMBER] = address;
  63              		.loc 1 208 0
  64 0004 1864     		str	r0, [r3, #64]
  65 0006 7047     		bx	lr
  66              	.L6:
  67              		.align	2
  68              	.L5:
  69 0008 08ED00E0 		.word	-536810232
  70              		.cfi_endproc
  71              	.LFE4:
  72              		.size	ISR_Bouton_0_SetVector, .-ISR_Bouton_0_SetVector
  73              		.section	.text.ISR_Bouton_0_GetVector,"ax",%progbits
  74              		.align	2
  75              		.global	ISR_Bouton_0_GetVector
  76              		.thumb
  77              		.thumb_func
ARM GAS  C:\Users\etudiant\AppData\Local\Temp\ccW76VFX.s 			page 6


  78              		.type	ISR_Bouton_0_GetVector, %function
  79              	ISR_Bouton_0_GetVector:
  80              	.LFB5:
 209:Generated_Source\PSoC5/ISR_Bouton_0.c **** }
 210:Generated_Source\PSoC5/ISR_Bouton_0.c **** 
 211:Generated_Source\PSoC5/ISR_Bouton_0.c **** 
 212:Generated_Source\PSoC5/ISR_Bouton_0.c **** /*******************************************************************************
 213:Generated_Source\PSoC5/ISR_Bouton_0.c **** * Function Name: ISR_Bouton_0_GetVector
 214:Generated_Source\PSoC5/ISR_Bouton_0.c **** ********************************************************************************
 215:Generated_Source\PSoC5/ISR_Bouton_0.c **** *
 216:Generated_Source\PSoC5/ISR_Bouton_0.c **** * Summary:
 217:Generated_Source\PSoC5/ISR_Bouton_0.c **** *   Gets the "address" of the current ISR vector for the Interrupt.
 218:Generated_Source\PSoC5/ISR_Bouton_0.c **** *
 219:Generated_Source\PSoC5/ISR_Bouton_0.c **** * Parameters:
 220:Generated_Source\PSoC5/ISR_Bouton_0.c **** *   None
 221:Generated_Source\PSoC5/ISR_Bouton_0.c **** *
 222:Generated_Source\PSoC5/ISR_Bouton_0.c **** * Return:
 223:Generated_Source\PSoC5/ISR_Bouton_0.c **** *   Address of the ISR in the interrupt vector table.
 224:Generated_Source\PSoC5/ISR_Bouton_0.c **** *
 225:Generated_Source\PSoC5/ISR_Bouton_0.c **** *******************************************************************************/
 226:Generated_Source\PSoC5/ISR_Bouton_0.c **** cyisraddress ISR_Bouton_0_GetVector(void)
 227:Generated_Source\PSoC5/ISR_Bouton_0.c **** {
  81              		.loc 1 227 0
  82              		.cfi_startproc
  83              		@ args = 0, pretend = 0, frame = 0
  84              		@ frame_needed = 0, uses_anonymous_args = 0
  85              		@ link register save eliminated.
 228:Generated_Source\PSoC5/ISR_Bouton_0.c ****     cyisraddress * ramVectorTable;
 229:Generated_Source\PSoC5/ISR_Bouton_0.c **** 
 230:Generated_Source\PSoC5/ISR_Bouton_0.c ****     ramVectorTable = (cyisraddress *) *CYINT_VECT_TABLE;
  86              		.loc 1 230 0
  87 0000 014B     		ldr	r3, .L8
  88 0002 1B68     		ldr	r3, [r3]
  89              	.LVL2:
 231:Generated_Source\PSoC5/ISR_Bouton_0.c **** 
 232:Generated_Source\PSoC5/ISR_Bouton_0.c ****     return ramVectorTable[CYINT_IRQ_BASE + (uint32)ISR_Bouton_0__INTC_NUMBER];
 233:Generated_Source\PSoC5/ISR_Bouton_0.c **** }
  90              		.loc 1 233 0
  91 0004 186C     		ldr	r0, [r3, #64]
  92 0006 7047     		bx	lr
  93              	.L9:
  94              		.align	2
  95              	.L8:
  96 0008 08ED00E0 		.word	-536810232
  97              		.cfi_endproc
  98              	.LFE5:
  99              		.size	ISR_Bouton_0_GetVector, .-ISR_Bouton_0_GetVector
 100              		.section	.text.ISR_Bouton_0_SetPriority,"ax",%progbits
 101              		.align	2
 102              		.global	ISR_Bouton_0_SetPriority
 103              		.thumb
 104              		.thumb_func
 105              		.type	ISR_Bouton_0_SetPriority, %function
 106              	ISR_Bouton_0_SetPriority:
 107              	.LFB6:
 234:Generated_Source\PSoC5/ISR_Bouton_0.c **** 
 235:Generated_Source\PSoC5/ISR_Bouton_0.c **** 
ARM GAS  C:\Users\etudiant\AppData\Local\Temp\ccW76VFX.s 			page 7


 236:Generated_Source\PSoC5/ISR_Bouton_0.c **** /*******************************************************************************
 237:Generated_Source\PSoC5/ISR_Bouton_0.c **** * Function Name: ISR_Bouton_0_SetPriority
 238:Generated_Source\PSoC5/ISR_Bouton_0.c **** ********************************************************************************
 239:Generated_Source\PSoC5/ISR_Bouton_0.c **** *
 240:Generated_Source\PSoC5/ISR_Bouton_0.c **** * Summary:
 241:Generated_Source\PSoC5/ISR_Bouton_0.c **** *   Sets the Priority of the Interrupt. 
 242:Generated_Source\PSoC5/ISR_Bouton_0.c **** *
 243:Generated_Source\PSoC5/ISR_Bouton_0.c **** *   Note calling ISR_Bouton_0_Start or ISR_Bouton_0_StartEx will 
 244:Generated_Source\PSoC5/ISR_Bouton_0.c **** *   override any effect this API would have had. This API should only be called
 245:Generated_Source\PSoC5/ISR_Bouton_0.c **** *   after ISR_Bouton_0_Start or ISR_Bouton_0_StartEx has been called. 
 246:Generated_Source\PSoC5/ISR_Bouton_0.c **** *   To set the initial priority for the component, use the Design-Wide Resources
 247:Generated_Source\PSoC5/ISR_Bouton_0.c **** *   Interrupt Editor.
 248:Generated_Source\PSoC5/ISR_Bouton_0.c **** *
 249:Generated_Source\PSoC5/ISR_Bouton_0.c **** *   Note This API has no effect on Non-maskable interrupt NMI).
 250:Generated_Source\PSoC5/ISR_Bouton_0.c **** *
 251:Generated_Source\PSoC5/ISR_Bouton_0.c **** * Parameters:
 252:Generated_Source\PSoC5/ISR_Bouton_0.c **** *   priority: Priority of the interrupt, 0 being the highest priority
 253:Generated_Source\PSoC5/ISR_Bouton_0.c **** *             PSoC 3 and PSoC 5LP: Priority is from 0 to 7.
 254:Generated_Source\PSoC5/ISR_Bouton_0.c **** *             PSoC 4: Priority is from 0 to 3.
 255:Generated_Source\PSoC5/ISR_Bouton_0.c **** *
 256:Generated_Source\PSoC5/ISR_Bouton_0.c **** * Return:
 257:Generated_Source\PSoC5/ISR_Bouton_0.c **** *   None
 258:Generated_Source\PSoC5/ISR_Bouton_0.c **** *
 259:Generated_Source\PSoC5/ISR_Bouton_0.c **** *******************************************************************************/
 260:Generated_Source\PSoC5/ISR_Bouton_0.c **** void ISR_Bouton_0_SetPriority(uint8 priority)
 261:Generated_Source\PSoC5/ISR_Bouton_0.c **** {
 108              		.loc 1 261 0
 109              		.cfi_startproc
 110              		@ args = 0, pretend = 0, frame = 0
 111              		@ frame_needed = 0, uses_anonymous_args = 0
 112              		@ link register save eliminated.
 113              	.LVL3:
 262:Generated_Source\PSoC5/ISR_Bouton_0.c ****     *ISR_Bouton_0_INTC_PRIOR = priority << 5;
 114              		.loc 1 262 0
 115 0000 4001     		lsls	r0, r0, #5
 116              	.LVL4:
 117 0002 C0B2     		uxtb	r0, r0
 118 0004 014B     		ldr	r3, .L11
 119 0006 1870     		strb	r0, [r3]
 120 0008 7047     		bx	lr
 121              	.L12:
 122 000a 00BF     		.align	2
 123              	.L11:
 124 000c 00E400E0 		.word	-536812544
 125              		.cfi_endproc
 126              	.LFE6:
 127              		.size	ISR_Bouton_0_SetPriority, .-ISR_Bouton_0_SetPriority
 128              		.section	.text.ISR_Bouton_0_GetPriority,"ax",%progbits
 129              		.align	2
 130              		.global	ISR_Bouton_0_GetPriority
 131              		.thumb
 132              		.thumb_func
 133              		.type	ISR_Bouton_0_GetPriority, %function
 134              	ISR_Bouton_0_GetPriority:
 135              	.LFB7:
 263:Generated_Source\PSoC5/ISR_Bouton_0.c **** }
 264:Generated_Source\PSoC5/ISR_Bouton_0.c **** 
ARM GAS  C:\Users\etudiant\AppData\Local\Temp\ccW76VFX.s 			page 8


 265:Generated_Source\PSoC5/ISR_Bouton_0.c **** 
 266:Generated_Source\PSoC5/ISR_Bouton_0.c **** /*******************************************************************************
 267:Generated_Source\PSoC5/ISR_Bouton_0.c **** * Function Name: ISR_Bouton_0_GetPriority
 268:Generated_Source\PSoC5/ISR_Bouton_0.c **** ********************************************************************************
 269:Generated_Source\PSoC5/ISR_Bouton_0.c **** *
 270:Generated_Source\PSoC5/ISR_Bouton_0.c **** * Summary:
 271:Generated_Source\PSoC5/ISR_Bouton_0.c **** *   Gets the Priority of the Interrupt.
 272:Generated_Source\PSoC5/ISR_Bouton_0.c **** *
 273:Generated_Source\PSoC5/ISR_Bouton_0.c **** * Parameters:
 274:Generated_Source\PSoC5/ISR_Bouton_0.c **** *   None
 275:Generated_Source\PSoC5/ISR_Bouton_0.c **** *
 276:Generated_Source\PSoC5/ISR_Bouton_0.c **** * Return:
 277:Generated_Source\PSoC5/ISR_Bouton_0.c **** *   Priority of the interrupt, 0 being the highest priority
 278:Generated_Source\PSoC5/ISR_Bouton_0.c **** *    PSoC 3 and PSoC 5LP: Priority is from 0 to 7.
 279:Generated_Source\PSoC5/ISR_Bouton_0.c **** *    PSoC 4: Priority is from 0 to 3.
 280:Generated_Source\PSoC5/ISR_Bouton_0.c **** *
 281:Generated_Source\PSoC5/ISR_Bouton_0.c **** *******************************************************************************/
 282:Generated_Source\PSoC5/ISR_Bouton_0.c **** uint8 ISR_Bouton_0_GetPriority(void)
 283:Generated_Source\PSoC5/ISR_Bouton_0.c **** {
 136              		.loc 1 283 0
 137              		.cfi_startproc
 138              		@ args = 0, pretend = 0, frame = 0
 139              		@ frame_needed = 0, uses_anonymous_args = 0
 140              		@ link register save eliminated.
 284:Generated_Source\PSoC5/ISR_Bouton_0.c ****     uint8 priority;
 285:Generated_Source\PSoC5/ISR_Bouton_0.c **** 
 286:Generated_Source\PSoC5/ISR_Bouton_0.c **** 
 287:Generated_Source\PSoC5/ISR_Bouton_0.c ****     priority = *ISR_Bouton_0_INTC_PRIOR >> 5;
 141              		.loc 1 287 0
 142 0000 014B     		ldr	r3, .L14
 143 0002 1878     		ldrb	r0, [r3]	@ zero_extendqisi2
 144              	.LVL5:
 288:Generated_Source\PSoC5/ISR_Bouton_0.c **** 
 289:Generated_Source\PSoC5/ISR_Bouton_0.c ****     return priority;
 290:Generated_Source\PSoC5/ISR_Bouton_0.c **** }
 145              		.loc 1 290 0
 146 0004 4009     		lsrs	r0, r0, #5
 147              	.LVL6:
 148 0006 7047     		bx	lr
 149              	.L15:
 150              		.align	2
 151              	.L14:
 152 0008 00E400E0 		.word	-536812544
 153              		.cfi_endproc
 154              	.LFE7:
 155              		.size	ISR_Bouton_0_GetPriority, .-ISR_Bouton_0_GetPriority
 156              		.section	.text.ISR_Bouton_0_Enable,"ax",%progbits
 157              		.align	2
 158              		.global	ISR_Bouton_0_Enable
 159              		.thumb
 160              		.thumb_func
 161              		.type	ISR_Bouton_0_Enable, %function
 162              	ISR_Bouton_0_Enable:
 163              	.LFB8:
 291:Generated_Source\PSoC5/ISR_Bouton_0.c **** 
 292:Generated_Source\PSoC5/ISR_Bouton_0.c **** 
 293:Generated_Source\PSoC5/ISR_Bouton_0.c **** /*******************************************************************************
ARM GAS  C:\Users\etudiant\AppData\Local\Temp\ccW76VFX.s 			page 9


 294:Generated_Source\PSoC5/ISR_Bouton_0.c **** * Function Name: ISR_Bouton_0_Enable
 295:Generated_Source\PSoC5/ISR_Bouton_0.c **** ********************************************************************************
 296:Generated_Source\PSoC5/ISR_Bouton_0.c **** *
 297:Generated_Source\PSoC5/ISR_Bouton_0.c **** * Summary:
 298:Generated_Source\PSoC5/ISR_Bouton_0.c **** *   Enables the interrupt to the interrupt controller. Do not call this function
 299:Generated_Source\PSoC5/ISR_Bouton_0.c **** *   unless ISR_Start() has been called or the functionality of the ISR_Start() 
 300:Generated_Source\PSoC5/ISR_Bouton_0.c **** *   function, which sets the vector and the priority, has been called.
 301:Generated_Source\PSoC5/ISR_Bouton_0.c **** *
 302:Generated_Source\PSoC5/ISR_Bouton_0.c **** * Parameters:
 303:Generated_Source\PSoC5/ISR_Bouton_0.c **** *   None
 304:Generated_Source\PSoC5/ISR_Bouton_0.c **** *
 305:Generated_Source\PSoC5/ISR_Bouton_0.c **** * Return:
 306:Generated_Source\PSoC5/ISR_Bouton_0.c **** *   None
 307:Generated_Source\PSoC5/ISR_Bouton_0.c **** *
 308:Generated_Source\PSoC5/ISR_Bouton_0.c **** *******************************************************************************/
 309:Generated_Source\PSoC5/ISR_Bouton_0.c **** void ISR_Bouton_0_Enable(void)
 310:Generated_Source\PSoC5/ISR_Bouton_0.c **** {
 164              		.loc 1 310 0
 165              		.cfi_startproc
 166              		@ args = 0, pretend = 0, frame = 0
 167              		@ frame_needed = 0, uses_anonymous_args = 0
 168              		@ link register save eliminated.
 311:Generated_Source\PSoC5/ISR_Bouton_0.c ****     /* Enable the general interrupt. */
 312:Generated_Source\PSoC5/ISR_Bouton_0.c ****     *ISR_Bouton_0_INTC_SET_EN = ISR_Bouton_0__INTC_MASK;
 169              		.loc 1 312 0
 170 0000 0122     		movs	r2, #1
 171 0002 014B     		ldr	r3, .L17
 172 0004 1A60     		str	r2, [r3]
 173 0006 7047     		bx	lr
 174              	.L18:
 175              		.align	2
 176              	.L17:
 177 0008 00E100E0 		.word	-536813312
 178              		.cfi_endproc
 179              	.LFE8:
 180              		.size	ISR_Bouton_0_Enable, .-ISR_Bouton_0_Enable
 181              		.section	.text.ISR_Bouton_0_GetState,"ax",%progbits
 182              		.align	2
 183              		.global	ISR_Bouton_0_GetState
 184              		.thumb
 185              		.thumb_func
 186              		.type	ISR_Bouton_0_GetState, %function
 187              	ISR_Bouton_0_GetState:
 188              	.LFB9:
 313:Generated_Source\PSoC5/ISR_Bouton_0.c **** }
 314:Generated_Source\PSoC5/ISR_Bouton_0.c **** 
 315:Generated_Source\PSoC5/ISR_Bouton_0.c **** 
 316:Generated_Source\PSoC5/ISR_Bouton_0.c **** /*******************************************************************************
 317:Generated_Source\PSoC5/ISR_Bouton_0.c **** * Function Name: ISR_Bouton_0_GetState
 318:Generated_Source\PSoC5/ISR_Bouton_0.c **** ********************************************************************************
 319:Generated_Source\PSoC5/ISR_Bouton_0.c **** *
 320:Generated_Source\PSoC5/ISR_Bouton_0.c **** * Summary:
 321:Generated_Source\PSoC5/ISR_Bouton_0.c **** *   Gets the state (enabled, disabled) of the Interrupt.
 322:Generated_Source\PSoC5/ISR_Bouton_0.c **** *
 323:Generated_Source\PSoC5/ISR_Bouton_0.c **** * Parameters:
 324:Generated_Source\PSoC5/ISR_Bouton_0.c **** *   None
 325:Generated_Source\PSoC5/ISR_Bouton_0.c **** *
ARM GAS  C:\Users\etudiant\AppData\Local\Temp\ccW76VFX.s 			page 10


 326:Generated_Source\PSoC5/ISR_Bouton_0.c **** * Return:
 327:Generated_Source\PSoC5/ISR_Bouton_0.c **** *   1 if enabled, 0 if disabled.
 328:Generated_Source\PSoC5/ISR_Bouton_0.c **** *
 329:Generated_Source\PSoC5/ISR_Bouton_0.c **** *******************************************************************************/
 330:Generated_Source\PSoC5/ISR_Bouton_0.c **** uint8 ISR_Bouton_0_GetState(void)
 331:Generated_Source\PSoC5/ISR_Bouton_0.c **** {
 189              		.loc 1 331 0
 190              		.cfi_startproc
 191              		@ args = 0, pretend = 0, frame = 0
 192              		@ frame_needed = 0, uses_anonymous_args = 0
 193              		@ link register save eliminated.
 332:Generated_Source\PSoC5/ISR_Bouton_0.c ****     /* Get the state of the general interrupt. */
 333:Generated_Source\PSoC5/ISR_Bouton_0.c ****     return ((*ISR_Bouton_0_INTC_SET_EN & (uint32)ISR_Bouton_0__INTC_MASK) != 0u) ? 1u:0u;
 194              		.loc 1 333 0
 195 0000 024B     		ldr	r3, .L20
 196 0002 1868     		ldr	r0, [r3]
 334:Generated_Source\PSoC5/ISR_Bouton_0.c **** }
 197              		.loc 1 334 0
 198 0004 00F00100 		and	r0, r0, #1
 199 0008 7047     		bx	lr
 200              	.L21:
 201 000a 00BF     		.align	2
 202              	.L20:
 203 000c 00E100E0 		.word	-536813312
 204              		.cfi_endproc
 205              	.LFE9:
 206              		.size	ISR_Bouton_0_GetState, .-ISR_Bouton_0_GetState
 207              		.section	.text.ISR_Bouton_0_Disable,"ax",%progbits
 208              		.align	2
 209              		.global	ISR_Bouton_0_Disable
 210              		.thumb
 211              		.thumb_func
 212              		.type	ISR_Bouton_0_Disable, %function
 213              	ISR_Bouton_0_Disable:
 214              	.LFB10:
 335:Generated_Source\PSoC5/ISR_Bouton_0.c **** 
 336:Generated_Source\PSoC5/ISR_Bouton_0.c **** 
 337:Generated_Source\PSoC5/ISR_Bouton_0.c **** /*******************************************************************************
 338:Generated_Source\PSoC5/ISR_Bouton_0.c **** * Function Name: ISR_Bouton_0_Disable
 339:Generated_Source\PSoC5/ISR_Bouton_0.c **** ********************************************************************************
 340:Generated_Source\PSoC5/ISR_Bouton_0.c **** *
 341:Generated_Source\PSoC5/ISR_Bouton_0.c **** * Summary:
 342:Generated_Source\PSoC5/ISR_Bouton_0.c **** *   Disables the Interrupt in the interrupt controller.
 343:Generated_Source\PSoC5/ISR_Bouton_0.c **** *
 344:Generated_Source\PSoC5/ISR_Bouton_0.c **** * Parameters:
 345:Generated_Source\PSoC5/ISR_Bouton_0.c **** *   None
 346:Generated_Source\PSoC5/ISR_Bouton_0.c **** *
 347:Generated_Source\PSoC5/ISR_Bouton_0.c **** * Return:
 348:Generated_Source\PSoC5/ISR_Bouton_0.c **** *   None
 349:Generated_Source\PSoC5/ISR_Bouton_0.c **** *
 350:Generated_Source\PSoC5/ISR_Bouton_0.c **** *******************************************************************************/
 351:Generated_Source\PSoC5/ISR_Bouton_0.c **** void ISR_Bouton_0_Disable(void)
 352:Generated_Source\PSoC5/ISR_Bouton_0.c **** {
 215              		.loc 1 352 0
 216              		.cfi_startproc
 217              		@ args = 0, pretend = 0, frame = 0
 218              		@ frame_needed = 0, uses_anonymous_args = 0
ARM GAS  C:\Users\etudiant\AppData\Local\Temp\ccW76VFX.s 			page 11


 219              		@ link register save eliminated.
 353:Generated_Source\PSoC5/ISR_Bouton_0.c ****     /* Disable the general interrupt. */
 354:Generated_Source\PSoC5/ISR_Bouton_0.c ****     *ISR_Bouton_0_INTC_CLR_EN = ISR_Bouton_0__INTC_MASK;
 220              		.loc 1 354 0
 221 0000 0122     		movs	r2, #1
 222 0002 014B     		ldr	r3, .L23
 223 0004 1A60     		str	r2, [r3]
 224 0006 7047     		bx	lr
 225              	.L24:
 226              		.align	2
 227              	.L23:
 228 0008 80E100E0 		.word	-536813184
 229              		.cfi_endproc
 230              	.LFE10:
 231              		.size	ISR_Bouton_0_Disable, .-ISR_Bouton_0_Disable
 232              		.section	.text.ISR_Bouton_0_Start,"ax",%progbits
 233              		.align	2
 234              		.global	ISR_Bouton_0_Start
 235              		.thumb
 236              		.thumb_func
 237              		.type	ISR_Bouton_0_Start, %function
 238              	ISR_Bouton_0_Start:
 239              	.LFB0:
  64:Generated_Source\PSoC5/ISR_Bouton_0.c ****     /* For all we know the interrupt is active. */
 240              		.loc 1 64 0
 241              		.cfi_startproc
 242              		@ args = 0, pretend = 0, frame = 0
 243              		@ frame_needed = 0, uses_anonymous_args = 0
 244 0000 08B5     		push	{r3, lr}
 245              		.cfi_def_cfa_offset 8
 246              		.cfi_offset 3, -8
 247              		.cfi_offset 14, -4
  66:Generated_Source\PSoC5/ISR_Bouton_0.c **** 
 248              		.loc 1 66 0
 249 0002 FFF7FEFF 		bl	ISR_Bouton_0_Disable
 250              	.LVL7:
  69:Generated_Source\PSoC5/ISR_Bouton_0.c **** 
 251              		.loc 1 69 0
 252 0006 0448     		ldr	r0, .L27
 253 0008 FFF7FEFF 		bl	ISR_Bouton_0_SetVector
 254              	.LVL8:
  72:Generated_Source\PSoC5/ISR_Bouton_0.c **** 
 255              		.loc 1 72 0
 256 000c 0020     		movs	r0, #0
 257 000e FFF7FEFF 		bl	ISR_Bouton_0_SetPriority
 258              	.LVL9:
  75:Generated_Source\PSoC5/ISR_Bouton_0.c **** }
 259              		.loc 1 75 0
 260 0012 FFF7FEFF 		bl	ISR_Bouton_0_Enable
 261              	.LVL10:
 262 0016 08BD     		pop	{r3, pc}
 263              	.L28:
 264              		.align	2
 265              	.L27:
 266 0018 00000000 		.word	ISR_Bouton_0_Interrupt
 267              		.cfi_endproc
 268              	.LFE0:
ARM GAS  C:\Users\etudiant\AppData\Local\Temp\ccW76VFX.s 			page 12


 269              		.size	ISR_Bouton_0_Start, .-ISR_Bouton_0_Start
 270              		.section	.text.ISR_Bouton_0_StartEx,"ax",%progbits
 271              		.align	2
 272              		.global	ISR_Bouton_0_StartEx
 273              		.thumb
 274              		.thumb_func
 275              		.type	ISR_Bouton_0_StartEx, %function
 276              	ISR_Bouton_0_StartEx:
 277              	.LFB1:
 107:Generated_Source\PSoC5/ISR_Bouton_0.c ****     /* For all we know the interrupt is active. */
 278              		.loc 1 107 0
 279              		.cfi_startproc
 280              		@ args = 0, pretend = 0, frame = 0
 281              		@ frame_needed = 0, uses_anonymous_args = 0
 282              	.LVL11:
 283 0000 10B5     		push	{r4, lr}
 284              		.cfi_def_cfa_offset 8
 285              		.cfi_offset 4, -8
 286              		.cfi_offset 14, -4
 287 0002 0446     		mov	r4, r0
 109:Generated_Source\PSoC5/ISR_Bouton_0.c **** 
 288              		.loc 1 109 0
 289 0004 FFF7FEFF 		bl	ISR_Bouton_0_Disable
 290              	.LVL12:
 112:Generated_Source\PSoC5/ISR_Bouton_0.c **** 
 291              		.loc 1 112 0
 292 0008 2046     		mov	r0, r4
 293 000a FFF7FEFF 		bl	ISR_Bouton_0_SetVector
 294              	.LVL13:
 115:Generated_Source\PSoC5/ISR_Bouton_0.c **** 
 295              		.loc 1 115 0
 296 000e 0020     		movs	r0, #0
 297 0010 FFF7FEFF 		bl	ISR_Bouton_0_SetPriority
 298              	.LVL14:
 118:Generated_Source\PSoC5/ISR_Bouton_0.c **** }
 299              		.loc 1 118 0
 300 0014 FFF7FEFF 		bl	ISR_Bouton_0_Enable
 301              	.LVL15:
 302 0018 10BD     		pop	{r4, pc}
 303              		.cfi_endproc
 304              	.LFE1:
 305              		.size	ISR_Bouton_0_StartEx, .-ISR_Bouton_0_StartEx
 306 001a 00BF     		.section	.text.ISR_Bouton_0_Stop,"ax",%progbits
 307              		.align	2
 308              		.global	ISR_Bouton_0_Stop
 309              		.thumb
 310              		.thumb_func
 311              		.type	ISR_Bouton_0_Stop, %function
 312              	ISR_Bouton_0_Stop:
 313              	.LFB2:
 137:Generated_Source\PSoC5/ISR_Bouton_0.c ****     /* Disable this interrupt. */
 314              		.loc 1 137 0
 315              		.cfi_startproc
 316              		@ args = 0, pretend = 0, frame = 0
 317              		@ frame_needed = 0, uses_anonymous_args = 0
 318 0000 08B5     		push	{r3, lr}
 319              		.cfi_def_cfa_offset 8
ARM GAS  C:\Users\etudiant\AppData\Local\Temp\ccW76VFX.s 			page 13


 320              		.cfi_offset 3, -8
 321              		.cfi_offset 14, -4
 139:Generated_Source\PSoC5/ISR_Bouton_0.c **** 
 322              		.loc 1 139 0
 323 0002 FFF7FEFF 		bl	ISR_Bouton_0_Disable
 324              	.LVL16:
 142:Generated_Source\PSoC5/ISR_Bouton_0.c **** }
 325              		.loc 1 142 0
 326 0006 0248     		ldr	r0, .L33
 327 0008 FFF7FEFF 		bl	ISR_Bouton_0_SetVector
 328              	.LVL17:
 329 000c 08BD     		pop	{r3, pc}
 330              	.L34:
 331 000e 00BF     		.align	2
 332              	.L33:
 333 0010 00000000 		.word	IntDefaultHandler
 334              		.cfi_endproc
 335              	.LFE2:
 336              		.size	ISR_Bouton_0_Stop, .-ISR_Bouton_0_Stop
 337              		.section	.text.ISR_Bouton_0_SetPending,"ax",%progbits
 338              		.align	2
 339              		.global	ISR_Bouton_0_SetPending
 340              		.thumb
 341              		.thumb_func
 342              		.type	ISR_Bouton_0_SetPending, %function
 343              	ISR_Bouton_0_SetPending:
 344              	.LFB11:
 355:Generated_Source\PSoC5/ISR_Bouton_0.c **** }
 356:Generated_Source\PSoC5/ISR_Bouton_0.c **** 
 357:Generated_Source\PSoC5/ISR_Bouton_0.c **** 
 358:Generated_Source\PSoC5/ISR_Bouton_0.c **** /*******************************************************************************
 359:Generated_Source\PSoC5/ISR_Bouton_0.c **** * Function Name: ISR_Bouton_0_SetPending
 360:Generated_Source\PSoC5/ISR_Bouton_0.c **** ********************************************************************************
 361:Generated_Source\PSoC5/ISR_Bouton_0.c **** *
 362:Generated_Source\PSoC5/ISR_Bouton_0.c **** * Summary:
 363:Generated_Source\PSoC5/ISR_Bouton_0.c **** *   Causes the Interrupt to enter the pending state, a software method of
 364:Generated_Source\PSoC5/ISR_Bouton_0.c **** *   generating the interrupt.
 365:Generated_Source\PSoC5/ISR_Bouton_0.c **** *
 366:Generated_Source\PSoC5/ISR_Bouton_0.c **** * Parameters:
 367:Generated_Source\PSoC5/ISR_Bouton_0.c **** *   None
 368:Generated_Source\PSoC5/ISR_Bouton_0.c **** *
 369:Generated_Source\PSoC5/ISR_Bouton_0.c **** * Return:
 370:Generated_Source\PSoC5/ISR_Bouton_0.c **** *   None
 371:Generated_Source\PSoC5/ISR_Bouton_0.c **** *
 372:Generated_Source\PSoC5/ISR_Bouton_0.c **** * Side Effects:
 373:Generated_Source\PSoC5/ISR_Bouton_0.c **** *   If interrupts are enabled and the interrupt is set up properly, the ISR is
 374:Generated_Source\PSoC5/ISR_Bouton_0.c **** *   entered (depending on the priority of this interrupt and other pending 
 375:Generated_Source\PSoC5/ISR_Bouton_0.c **** *   interrupts).
 376:Generated_Source\PSoC5/ISR_Bouton_0.c **** *
 377:Generated_Source\PSoC5/ISR_Bouton_0.c **** *******************************************************************************/
 378:Generated_Source\PSoC5/ISR_Bouton_0.c **** void ISR_Bouton_0_SetPending(void)
 379:Generated_Source\PSoC5/ISR_Bouton_0.c **** {
 345              		.loc 1 379 0
 346              		.cfi_startproc
 347              		@ args = 0, pretend = 0, frame = 0
 348              		@ frame_needed = 0, uses_anonymous_args = 0
 349              		@ link register save eliminated.
ARM GAS  C:\Users\etudiant\AppData\Local\Temp\ccW76VFX.s 			page 14


 380:Generated_Source\PSoC5/ISR_Bouton_0.c ****     *ISR_Bouton_0_INTC_SET_PD = ISR_Bouton_0__INTC_MASK;
 350              		.loc 1 380 0
 351 0000 0122     		movs	r2, #1
 352 0002 014B     		ldr	r3, .L36
 353 0004 1A60     		str	r2, [r3]
 354 0006 7047     		bx	lr
 355              	.L37:
 356              		.align	2
 357              	.L36:
 358 0008 00E200E0 		.word	-536813056
 359              		.cfi_endproc
 360              	.LFE11:
 361              		.size	ISR_Bouton_0_SetPending, .-ISR_Bouton_0_SetPending
 362              		.section	.text.ISR_Bouton_0_ClearPending,"ax",%progbits
 363              		.align	2
 364              		.global	ISR_Bouton_0_ClearPending
 365              		.thumb
 366              		.thumb_func
 367              		.type	ISR_Bouton_0_ClearPending, %function
 368              	ISR_Bouton_0_ClearPending:
 369              	.LFB12:
 381:Generated_Source\PSoC5/ISR_Bouton_0.c **** }
 382:Generated_Source\PSoC5/ISR_Bouton_0.c **** 
 383:Generated_Source\PSoC5/ISR_Bouton_0.c **** 
 384:Generated_Source\PSoC5/ISR_Bouton_0.c **** /*******************************************************************************
 385:Generated_Source\PSoC5/ISR_Bouton_0.c **** * Function Name: ISR_Bouton_0_ClearPending
 386:Generated_Source\PSoC5/ISR_Bouton_0.c **** ********************************************************************************
 387:Generated_Source\PSoC5/ISR_Bouton_0.c **** *
 388:Generated_Source\PSoC5/ISR_Bouton_0.c **** * Summary:
 389:Generated_Source\PSoC5/ISR_Bouton_0.c **** *   Clears a pending interrupt in the interrupt controller.
 390:Generated_Source\PSoC5/ISR_Bouton_0.c **** *
 391:Generated_Source\PSoC5/ISR_Bouton_0.c **** *   Note Some interrupt sources are clear-on-read and require the block 
 392:Generated_Source\PSoC5/ISR_Bouton_0.c **** *   interrupt/status register to be read/cleared with the appropriate block API 
 393:Generated_Source\PSoC5/ISR_Bouton_0.c **** *   (GPIO, UART, and so on). Otherwise the ISR will continue to remain in 
 394:Generated_Source\PSoC5/ISR_Bouton_0.c **** *   pending state even though the interrupt itself is cleared using this API.
 395:Generated_Source\PSoC5/ISR_Bouton_0.c **** *
 396:Generated_Source\PSoC5/ISR_Bouton_0.c **** * Parameters:
 397:Generated_Source\PSoC5/ISR_Bouton_0.c **** *   None
 398:Generated_Source\PSoC5/ISR_Bouton_0.c **** *
 399:Generated_Source\PSoC5/ISR_Bouton_0.c **** * Return:
 400:Generated_Source\PSoC5/ISR_Bouton_0.c **** *   None
 401:Generated_Source\PSoC5/ISR_Bouton_0.c **** *
 402:Generated_Source\PSoC5/ISR_Bouton_0.c **** *******************************************************************************/
 403:Generated_Source\PSoC5/ISR_Bouton_0.c **** void ISR_Bouton_0_ClearPending(void)
 404:Generated_Source\PSoC5/ISR_Bouton_0.c **** {
 370              		.loc 1 404 0
 371              		.cfi_startproc
 372              		@ args = 0, pretend = 0, frame = 0
 373              		@ frame_needed = 0, uses_anonymous_args = 0
 374              		@ link register save eliminated.
 405:Generated_Source\PSoC5/ISR_Bouton_0.c ****     *ISR_Bouton_0_INTC_CLR_PD = ISR_Bouton_0__INTC_MASK;
 375              		.loc 1 405 0
 376 0000 0122     		movs	r2, #1
 377 0002 014B     		ldr	r3, .L39
 378 0004 1A60     		str	r2, [r3]
 379 0006 7047     		bx	lr
 380              	.L40:
ARM GAS  C:\Users\etudiant\AppData\Local\Temp\ccW76VFX.s 			page 15


 381              		.align	2
 382              	.L39:
 383 0008 80E200E0 		.word	-536812928
 384              		.cfi_endproc
 385              	.LFE12:
 386              		.size	ISR_Bouton_0_ClearPending, .-ISR_Bouton_0_ClearPending
 387              		.text
 388              	.Letext0:
 389              		.file 2 "Generated_Source\\PSoC5/cytypes.h"
 390              		.section	.debug_info,"",%progbits
 391              	.Ldebug_info0:
 392 0000 D9020000 		.4byte	0x2d9
 393 0004 0400     		.2byte	0x4
 394 0006 00000000 		.4byte	.Ldebug_abbrev0
 395 000a 04       		.byte	0x4
 396 000b 01       		.uleb128 0x1
 397 000c 06000000 		.4byte	.LASF34
 398 0010 0C       		.byte	0xc
 399 0011 DE000000 		.4byte	.LASF35
 400 0015 A7000000 		.4byte	.LASF36
 401 0019 00000000 		.4byte	.Ldebug_ranges0+0
 402 001d 00000000 		.4byte	0
 403 0021 00000000 		.4byte	.Ldebug_line0
 404 0025 02       		.uleb128 0x2
 405 0026 04       		.byte	0x4
 406 0027 05       		.byte	0x5
 407 0028 696E7400 		.ascii	"int\000"
 408 002c 03       		.uleb128 0x3
 409 002d 04       		.byte	0x4
 410 002e 07       		.byte	0x7
 411 002f EF010000 		.4byte	.LASF0
 412 0033 03       		.uleb128 0x3
 413 0034 08       		.byte	0x8
 414 0035 05       		.byte	0x5
 415 0036 61020000 		.4byte	.LASF1
 416 003a 03       		.uleb128 0x3
 417 003b 08       		.byte	0x8
 418 003c 04       		.byte	0x4
 419 003d AE020000 		.4byte	.LASF2
 420 0041 03       		.uleb128 0x3
 421 0042 01       		.byte	0x1
 422 0043 06       		.byte	0x6
 423 0044 CF020000 		.4byte	.LASF3
 424 0048 03       		.uleb128 0x3
 425 0049 01       		.byte	0x1
 426 004a 08       		.byte	0x8
 427 004b 4B010000 		.4byte	.LASF4
 428 004f 03       		.uleb128 0x3
 429 0050 02       		.byte	0x2
 430 0051 05       		.byte	0x5
 431 0052 83020000 		.4byte	.LASF5
 432 0056 03       		.uleb128 0x3
 433 0057 02       		.byte	0x2
 434 0058 07       		.byte	0x7
 435 0059 94000000 		.4byte	.LASF6
 436 005d 03       		.uleb128 0x3
 437 005e 04       		.byte	0x4
ARM GAS  C:\Users\etudiant\AppData\Local\Temp\ccW76VFX.s 			page 16


 438 005f 05       		.byte	0x5
 439 0060 A5020000 		.4byte	.LASF7
 440 0064 03       		.uleb128 0x3
 441 0065 04       		.byte	0x4
 442 0066 07       		.byte	0x7
 443 0067 89010000 		.4byte	.LASF8
 444 006b 03       		.uleb128 0x3
 445 006c 08       		.byte	0x8
 446 006d 07       		.byte	0x7
 447 006e 04020000 		.4byte	.LASF9
 448 0072 03       		.uleb128 0x3
 449 0073 04       		.byte	0x4
 450 0074 07       		.byte	0x7
 451 0075 58020000 		.4byte	.LASF10
 452 0079 03       		.uleb128 0x3
 453 007a 01       		.byte	0x1
 454 007b 08       		.byte	0x8
 455 007c 6F020000 		.4byte	.LASF11
 456 0080 04       		.uleb128 0x4
 457 0081 04       		.byte	0x4
 458 0082 86000000 		.4byte	0x86
 459 0086 05       		.uleb128 0x5
 460 0087 06       		.uleb128 0x6
 461 0088 9B010000 		.4byte	.LASF12
 462 008c 02       		.byte	0x2
 463 008d E401     		.2byte	0x1e4
 464 008f 48000000 		.4byte	0x48
 465 0093 06       		.uleb128 0x6
 466 0094 E8010000 		.4byte	.LASF13
 467 0098 02       		.byte	0x2
 468 0099 E601     		.2byte	0x1e6
 469 009b 64000000 		.4byte	0x64
 470 009f 03       		.uleb128 0x3
 471 00a0 04       		.byte	0x4
 472 00a1 04       		.byte	0x4
 473 00a2 45010000 		.4byte	.LASF14
 474 00a6 03       		.uleb128 0x3
 475 00a7 08       		.byte	0x8
 476 00a8 04       		.byte	0x4
 477 00a9 AA010000 		.4byte	.LASF15
 478 00ad 06       		.uleb128 0x6
 479 00ae 6D010000 		.4byte	.LASF16
 480 00b2 02       		.byte	0x2
 481 00b3 8E02     		.2byte	0x28e
 482 00b5 B9000000 		.4byte	0xb9
 483 00b9 07       		.uleb128 0x7
 484 00ba 87000000 		.4byte	0x87
 485 00be 06       		.uleb128 0x6
 486 00bf 00000000 		.4byte	.LASF17
 487 00c3 02       		.byte	0x2
 488 00c4 9002     		.2byte	0x290
 489 00c6 CA000000 		.4byte	0xca
 490 00ca 07       		.uleb128 0x7
 491 00cb 93000000 		.4byte	0x93
 492 00cf 06       		.uleb128 0x6
 493 00d0 31020000 		.4byte	.LASF18
 494 00d4 02       		.byte	0x2
ARM GAS  C:\Users\etudiant\AppData\Local\Temp\ccW76VFX.s 			page 17


 495 00d5 A002     		.2byte	0x2a0
 496 00d7 80000000 		.4byte	0x80
 497 00db 08       		.uleb128 0x8
 498 00dc BF010000 		.4byte	.LASF26
 499 00e0 01       		.byte	0x1
 500 00e1 A2       		.byte	0xa2
 501 00e2 00000000 		.4byte	.LFB3
 502 00e6 0C000000 		.4byte	.LFE3-.LFB3
 503 00ea 01       		.uleb128 0x1
 504 00eb 9C       		.byte	0x9c
 505 00ec 09       		.uleb128 0x9
 506 00ed F4020000 		.4byte	.LASF20
 507 00f1 01       		.byte	0x1
 508 00f2 CA       		.byte	0xca
 509 00f3 00000000 		.4byte	.LFB4
 510 00f7 0C000000 		.4byte	.LFE4-.LFB4
 511 00fb 01       		.uleb128 0x1
 512 00fc 9C       		.byte	0x9c
 513 00fd 1C010000 		.4byte	0x11c
 514 0101 0A       		.uleb128 0xa
 515 0102 FC010000 		.4byte	.LASF22
 516 0106 01       		.byte	0x1
 517 0107 CA       		.byte	0xca
 518 0108 CF000000 		.4byte	0xcf
 519 010c 01       		.uleb128 0x1
 520 010d 50       		.byte	0x50
 521 010e 0B       		.uleb128 0xb
 522 010f 74020000 		.4byte	.LASF19
 523 0113 01       		.byte	0x1
 524 0114 CC       		.byte	0xcc
 525 0115 1C010000 		.4byte	0x11c
 526 0119 01       		.uleb128 0x1
 527 011a 53       		.byte	0x53
 528 011b 00       		.byte	0
 529 011c 04       		.uleb128 0x4
 530 011d 04       		.byte	0x4
 531 011e CF000000 		.4byte	0xcf
 532 0122 0C       		.uleb128 0xc
 533 0123 72010000 		.4byte	.LASF24
 534 0127 01       		.byte	0x1
 535 0128 E2       		.byte	0xe2
 536 0129 CF000000 		.4byte	0xcf
 537 012d 00000000 		.4byte	.LFB5
 538 0131 0C000000 		.4byte	.LFE5-.LFB5
 539 0135 01       		.uleb128 0x1
 540 0136 9C       		.byte	0x9c
 541 0137 49010000 		.4byte	0x149
 542 013b 0B       		.uleb128 0xb
 543 013c 74020000 		.4byte	.LASF19
 544 0140 01       		.byte	0x1
 545 0141 E4       		.byte	0xe4
 546 0142 1C010000 		.4byte	0x11c
 547 0146 01       		.uleb128 0x1
 548 0147 53       		.byte	0x53
 549 0148 00       		.byte	0
 550 0149 0D       		.uleb128 0xd
 551 014a 04010000 		.4byte	.LASF21
ARM GAS  C:\Users\etudiant\AppData\Local\Temp\ccW76VFX.s 			page 18


 552 014e 01       		.byte	0x1
 553 014f 0401     		.2byte	0x104
 554 0151 00000000 		.4byte	.LFB6
 555 0155 10000000 		.4byte	.LFE6-.LFB6
 556 0159 01       		.uleb128 0x1
 557 015a 9C       		.byte	0x9c
 558 015b 70010000 		.4byte	0x170
 559 015f 0E       		.uleb128 0xe
 560 0160 A1010000 		.4byte	.LASF23
 561 0164 01       		.byte	0x1
 562 0165 0401     		.2byte	0x104
 563 0167 87000000 		.4byte	0x87
 564 016b 00000000 		.4byte	.LLST0
 565 016f 00       		.byte	0
 566 0170 0F       		.uleb128 0xf
 567 0171 DB020000 		.4byte	.LASF25
 568 0175 01       		.byte	0x1
 569 0176 1A01     		.2byte	0x11a
 570 0178 87000000 		.4byte	0x87
 571 017c 00000000 		.4byte	.LFB7
 572 0180 0C000000 		.4byte	.LFE7-.LFB7
 573 0184 01       		.uleb128 0x1
 574 0185 9C       		.byte	0x9c
 575 0186 9B010000 		.4byte	0x19b
 576 018a 10       		.uleb128 0x10
 577 018b A1010000 		.4byte	.LASF23
 578 018f 01       		.byte	0x1
 579 0190 1C01     		.2byte	0x11c
 580 0192 87000000 		.4byte	0x87
 581 0196 21000000 		.4byte	.LLST1
 582 019a 00       		.byte	0
 583 019b 11       		.uleb128 0x11
 584 019c 59010000 		.4byte	.LASF27
 585 01a0 01       		.byte	0x1
 586 01a1 3501     		.2byte	0x135
 587 01a3 00000000 		.4byte	.LFB8
 588 01a7 0C000000 		.4byte	.LFE8-.LFB8
 589 01ab 01       		.uleb128 0x1
 590 01ac 9C       		.byte	0x9c
 591 01ad 12       		.uleb128 0x12
 592 01ae 1B020000 		.4byte	.LASF37
 593 01b2 01       		.byte	0x1
 594 01b3 4A01     		.2byte	0x14a
 595 01b5 87000000 		.4byte	0x87
 596 01b9 00000000 		.4byte	.LFB9
 597 01bd 10000000 		.4byte	.LFE9-.LFB9
 598 01c1 01       		.uleb128 0x1
 599 01c2 9C       		.byte	0x9c
 600 01c3 11       		.uleb128 0x11
 601 01c4 BA020000 		.4byte	.LASF28
 602 01c8 01       		.byte	0x1
 603 01c9 5F01     		.2byte	0x15f
 604 01cb 00000000 		.4byte	.LFB10
 605 01cf 0C000000 		.4byte	.LFE10-.LFB10
 606 01d3 01       		.uleb128 0x1
 607 01d4 9C       		.byte	0x9c
 608 01d5 09       		.uleb128 0x9
ARM GAS  C:\Users\etudiant\AppData\Local\Temp\ccW76VFX.s 			page 19


 609 01d6 1D010000 		.4byte	.LASF29
 610 01da 01       		.byte	0x1
 611 01db 3F       		.byte	0x3f
 612 01dc 00000000 		.4byte	.LFB0
 613 01e0 1C000000 		.4byte	.LFE0-.LFB0
 614 01e4 01       		.uleb128 0x1
 615 01e5 9C       		.byte	0x9c
 616 01e6 27020000 		.4byte	0x227
 617 01ea 13       		.uleb128 0x13
 618 01eb 06000000 		.4byte	.LVL7
 619 01ef C3010000 		.4byte	0x1c3
 620 01f3 14       		.uleb128 0x14
 621 01f4 0C000000 		.4byte	.LVL8
 622 01f8 EC000000 		.4byte	0xec
 623 01fc 0A020000 		.4byte	0x20a
 624 0200 15       		.uleb128 0x15
 625 0201 01       		.uleb128 0x1
 626 0202 50       		.byte	0x50
 627 0203 05       		.uleb128 0x5
 628 0204 03       		.byte	0x3
 629 0205 00000000 		.4byte	ISR_Bouton_0_Interrupt
 630 0209 00       		.byte	0
 631 020a 14       		.uleb128 0x14
 632 020b 12000000 		.4byte	.LVL9
 633 020f 49010000 		.4byte	0x149
 634 0213 1D020000 		.4byte	0x21d
 635 0217 15       		.uleb128 0x15
 636 0218 01       		.uleb128 0x1
 637 0219 50       		.byte	0x50
 638 021a 01       		.uleb128 0x1
 639 021b 30       		.byte	0x30
 640 021c 00       		.byte	0
 641 021d 13       		.uleb128 0x13
 642 021e 16000000 		.4byte	.LVL10
 643 0222 9B010000 		.4byte	0x19b
 644 0226 00       		.byte	0
 645 0227 09       		.uleb128 0x9
 646 0228 30010000 		.4byte	.LASF30
 647 022c 01       		.byte	0x1
 648 022d 6A       		.byte	0x6a
 649 022e 00000000 		.4byte	.LFB1
 650 0232 1A000000 		.4byte	.LFE1-.LFB1
 651 0236 01       		.uleb128 0x1
 652 0237 9C       		.byte	0x9c
 653 0238 85020000 		.4byte	0x285
 654 023c 16       		.uleb128 0x16
 655 023d FC010000 		.4byte	.LASF22
 656 0241 01       		.byte	0x1
 657 0242 6A       		.byte	0x6a
 658 0243 CF000000 		.4byte	0xcf
 659 0247 38000000 		.4byte	.LLST2
 660 024b 13       		.uleb128 0x13
 661 024c 08000000 		.4byte	.LVL12
 662 0250 C3010000 		.4byte	0x1c3
 663 0254 14       		.uleb128 0x14
 664 0255 0E000000 		.4byte	.LVL13
 665 0259 EC000000 		.4byte	0xec
ARM GAS  C:\Users\etudiant\AppData\Local\Temp\ccW76VFX.s 			page 20


 666 025d 68020000 		.4byte	0x268
 667 0261 15       		.uleb128 0x15
 668 0262 01       		.uleb128 0x1
 669 0263 50       		.byte	0x50
 670 0264 02       		.uleb128 0x2
 671 0265 74       		.byte	0x74
 672 0266 00       		.sleb128 0
 673 0267 00       		.byte	0
 674 0268 14       		.uleb128 0x14
 675 0269 14000000 		.4byte	.LVL14
 676 026d 49010000 		.4byte	0x149
 677 0271 7B020000 		.4byte	0x27b
 678 0275 15       		.uleb128 0x15
 679 0276 01       		.uleb128 0x1
 680 0277 50       		.byte	0x50
 681 0278 01       		.uleb128 0x1
 682 0279 30       		.byte	0x30
 683 027a 00       		.byte	0
 684 027b 13       		.uleb128 0x13
 685 027c 18000000 		.4byte	.LVL15
 686 0280 9B010000 		.4byte	0x19b
 687 0284 00       		.byte	0
 688 0285 09       		.uleb128 0x9
 689 0286 D6010000 		.4byte	.LASF31
 690 028a 01       		.byte	0x1
 691 028b 88       		.byte	0x88
 692 028c 00000000 		.4byte	.LFB2
 693 0290 14000000 		.4byte	.LFE2-.LFB2
 694 0294 01       		.uleb128 0x1
 695 0295 9C       		.byte	0x9c
 696 0296 AD020000 		.4byte	0x2ad
 697 029a 13       		.uleb128 0x13
 698 029b 06000000 		.4byte	.LVL16
 699 029f C3010000 		.4byte	0x1c3
 700 02a3 13       		.uleb128 0x13
 701 02a4 0C000000 		.4byte	.LVL17
 702 02a8 EC000000 		.4byte	0xec
 703 02ac 00       		.byte	0
 704 02ad 11       		.uleb128 0x11
 705 02ae 8D020000 		.4byte	.LASF32
 706 02b2 01       		.byte	0x1
 707 02b3 7A01     		.2byte	0x17a
 708 02b5 00000000 		.4byte	.LFB11
 709 02b9 0C000000 		.4byte	.LFE11-.LFB11
 710 02bd 01       		.uleb128 0x1
 711 02be 9C       		.byte	0x9c
 712 02bf 11       		.uleb128 0x11
 713 02c0 3E020000 		.4byte	.LASF33
 714 02c4 01       		.byte	0x1
 715 02c5 9301     		.2byte	0x193
 716 02c7 00000000 		.4byte	.LFB12
 717 02cb 0C000000 		.4byte	.LFE12-.LFB12
 718 02cf 01       		.uleb128 0x1
 719 02d0 9C       		.byte	0x9c
 720 02d1 17       		.uleb128 0x17
 721 02d2 B1010000 		.4byte	.LASF38
 722 02d6 01       		.byte	0x1
ARM GAS  C:\Users\etudiant\AppData\Local\Temp\ccW76VFX.s 			page 21


 723 02d7 1F       		.byte	0x1f
 724 02d8 87000000 		.4byte	0x87
 725 02dc 00       		.byte	0
 726              		.section	.debug_abbrev,"",%progbits
 727              	.Ldebug_abbrev0:
 728 0000 01       		.uleb128 0x1
 729 0001 11       		.uleb128 0x11
 730 0002 01       		.byte	0x1
 731 0003 25       		.uleb128 0x25
 732 0004 0E       		.uleb128 0xe
 733 0005 13       		.uleb128 0x13
 734 0006 0B       		.uleb128 0xb
 735 0007 03       		.uleb128 0x3
 736 0008 0E       		.uleb128 0xe
 737 0009 1B       		.uleb128 0x1b
 738 000a 0E       		.uleb128 0xe
 739 000b 55       		.uleb128 0x55
 740 000c 17       		.uleb128 0x17
 741 000d 11       		.uleb128 0x11
 742 000e 01       		.uleb128 0x1
 743 000f 10       		.uleb128 0x10
 744 0010 17       		.uleb128 0x17
 745 0011 00       		.byte	0
 746 0012 00       		.byte	0
 747 0013 02       		.uleb128 0x2
 748 0014 24       		.uleb128 0x24
 749 0015 00       		.byte	0
 750 0016 0B       		.uleb128 0xb
 751 0017 0B       		.uleb128 0xb
 752 0018 3E       		.uleb128 0x3e
 753 0019 0B       		.uleb128 0xb
 754 001a 03       		.uleb128 0x3
 755 001b 08       		.uleb128 0x8
 756 001c 00       		.byte	0
 757 001d 00       		.byte	0
 758 001e 03       		.uleb128 0x3
 759 001f 24       		.uleb128 0x24
 760 0020 00       		.byte	0
 761 0021 0B       		.uleb128 0xb
 762 0022 0B       		.uleb128 0xb
 763 0023 3E       		.uleb128 0x3e
 764 0024 0B       		.uleb128 0xb
 765 0025 03       		.uleb128 0x3
 766 0026 0E       		.uleb128 0xe
 767 0027 00       		.byte	0
 768 0028 00       		.byte	0
 769 0029 04       		.uleb128 0x4
 770 002a 0F       		.uleb128 0xf
 771 002b 00       		.byte	0
 772 002c 0B       		.uleb128 0xb
 773 002d 0B       		.uleb128 0xb
 774 002e 49       		.uleb128 0x49
 775 002f 13       		.uleb128 0x13
 776 0030 00       		.byte	0
 777 0031 00       		.byte	0
 778 0032 05       		.uleb128 0x5
 779 0033 15       		.uleb128 0x15
ARM GAS  C:\Users\etudiant\AppData\Local\Temp\ccW76VFX.s 			page 22


 780 0034 00       		.byte	0
 781 0035 27       		.uleb128 0x27
 782 0036 19       		.uleb128 0x19
 783 0037 00       		.byte	0
 784 0038 00       		.byte	0
 785 0039 06       		.uleb128 0x6
 786 003a 16       		.uleb128 0x16
 787 003b 00       		.byte	0
 788 003c 03       		.uleb128 0x3
 789 003d 0E       		.uleb128 0xe
 790 003e 3A       		.uleb128 0x3a
 791 003f 0B       		.uleb128 0xb
 792 0040 3B       		.uleb128 0x3b
 793 0041 05       		.uleb128 0x5
 794 0042 49       		.uleb128 0x49
 795 0043 13       		.uleb128 0x13
 796 0044 00       		.byte	0
 797 0045 00       		.byte	0
 798 0046 07       		.uleb128 0x7
 799 0047 35       		.uleb128 0x35
 800 0048 00       		.byte	0
 801 0049 49       		.uleb128 0x49
 802 004a 13       		.uleb128 0x13
 803 004b 00       		.byte	0
 804 004c 00       		.byte	0
 805 004d 08       		.uleb128 0x8
 806 004e 2E       		.uleb128 0x2e
 807 004f 00       		.byte	0
 808 0050 3F       		.uleb128 0x3f
 809 0051 19       		.uleb128 0x19
 810 0052 03       		.uleb128 0x3
 811 0053 0E       		.uleb128 0xe
 812 0054 3A       		.uleb128 0x3a
 813 0055 0B       		.uleb128 0xb
 814 0056 3B       		.uleb128 0x3b
 815 0057 0B       		.uleb128 0xb
 816 0058 27       		.uleb128 0x27
 817 0059 19       		.uleb128 0x19
 818 005a 11       		.uleb128 0x11
 819 005b 01       		.uleb128 0x1
 820 005c 12       		.uleb128 0x12
 821 005d 06       		.uleb128 0x6
 822 005e 40       		.uleb128 0x40
 823 005f 18       		.uleb128 0x18
 824 0060 9742     		.uleb128 0x2117
 825 0062 19       		.uleb128 0x19
 826 0063 00       		.byte	0
 827 0064 00       		.byte	0
 828 0065 09       		.uleb128 0x9
 829 0066 2E       		.uleb128 0x2e
 830 0067 01       		.byte	0x1
 831 0068 3F       		.uleb128 0x3f
 832 0069 19       		.uleb128 0x19
 833 006a 03       		.uleb128 0x3
 834 006b 0E       		.uleb128 0xe
 835 006c 3A       		.uleb128 0x3a
 836 006d 0B       		.uleb128 0xb
ARM GAS  C:\Users\etudiant\AppData\Local\Temp\ccW76VFX.s 			page 23


 837 006e 3B       		.uleb128 0x3b
 838 006f 0B       		.uleb128 0xb
 839 0070 27       		.uleb128 0x27
 840 0071 19       		.uleb128 0x19
 841 0072 11       		.uleb128 0x11
 842 0073 01       		.uleb128 0x1
 843 0074 12       		.uleb128 0x12
 844 0075 06       		.uleb128 0x6
 845 0076 40       		.uleb128 0x40
 846 0077 18       		.uleb128 0x18
 847 0078 9742     		.uleb128 0x2117
 848 007a 19       		.uleb128 0x19
 849 007b 01       		.uleb128 0x1
 850 007c 13       		.uleb128 0x13
 851 007d 00       		.byte	0
 852 007e 00       		.byte	0
 853 007f 0A       		.uleb128 0xa
 854 0080 05       		.uleb128 0x5
 855 0081 00       		.byte	0
 856 0082 03       		.uleb128 0x3
 857 0083 0E       		.uleb128 0xe
 858 0084 3A       		.uleb128 0x3a
 859 0085 0B       		.uleb128 0xb
 860 0086 3B       		.uleb128 0x3b
 861 0087 0B       		.uleb128 0xb
 862 0088 49       		.uleb128 0x49
 863 0089 13       		.uleb128 0x13
 864 008a 02       		.uleb128 0x2
 865 008b 18       		.uleb128 0x18
 866 008c 00       		.byte	0
 867 008d 00       		.byte	0
 868 008e 0B       		.uleb128 0xb
 869 008f 34       		.uleb128 0x34
 870 0090 00       		.byte	0
 871 0091 03       		.uleb128 0x3
 872 0092 0E       		.uleb128 0xe
 873 0093 3A       		.uleb128 0x3a
 874 0094 0B       		.uleb128 0xb
 875 0095 3B       		.uleb128 0x3b
 876 0096 0B       		.uleb128 0xb
 877 0097 49       		.uleb128 0x49
 878 0098 13       		.uleb128 0x13
 879 0099 02       		.uleb128 0x2
 880 009a 18       		.uleb128 0x18
 881 009b 00       		.byte	0
 882 009c 00       		.byte	0
 883 009d 0C       		.uleb128 0xc
 884 009e 2E       		.uleb128 0x2e
 885 009f 01       		.byte	0x1
 886 00a0 3F       		.uleb128 0x3f
 887 00a1 19       		.uleb128 0x19
 888 00a2 03       		.uleb128 0x3
 889 00a3 0E       		.uleb128 0xe
 890 00a4 3A       		.uleb128 0x3a
 891 00a5 0B       		.uleb128 0xb
 892 00a6 3B       		.uleb128 0x3b
 893 00a7 0B       		.uleb128 0xb
ARM GAS  C:\Users\etudiant\AppData\Local\Temp\ccW76VFX.s 			page 24


 894 00a8 27       		.uleb128 0x27
 895 00a9 19       		.uleb128 0x19
 896 00aa 49       		.uleb128 0x49
 897 00ab 13       		.uleb128 0x13
 898 00ac 11       		.uleb128 0x11
 899 00ad 01       		.uleb128 0x1
 900 00ae 12       		.uleb128 0x12
 901 00af 06       		.uleb128 0x6
 902 00b0 40       		.uleb128 0x40
 903 00b1 18       		.uleb128 0x18
 904 00b2 9742     		.uleb128 0x2117
 905 00b4 19       		.uleb128 0x19
 906 00b5 01       		.uleb128 0x1
 907 00b6 13       		.uleb128 0x13
 908 00b7 00       		.byte	0
 909 00b8 00       		.byte	0
 910 00b9 0D       		.uleb128 0xd
 911 00ba 2E       		.uleb128 0x2e
 912 00bb 01       		.byte	0x1
 913 00bc 3F       		.uleb128 0x3f
 914 00bd 19       		.uleb128 0x19
 915 00be 03       		.uleb128 0x3
 916 00bf 0E       		.uleb128 0xe
 917 00c0 3A       		.uleb128 0x3a
 918 00c1 0B       		.uleb128 0xb
 919 00c2 3B       		.uleb128 0x3b
 920 00c3 05       		.uleb128 0x5
 921 00c4 27       		.uleb128 0x27
 922 00c5 19       		.uleb128 0x19
 923 00c6 11       		.uleb128 0x11
 924 00c7 01       		.uleb128 0x1
 925 00c8 12       		.uleb128 0x12
 926 00c9 06       		.uleb128 0x6
 927 00ca 40       		.uleb128 0x40
 928 00cb 18       		.uleb128 0x18
 929 00cc 9742     		.uleb128 0x2117
 930 00ce 19       		.uleb128 0x19
 931 00cf 01       		.uleb128 0x1
 932 00d0 13       		.uleb128 0x13
 933 00d1 00       		.byte	0
 934 00d2 00       		.byte	0
 935 00d3 0E       		.uleb128 0xe
 936 00d4 05       		.uleb128 0x5
 937 00d5 00       		.byte	0
 938 00d6 03       		.uleb128 0x3
 939 00d7 0E       		.uleb128 0xe
 940 00d8 3A       		.uleb128 0x3a
 941 00d9 0B       		.uleb128 0xb
 942 00da 3B       		.uleb128 0x3b
 943 00db 05       		.uleb128 0x5
 944 00dc 49       		.uleb128 0x49
 945 00dd 13       		.uleb128 0x13
 946 00de 02       		.uleb128 0x2
 947 00df 17       		.uleb128 0x17
 948 00e0 00       		.byte	0
 949 00e1 00       		.byte	0
 950 00e2 0F       		.uleb128 0xf
ARM GAS  C:\Users\etudiant\AppData\Local\Temp\ccW76VFX.s 			page 25


 951 00e3 2E       		.uleb128 0x2e
 952 00e4 01       		.byte	0x1
 953 00e5 3F       		.uleb128 0x3f
 954 00e6 19       		.uleb128 0x19
 955 00e7 03       		.uleb128 0x3
 956 00e8 0E       		.uleb128 0xe
 957 00e9 3A       		.uleb128 0x3a
 958 00ea 0B       		.uleb128 0xb
 959 00eb 3B       		.uleb128 0x3b
 960 00ec 05       		.uleb128 0x5
 961 00ed 27       		.uleb128 0x27
 962 00ee 19       		.uleb128 0x19
 963 00ef 49       		.uleb128 0x49
 964 00f0 13       		.uleb128 0x13
 965 00f1 11       		.uleb128 0x11
 966 00f2 01       		.uleb128 0x1
 967 00f3 12       		.uleb128 0x12
 968 00f4 06       		.uleb128 0x6
 969 00f5 40       		.uleb128 0x40
 970 00f6 18       		.uleb128 0x18
 971 00f7 9742     		.uleb128 0x2117
 972 00f9 19       		.uleb128 0x19
 973 00fa 01       		.uleb128 0x1
 974 00fb 13       		.uleb128 0x13
 975 00fc 00       		.byte	0
 976 00fd 00       		.byte	0
 977 00fe 10       		.uleb128 0x10
 978 00ff 34       		.uleb128 0x34
 979 0100 00       		.byte	0
 980 0101 03       		.uleb128 0x3
 981 0102 0E       		.uleb128 0xe
 982 0103 3A       		.uleb128 0x3a
 983 0104 0B       		.uleb128 0xb
 984 0105 3B       		.uleb128 0x3b
 985 0106 05       		.uleb128 0x5
 986 0107 49       		.uleb128 0x49
 987 0108 13       		.uleb128 0x13
 988 0109 02       		.uleb128 0x2
 989 010a 17       		.uleb128 0x17
 990 010b 00       		.byte	0
 991 010c 00       		.byte	0
 992 010d 11       		.uleb128 0x11
 993 010e 2E       		.uleb128 0x2e
 994 010f 00       		.byte	0
 995 0110 3F       		.uleb128 0x3f
 996 0111 19       		.uleb128 0x19
 997 0112 03       		.uleb128 0x3
 998 0113 0E       		.uleb128 0xe
 999 0114 3A       		.uleb128 0x3a
 1000 0115 0B       		.uleb128 0xb
 1001 0116 3B       		.uleb128 0x3b
 1002 0117 05       		.uleb128 0x5
 1003 0118 27       		.uleb128 0x27
 1004 0119 19       		.uleb128 0x19
 1005 011a 11       		.uleb128 0x11
 1006 011b 01       		.uleb128 0x1
 1007 011c 12       		.uleb128 0x12
ARM GAS  C:\Users\etudiant\AppData\Local\Temp\ccW76VFX.s 			page 26


 1008 011d 06       		.uleb128 0x6
 1009 011e 40       		.uleb128 0x40
 1010 011f 18       		.uleb128 0x18
 1011 0120 9742     		.uleb128 0x2117
 1012 0122 19       		.uleb128 0x19
 1013 0123 00       		.byte	0
 1014 0124 00       		.byte	0
 1015 0125 12       		.uleb128 0x12
 1016 0126 2E       		.uleb128 0x2e
 1017 0127 00       		.byte	0
 1018 0128 3F       		.uleb128 0x3f
 1019 0129 19       		.uleb128 0x19
 1020 012a 03       		.uleb128 0x3
 1021 012b 0E       		.uleb128 0xe
 1022 012c 3A       		.uleb128 0x3a
 1023 012d 0B       		.uleb128 0xb
 1024 012e 3B       		.uleb128 0x3b
 1025 012f 05       		.uleb128 0x5
 1026 0130 27       		.uleb128 0x27
 1027 0131 19       		.uleb128 0x19
 1028 0132 49       		.uleb128 0x49
 1029 0133 13       		.uleb128 0x13
 1030 0134 11       		.uleb128 0x11
 1031 0135 01       		.uleb128 0x1
 1032 0136 12       		.uleb128 0x12
 1033 0137 06       		.uleb128 0x6
 1034 0138 40       		.uleb128 0x40
 1035 0139 18       		.uleb128 0x18
 1036 013a 9742     		.uleb128 0x2117
 1037 013c 19       		.uleb128 0x19
 1038 013d 00       		.byte	0
 1039 013e 00       		.byte	0
 1040 013f 13       		.uleb128 0x13
 1041 0140 898201   		.uleb128 0x4109
 1042 0143 00       		.byte	0
 1043 0144 11       		.uleb128 0x11
 1044 0145 01       		.uleb128 0x1
 1045 0146 31       		.uleb128 0x31
 1046 0147 13       		.uleb128 0x13
 1047 0148 00       		.byte	0
 1048 0149 00       		.byte	0
 1049 014a 14       		.uleb128 0x14
 1050 014b 898201   		.uleb128 0x4109
 1051 014e 01       		.byte	0x1
 1052 014f 11       		.uleb128 0x11
 1053 0150 01       		.uleb128 0x1
 1054 0151 31       		.uleb128 0x31
 1055 0152 13       		.uleb128 0x13
 1056 0153 01       		.uleb128 0x1
 1057 0154 13       		.uleb128 0x13
 1058 0155 00       		.byte	0
 1059 0156 00       		.byte	0
 1060 0157 15       		.uleb128 0x15
 1061 0158 8A8201   		.uleb128 0x410a
 1062 015b 00       		.byte	0
 1063 015c 02       		.uleb128 0x2
 1064 015d 18       		.uleb128 0x18
ARM GAS  C:\Users\etudiant\AppData\Local\Temp\ccW76VFX.s 			page 27


 1065 015e 9142     		.uleb128 0x2111
 1066 0160 18       		.uleb128 0x18
 1067 0161 00       		.byte	0
 1068 0162 00       		.byte	0
 1069 0163 16       		.uleb128 0x16
 1070 0164 05       		.uleb128 0x5
 1071 0165 00       		.byte	0
 1072 0166 03       		.uleb128 0x3
 1073 0167 0E       		.uleb128 0xe
 1074 0168 3A       		.uleb128 0x3a
 1075 0169 0B       		.uleb128 0xb
 1076 016a 3B       		.uleb128 0x3b
 1077 016b 0B       		.uleb128 0xb
 1078 016c 49       		.uleb128 0x49
 1079 016d 13       		.uleb128 0x13
 1080 016e 02       		.uleb128 0x2
 1081 016f 17       		.uleb128 0x17
 1082 0170 00       		.byte	0
 1083 0171 00       		.byte	0
 1084 0172 17       		.uleb128 0x17
 1085 0173 34       		.uleb128 0x34
 1086 0174 00       		.byte	0
 1087 0175 03       		.uleb128 0x3
 1088 0176 0E       		.uleb128 0xe
 1089 0177 3A       		.uleb128 0x3a
 1090 0178 0B       		.uleb128 0xb
 1091 0179 3B       		.uleb128 0x3b
 1092 017a 0B       		.uleb128 0xb
 1093 017b 49       		.uleb128 0x49
 1094 017c 13       		.uleb128 0x13
 1095 017d 3F       		.uleb128 0x3f
 1096 017e 19       		.uleb128 0x19
 1097 017f 3C       		.uleb128 0x3c
 1098 0180 19       		.uleb128 0x19
 1099 0181 00       		.byte	0
 1100 0182 00       		.byte	0
 1101 0183 00       		.byte	0
 1102              		.section	.debug_loc,"",%progbits
 1103              	.Ldebug_loc0:
 1104              	.LLST0:
 1105 0000 00000000 		.4byte	.LVL3
 1106 0004 02000000 		.4byte	.LVL4
 1107 0008 0100     		.2byte	0x1
 1108 000a 50       		.byte	0x50
 1109 000b 02000000 		.4byte	.LVL4
 1110 000f 10000000 		.4byte	.LFE6
 1111 0013 0400     		.2byte	0x4
 1112 0015 F3       		.byte	0xf3
 1113 0016 01       		.uleb128 0x1
 1114 0017 50       		.byte	0x50
 1115 0018 9F       		.byte	0x9f
 1116 0019 00000000 		.4byte	0
 1117 001d 00000000 		.4byte	0
 1118              	.LLST1:
 1119 0021 04000000 		.4byte	.LVL5
 1120 0025 06000000 		.4byte	.LVL6
 1121 0029 0500     		.2byte	0x5
ARM GAS  C:\Users\etudiant\AppData\Local\Temp\ccW76VFX.s 			page 28


 1122 002b 70       		.byte	0x70
 1123 002c 00       		.sleb128 0
 1124 002d 35       		.byte	0x35
 1125 002e 25       		.byte	0x25
 1126 002f 9F       		.byte	0x9f
 1127 0030 00000000 		.4byte	0
 1128 0034 00000000 		.4byte	0
 1129              	.LLST2:
 1130 0038 00000000 		.4byte	.LVL11
 1131 003c 07000000 		.4byte	.LVL12-1
 1132 0040 0100     		.2byte	0x1
 1133 0042 50       		.byte	0x50
 1134 0043 07000000 		.4byte	.LVL12-1
 1135 0047 1A000000 		.4byte	.LFE1
 1136 004b 0100     		.2byte	0x1
 1137 004d 54       		.byte	0x54
 1138 004e 00000000 		.4byte	0
 1139 0052 00000000 		.4byte	0
 1140              		.section	.debug_aranges,"",%progbits
 1141 0000 7C000000 		.4byte	0x7c
 1142 0004 0200     		.2byte	0x2
 1143 0006 00000000 		.4byte	.Ldebug_info0
 1144 000a 04       		.byte	0x4
 1145 000b 00       		.byte	0
 1146 000c 0000     		.2byte	0
 1147 000e 0000     		.2byte	0
 1148 0010 00000000 		.4byte	.LFB3
 1149 0014 0C000000 		.4byte	.LFE3-.LFB3
 1150 0018 00000000 		.4byte	.LFB4
 1151 001c 0C000000 		.4byte	.LFE4-.LFB4
 1152 0020 00000000 		.4byte	.LFB5
 1153 0024 0C000000 		.4byte	.LFE5-.LFB5
 1154 0028 00000000 		.4byte	.LFB6
 1155 002c 10000000 		.4byte	.LFE6-.LFB6
 1156 0030 00000000 		.4byte	.LFB7
 1157 0034 0C000000 		.4byte	.LFE7-.LFB7
 1158 0038 00000000 		.4byte	.LFB8
 1159 003c 0C000000 		.4byte	.LFE8-.LFB8
 1160 0040 00000000 		.4byte	.LFB9
 1161 0044 10000000 		.4byte	.LFE9-.LFB9
 1162 0048 00000000 		.4byte	.LFB10
 1163 004c 0C000000 		.4byte	.LFE10-.LFB10
 1164 0050 00000000 		.4byte	.LFB0
 1165 0054 1C000000 		.4byte	.LFE0-.LFB0
 1166 0058 00000000 		.4byte	.LFB1
 1167 005c 1A000000 		.4byte	.LFE1-.LFB1
 1168 0060 00000000 		.4byte	.LFB2
 1169 0064 14000000 		.4byte	.LFE2-.LFB2
 1170 0068 00000000 		.4byte	.LFB11
 1171 006c 0C000000 		.4byte	.LFE11-.LFB11
 1172 0070 00000000 		.4byte	.LFB12
 1173 0074 0C000000 		.4byte	.LFE12-.LFB12
 1174 0078 00000000 		.4byte	0
 1175 007c 00000000 		.4byte	0
 1176              		.section	.debug_ranges,"",%progbits
 1177              	.Ldebug_ranges0:
 1178 0000 00000000 		.4byte	.LFB3
ARM GAS  C:\Users\etudiant\AppData\Local\Temp\ccW76VFX.s 			page 29


 1179 0004 0C000000 		.4byte	.LFE3
 1180 0008 00000000 		.4byte	.LFB4
 1181 000c 0C000000 		.4byte	.LFE4
 1182 0010 00000000 		.4byte	.LFB5
 1183 0014 0C000000 		.4byte	.LFE5
 1184 0018 00000000 		.4byte	.LFB6
 1185 001c 10000000 		.4byte	.LFE6
 1186 0020 00000000 		.4byte	.LFB7
 1187 0024 0C000000 		.4byte	.LFE7
 1188 0028 00000000 		.4byte	.LFB8
 1189 002c 0C000000 		.4byte	.LFE8
 1190 0030 00000000 		.4byte	.LFB9
 1191 0034 10000000 		.4byte	.LFE9
 1192 0038 00000000 		.4byte	.LFB10
 1193 003c 0C000000 		.4byte	.LFE10
 1194 0040 00000000 		.4byte	.LFB0
 1195 0044 1C000000 		.4byte	.LFE0
 1196 0048 00000000 		.4byte	.LFB1
 1197 004c 1A000000 		.4byte	.LFE1
 1198 0050 00000000 		.4byte	.LFB2
 1199 0054 14000000 		.4byte	.LFE2
 1200 0058 00000000 		.4byte	.LFB11
 1201 005c 0C000000 		.4byte	.LFE11
 1202 0060 00000000 		.4byte	.LFB12
 1203 0064 0C000000 		.4byte	.LFE12
 1204 0068 00000000 		.4byte	0
 1205 006c 00000000 		.4byte	0
 1206              		.section	.debug_line,"",%progbits
 1207              	.Ldebug_line0:
 1208 0000 36010000 		.section	.debug_str,"MS",%progbits,1
 1208      02004900 
 1208      00000201 
 1208      FB0E0D00 
 1208      01010101 
 1209              	.LASF17:
 1210 0000 72656733 		.ascii	"reg32\000"
 1210      3200
 1211              	.LASF34:
 1212 0006 474E5520 		.ascii	"GNU C11 5.4.1 20160609 (release) [ARM/embedded-5-br"
 1212      43313120 
 1212      352E342E 
 1212      31203230 
 1212      31363036 
 1213 0039 616E6368 		.ascii	"anch revision 237715] -mcpu=cortex-m3 -mthumb -g -O"
 1213      20726576 
 1213      6973696F 
 1213      6E203233 
 1213      37373135 
 1214 006c 67202D66 		.ascii	"g -ffunction-sections -ffat-lto-objects\000"
 1214      66756E63 
 1214      74696F6E 
 1214      2D736563 
 1214      74696F6E 
 1215              	.LASF6:
 1216 0094 73686F72 		.ascii	"short unsigned int\000"
 1216      7420756E 
 1216      7369676E 
ARM GAS  C:\Users\etudiant\AppData\Local\Temp\ccW76VFX.s 			page 30


 1216      65642069 
 1216      6E7400
 1217              	.LASF36:
 1218 00a7 433A5C55 		.ascii	"C:\\Users\\etudiant\\Desktop\\Proojet01 (3)\\Projet"
 1218      73657273 
 1218      5C657475 
 1218      6469616E 
 1218      745C4465 
 1219 00d5 30312E63 		.ascii	"01.cydsn\000"
 1219      7964736E 
 1219      00
 1220              	.LASF35:
 1221 00de 47656E65 		.ascii	"Generated_Source\\PSoC5\\ISR_Bouton_0.c\000"
 1221      72617465 
 1221      645F536F 
 1221      75726365 
 1221      5C50536F 
 1222              	.LASF21:
 1223 0104 4953525F 		.ascii	"ISR_Bouton_0_SetPriority\000"
 1223      426F7574 
 1223      6F6E5F30 
 1223      5F536574 
 1223      5072696F 
 1224              	.LASF29:
 1225 011d 4953525F 		.ascii	"ISR_Bouton_0_Start\000"
 1225      426F7574 
 1225      6F6E5F30 
 1225      5F537461 
 1225      727400
 1226              	.LASF30:
 1227 0130 4953525F 		.ascii	"ISR_Bouton_0_StartEx\000"
 1227      426F7574 
 1227      6F6E5F30 
 1227      5F537461 
 1227      72744578 
 1228              	.LASF14:
 1229 0145 666C6F61 		.ascii	"float\000"
 1229      7400
 1230              	.LASF4:
 1231 014b 756E7369 		.ascii	"unsigned char\000"
 1231      676E6564 
 1231      20636861 
 1231      7200
 1232              	.LASF27:
 1233 0159 4953525F 		.ascii	"ISR_Bouton_0_Enable\000"
 1233      426F7574 
 1233      6F6E5F30 
 1233      5F456E61 
 1233      626C6500 
 1234              	.LASF16:
 1235 016d 72656738 		.ascii	"reg8\000"
 1235      00
 1236              	.LASF24:
 1237 0172 4953525F 		.ascii	"ISR_Bouton_0_GetVector\000"
 1237      426F7574 
 1237      6F6E5F30 
 1237      5F476574 
ARM GAS  C:\Users\etudiant\AppData\Local\Temp\ccW76VFX.s 			page 31


 1237      56656374 
 1238              	.LASF8:
 1239 0189 6C6F6E67 		.ascii	"long unsigned int\000"
 1239      20756E73 
 1239      69676E65 
 1239      6420696E 
 1239      7400
 1240              	.LASF12:
 1241 019b 75696E74 		.ascii	"uint8\000"
 1241      3800
 1242              	.LASF23:
 1243 01a1 7072696F 		.ascii	"priority\000"
 1243      72697479 
 1243      00
 1244              	.LASF15:
 1245 01aa 646F7562 		.ascii	"double\000"
 1245      6C6500
 1246              	.LASF38:
 1247 01b1 466C6167 		.ascii	"Flag_Rotary_M\000"
 1247      5F526F74 
 1247      6172795F 
 1247      4D00
 1248              	.LASF26:
 1249 01bf 4953525F 		.ascii	"ISR_Bouton_0_Interrupt\000"
 1249      426F7574 
 1249      6F6E5F30 
 1249      5F496E74 
 1249      65727275 
 1250              	.LASF31:
 1251 01d6 4953525F 		.ascii	"ISR_Bouton_0_Stop\000"
 1251      426F7574 
 1251      6F6E5F30 
 1251      5F53746F 
 1251      7000
 1252              	.LASF13:
 1253 01e8 75696E74 		.ascii	"uint32\000"
 1253      333200
 1254              	.LASF0:
 1255 01ef 756E7369 		.ascii	"unsigned int\000"
 1255      676E6564 
 1255      20696E74 
 1255      00
 1256              	.LASF22:
 1257 01fc 61646472 		.ascii	"address\000"
 1257      65737300 
 1258              	.LASF9:
 1259 0204 6C6F6E67 		.ascii	"long long unsigned int\000"
 1259      206C6F6E 
 1259      6720756E 
 1259      7369676E 
 1259      65642069 
 1260              	.LASF37:
 1261 021b 4953525F 		.ascii	"ISR_Bouton_0_GetState\000"
 1261      426F7574 
 1261      6F6E5F30 
 1261      5F476574 
 1261      53746174 
ARM GAS  C:\Users\etudiant\AppData\Local\Temp\ccW76VFX.s 			page 32


 1262              	.LASF18:
 1263 0231 63796973 		.ascii	"cyisraddress\000"
 1263      72616464 
 1263      72657373 
 1263      00
 1264              	.LASF33:
 1265 023e 4953525F 		.ascii	"ISR_Bouton_0_ClearPending\000"
 1265      426F7574 
 1265      6F6E5F30 
 1265      5F436C65 
 1265      61725065 
 1266              	.LASF10:
 1267 0258 73697A65 		.ascii	"sizetype\000"
 1267      74797065 
 1267      00
 1268              	.LASF1:
 1269 0261 6C6F6E67 		.ascii	"long long int\000"
 1269      206C6F6E 
 1269      6720696E 
 1269      7400
 1270              	.LASF11:
 1271 026f 63686172 		.ascii	"char\000"
 1271      00
 1272              	.LASF19:
 1273 0274 72616D56 		.ascii	"ramVectorTable\000"
 1273      6563746F 
 1273      72546162 
 1273      6C6500
 1274              	.LASF5:
 1275 0283 73686F72 		.ascii	"short int\000"
 1275      7420696E 
 1275      7400
 1276              	.LASF32:
 1277 028d 4953525F 		.ascii	"ISR_Bouton_0_SetPending\000"
 1277      426F7574 
 1277      6F6E5F30 
 1277      5F536574 
 1277      50656E64 
 1278              	.LASF7:
 1279 02a5 6C6F6E67 		.ascii	"long int\000"
 1279      20696E74 
 1279      00
 1280              	.LASF2:
 1281 02ae 6C6F6E67 		.ascii	"long double\000"
 1281      20646F75 
 1281      626C6500 
 1282              	.LASF28:
 1283 02ba 4953525F 		.ascii	"ISR_Bouton_0_Disable\000"
 1283      426F7574 
 1283      6F6E5F30 
 1283      5F446973 
 1283      61626C65 
 1284              	.LASF3:
 1285 02cf 7369676E 		.ascii	"signed char\000"
 1285      65642063 
 1285      68617200 
 1286              	.LASF25:
ARM GAS  C:\Users\etudiant\AppData\Local\Temp\ccW76VFX.s 			page 33


 1287 02db 4953525F 		.ascii	"ISR_Bouton_0_GetPriority\000"
 1287      426F7574 
 1287      6F6E5F30 
 1287      5F476574 
 1287      5072696F 
 1288              	.LASF20:
 1289 02f4 4953525F 		.ascii	"ISR_Bouton_0_SetVector\000"
 1289      426F7574 
 1289      6F6E5F30 
 1289      5F536574 
 1289      56656374 
 1290              		.ident	"GCC: (GNU Tools for ARM Embedded Processors) 5.4.1 20160609 (release) [ARM/embedded-5-bran
