ARM GAS  C:\Users\CLUBRO~1\AppData\Local\Temp\ccJvmMk0.s 			page 1


   1              		.syntax unified
   2              		.cpu cortex-m3
   3              		.fpu softvfp
   4              		.eabi_attribute 20, 1
   5              		.eabi_attribute 21, 1
   6              		.eabi_attribute 23, 3
   7              		.eabi_attribute 24, 1
   8              		.eabi_attribute 25, 1
   9              		.eabi_attribute 26, 1
  10              		.eabi_attribute 30, 1
  11              		.eabi_attribute 34, 1
  12              		.eabi_attribute 18, 4
  13              		.thumb
  14              		.syntax unified
  15              		.file	"isr_button_0.c"
  16              		.text
  17              	.Ltext0:
  18              		.cfi_sections	.debug_frame
  19              		.section	.text.isr_button_0_Interrupt,"ax",%progbits
  20              		.align	2
  21              		.global	isr_button_0_Interrupt
  22              		.thumb
  23              		.thumb_func
  24              		.type	isr_button_0_Interrupt, %function
  25              	isr_button_0_Interrupt:
  26              	.LFB3:
  27              		.file 1 "Generated_Source\\PSoC5\\isr_button_0.c"
   1:Generated_Source\PSoC5/isr_button_0.c **** /*******************************************************************************
   2:Generated_Source\PSoC5/isr_button_0.c **** * File Name: isr_button_0.c  
   3:Generated_Source\PSoC5/isr_button_0.c **** * Version 1.70
   4:Generated_Source\PSoC5/isr_button_0.c **** *
   5:Generated_Source\PSoC5/isr_button_0.c **** *  Description:
   6:Generated_Source\PSoC5/isr_button_0.c **** *   API for controlling the state of an interrupt.
   7:Generated_Source\PSoC5/isr_button_0.c **** *
   8:Generated_Source\PSoC5/isr_button_0.c **** *
   9:Generated_Source\PSoC5/isr_button_0.c **** *  Note:
  10:Generated_Source\PSoC5/isr_button_0.c **** *
  11:Generated_Source\PSoC5/isr_button_0.c **** ********************************************************************************
  12:Generated_Source\PSoC5/isr_button_0.c **** * Copyright 2008-2015, Cypress Semiconductor Corporation.  All rights reserved.
  13:Generated_Source\PSoC5/isr_button_0.c **** * You may use this file only in accordance with the license, terms, conditions, 
  14:Generated_Source\PSoC5/isr_button_0.c **** * disclaimers, and limitations in the end user license agreement accompanying 
  15:Generated_Source\PSoC5/isr_button_0.c **** * the software package with which this file was provided.
  16:Generated_Source\PSoC5/isr_button_0.c **** *******************************************************************************/
  17:Generated_Source\PSoC5/isr_button_0.c **** 
  18:Generated_Source\PSoC5/isr_button_0.c **** 
  19:Generated_Source\PSoC5/isr_button_0.c **** #include <cydevice_trm.h>
  20:Generated_Source\PSoC5/isr_button_0.c **** #include <CyLib.h>
  21:Generated_Source\PSoC5/isr_button_0.c **** #include <isr_button_0.h>
  22:Generated_Source\PSoC5/isr_button_0.c **** #include "cyapicallbacks.h"
  23:Generated_Source\PSoC5/isr_button_0.c **** 
  24:Generated_Source\PSoC5/isr_button_0.c **** #if !defined(isr_button_0__REMOVED) /* Check for removal by optimization */
  25:Generated_Source\PSoC5/isr_button_0.c **** 
  26:Generated_Source\PSoC5/isr_button_0.c **** /*******************************************************************************
  27:Generated_Source\PSoC5/isr_button_0.c **** *  Place your includes, defines and code here 
  28:Generated_Source\PSoC5/isr_button_0.c **** ********************************************************************************/
  29:Generated_Source\PSoC5/isr_button_0.c **** /* `#START isr_button_0_intc` */
  30:Generated_Source\PSoC5/isr_button_0.c ****     extern uint8 Flag_Rotary_P;
ARM GAS  C:\Users\CLUBRO~1\AppData\Local\Temp\ccJvmMk0.s 			page 2


  31:Generated_Source\PSoC5/isr_button_0.c **** /* `#END` */
  32:Generated_Source\PSoC5/isr_button_0.c **** 
  33:Generated_Source\PSoC5/isr_button_0.c **** #ifndef CYINT_IRQ_BASE
  34:Generated_Source\PSoC5/isr_button_0.c **** #define CYINT_IRQ_BASE      16
  35:Generated_Source\PSoC5/isr_button_0.c **** #endif /* CYINT_IRQ_BASE */
  36:Generated_Source\PSoC5/isr_button_0.c **** #ifndef CYINT_VECT_TABLE
  37:Generated_Source\PSoC5/isr_button_0.c **** #define CYINT_VECT_TABLE    ((cyisraddress **) CYREG_NVIC_VECT_OFFSET)
  38:Generated_Source\PSoC5/isr_button_0.c **** #endif /* CYINT_VECT_TABLE */
  39:Generated_Source\PSoC5/isr_button_0.c **** 
  40:Generated_Source\PSoC5/isr_button_0.c **** /* Declared in startup, used to set unused interrupts to. */
  41:Generated_Source\PSoC5/isr_button_0.c **** CY_ISR_PROTO(IntDefaultHandler);
  42:Generated_Source\PSoC5/isr_button_0.c **** 
  43:Generated_Source\PSoC5/isr_button_0.c **** 
  44:Generated_Source\PSoC5/isr_button_0.c **** /*******************************************************************************
  45:Generated_Source\PSoC5/isr_button_0.c **** * Function Name: isr_button_0_Start
  46:Generated_Source\PSoC5/isr_button_0.c **** ********************************************************************************
  47:Generated_Source\PSoC5/isr_button_0.c **** *
  48:Generated_Source\PSoC5/isr_button_0.c **** * Summary:
  49:Generated_Source\PSoC5/isr_button_0.c **** *  Set up the interrupt and enable it. This function disables the interrupt, 
  50:Generated_Source\PSoC5/isr_button_0.c **** *  sets the default interrupt vector, sets the priority from the value in the
  51:Generated_Source\PSoC5/isr_button_0.c **** *  Design Wide Resources Interrupt Editor, then enables the interrupt to the 
  52:Generated_Source\PSoC5/isr_button_0.c **** *  interrupt controller.
  53:Generated_Source\PSoC5/isr_button_0.c **** *
  54:Generated_Source\PSoC5/isr_button_0.c **** * Parameters:  
  55:Generated_Source\PSoC5/isr_button_0.c **** *   None
  56:Generated_Source\PSoC5/isr_button_0.c **** *
  57:Generated_Source\PSoC5/isr_button_0.c **** * Return:
  58:Generated_Source\PSoC5/isr_button_0.c **** *   None
  59:Generated_Source\PSoC5/isr_button_0.c **** *
  60:Generated_Source\PSoC5/isr_button_0.c **** *******************************************************************************/
  61:Generated_Source\PSoC5/isr_button_0.c **** void isr_button_0_Start(void)
  62:Generated_Source\PSoC5/isr_button_0.c **** {
  63:Generated_Source\PSoC5/isr_button_0.c ****     /* For all we know the interrupt is active. */
  64:Generated_Source\PSoC5/isr_button_0.c ****     isr_button_0_Disable();
  65:Generated_Source\PSoC5/isr_button_0.c **** 
  66:Generated_Source\PSoC5/isr_button_0.c ****     /* Set the ISR to point to the isr_button_0 Interrupt. */
  67:Generated_Source\PSoC5/isr_button_0.c ****     isr_button_0_SetVector(&isr_button_0_Interrupt);
  68:Generated_Source\PSoC5/isr_button_0.c **** 
  69:Generated_Source\PSoC5/isr_button_0.c ****     /* Set the priority. */
  70:Generated_Source\PSoC5/isr_button_0.c ****     isr_button_0_SetPriority((uint8)isr_button_0_INTC_PRIOR_NUMBER);
  71:Generated_Source\PSoC5/isr_button_0.c **** 
  72:Generated_Source\PSoC5/isr_button_0.c ****     /* Enable it. */
  73:Generated_Source\PSoC5/isr_button_0.c ****     isr_button_0_Enable();
  74:Generated_Source\PSoC5/isr_button_0.c **** }
  75:Generated_Source\PSoC5/isr_button_0.c **** 
  76:Generated_Source\PSoC5/isr_button_0.c **** 
  77:Generated_Source\PSoC5/isr_button_0.c **** /*******************************************************************************
  78:Generated_Source\PSoC5/isr_button_0.c **** * Function Name: isr_button_0_StartEx
  79:Generated_Source\PSoC5/isr_button_0.c **** ********************************************************************************
  80:Generated_Source\PSoC5/isr_button_0.c **** *
  81:Generated_Source\PSoC5/isr_button_0.c **** * Summary:
  82:Generated_Source\PSoC5/isr_button_0.c **** *  Sets up the interrupt and enables it. This function disables the interrupt,
  83:Generated_Source\PSoC5/isr_button_0.c **** *  sets the interrupt vector based on the address passed in, sets the priority 
  84:Generated_Source\PSoC5/isr_button_0.c **** *  from the value in the Design Wide Resources Interrupt Editor, then enables 
  85:Generated_Source\PSoC5/isr_button_0.c **** *  the interrupt to the interrupt controller.
  86:Generated_Source\PSoC5/isr_button_0.c **** *  
  87:Generated_Source\PSoC5/isr_button_0.c **** *  When defining ISR functions, the CY_ISR and CY_ISR_PROTO macros should be 
ARM GAS  C:\Users\CLUBRO~1\AppData\Local\Temp\ccJvmMk0.s 			page 3


  88:Generated_Source\PSoC5/isr_button_0.c **** *  used to provide consistent definition across compilers:
  89:Generated_Source\PSoC5/isr_button_0.c **** *  
  90:Generated_Source\PSoC5/isr_button_0.c **** *  Function definition example:
  91:Generated_Source\PSoC5/isr_button_0.c **** *   CY_ISR(MyISR)
  92:Generated_Source\PSoC5/isr_button_0.c **** *   {
  93:Generated_Source\PSoC5/isr_button_0.c **** *   }
  94:Generated_Source\PSoC5/isr_button_0.c **** *   Function prototype example:
  95:Generated_Source\PSoC5/isr_button_0.c **** *   CY_ISR_PROTO(MyISR);
  96:Generated_Source\PSoC5/isr_button_0.c **** *
  97:Generated_Source\PSoC5/isr_button_0.c **** * Parameters:  
  98:Generated_Source\PSoC5/isr_button_0.c **** *   address: Address of the ISR to set in the interrupt vector table.
  99:Generated_Source\PSoC5/isr_button_0.c **** *
 100:Generated_Source\PSoC5/isr_button_0.c **** * Return:
 101:Generated_Source\PSoC5/isr_button_0.c **** *   None
 102:Generated_Source\PSoC5/isr_button_0.c **** *
 103:Generated_Source\PSoC5/isr_button_0.c **** *******************************************************************************/
 104:Generated_Source\PSoC5/isr_button_0.c **** void isr_button_0_StartEx(cyisraddress address)
 105:Generated_Source\PSoC5/isr_button_0.c **** {
 106:Generated_Source\PSoC5/isr_button_0.c ****     /* For all we know the interrupt is active. */
 107:Generated_Source\PSoC5/isr_button_0.c ****     isr_button_0_Disable();
 108:Generated_Source\PSoC5/isr_button_0.c **** 
 109:Generated_Source\PSoC5/isr_button_0.c ****     /* Set the ISR to point to the isr_button_0 Interrupt. */
 110:Generated_Source\PSoC5/isr_button_0.c ****     isr_button_0_SetVector(address);
 111:Generated_Source\PSoC5/isr_button_0.c **** 
 112:Generated_Source\PSoC5/isr_button_0.c ****     /* Set the priority. */
 113:Generated_Source\PSoC5/isr_button_0.c ****     isr_button_0_SetPriority((uint8)isr_button_0_INTC_PRIOR_NUMBER);
 114:Generated_Source\PSoC5/isr_button_0.c **** 
 115:Generated_Source\PSoC5/isr_button_0.c ****     /* Enable it. */
 116:Generated_Source\PSoC5/isr_button_0.c ****     isr_button_0_Enable();
 117:Generated_Source\PSoC5/isr_button_0.c **** }
 118:Generated_Source\PSoC5/isr_button_0.c **** 
 119:Generated_Source\PSoC5/isr_button_0.c **** 
 120:Generated_Source\PSoC5/isr_button_0.c **** /*******************************************************************************
 121:Generated_Source\PSoC5/isr_button_0.c **** * Function Name: isr_button_0_Stop
 122:Generated_Source\PSoC5/isr_button_0.c **** ********************************************************************************
 123:Generated_Source\PSoC5/isr_button_0.c **** *
 124:Generated_Source\PSoC5/isr_button_0.c **** * Summary:
 125:Generated_Source\PSoC5/isr_button_0.c **** *   Disables and removes the interrupt.
 126:Generated_Source\PSoC5/isr_button_0.c **** *
 127:Generated_Source\PSoC5/isr_button_0.c **** * Parameters:  
 128:Generated_Source\PSoC5/isr_button_0.c **** *   None
 129:Generated_Source\PSoC5/isr_button_0.c **** *
 130:Generated_Source\PSoC5/isr_button_0.c **** * Return:
 131:Generated_Source\PSoC5/isr_button_0.c **** *   None
 132:Generated_Source\PSoC5/isr_button_0.c **** *
 133:Generated_Source\PSoC5/isr_button_0.c **** *******************************************************************************/
 134:Generated_Source\PSoC5/isr_button_0.c **** void isr_button_0_Stop(void)
 135:Generated_Source\PSoC5/isr_button_0.c **** {
 136:Generated_Source\PSoC5/isr_button_0.c ****     /* Disable this interrupt. */
 137:Generated_Source\PSoC5/isr_button_0.c ****     isr_button_0_Disable();
 138:Generated_Source\PSoC5/isr_button_0.c **** 
 139:Generated_Source\PSoC5/isr_button_0.c ****     /* Set the ISR to point to the passive one. */
 140:Generated_Source\PSoC5/isr_button_0.c ****     isr_button_0_SetVector(&IntDefaultHandler);
 141:Generated_Source\PSoC5/isr_button_0.c **** }
 142:Generated_Source\PSoC5/isr_button_0.c **** 
 143:Generated_Source\PSoC5/isr_button_0.c **** 
 144:Generated_Source\PSoC5/isr_button_0.c **** /*******************************************************************************
ARM GAS  C:\Users\CLUBRO~1\AppData\Local\Temp\ccJvmMk0.s 			page 4


 145:Generated_Source\PSoC5/isr_button_0.c **** * Function Name: isr_button_0_Interrupt
 146:Generated_Source\PSoC5/isr_button_0.c **** ********************************************************************************
 147:Generated_Source\PSoC5/isr_button_0.c **** *
 148:Generated_Source\PSoC5/isr_button_0.c **** * Summary:
 149:Generated_Source\PSoC5/isr_button_0.c **** *   The default Interrupt Service Routine for isr_button_0.
 150:Generated_Source\PSoC5/isr_button_0.c **** *
 151:Generated_Source\PSoC5/isr_button_0.c **** *   Add custom code between the coments to keep the next version of this file
 152:Generated_Source\PSoC5/isr_button_0.c **** *   from over writting your code.
 153:Generated_Source\PSoC5/isr_button_0.c **** *
 154:Generated_Source\PSoC5/isr_button_0.c **** * Parameters:  
 155:Generated_Source\PSoC5/isr_button_0.c **** *
 156:Generated_Source\PSoC5/isr_button_0.c **** * Return:
 157:Generated_Source\PSoC5/isr_button_0.c **** *   None
 158:Generated_Source\PSoC5/isr_button_0.c **** *
 159:Generated_Source\PSoC5/isr_button_0.c **** *******************************************************************************/
 160:Generated_Source\PSoC5/isr_button_0.c **** CY_ISR(isr_button_0_Interrupt)
 161:Generated_Source\PSoC5/isr_button_0.c **** {
  28              		.loc 1 161 0
  29              		.cfi_startproc
  30              		@ args = 0, pretend = 0, frame = 0
  31              		@ frame_needed = 0, uses_anonymous_args = 0
  32 0000 08B5     		push	{r3, lr}
  33              		.cfi_def_cfa_offset 8
  34              		.cfi_offset 3, -8
  35              		.cfi_offset 14, -4
 162:Generated_Source\PSoC5/isr_button_0.c ****     #ifdef isr_button_0_INTERRUPT_INTERRUPT_CALLBACK
 163:Generated_Source\PSoC5/isr_button_0.c ****         isr_button_0_Interrupt_InterruptCallback();
 164:Generated_Source\PSoC5/isr_button_0.c ****     #endif /* isr_button_0_INTERRUPT_INTERRUPT_CALLBACK */ 
 165:Generated_Source\PSoC5/isr_button_0.c **** 
 166:Generated_Source\PSoC5/isr_button_0.c ****     /*  Place your Interrupt code here. */
 167:Generated_Source\PSoC5/isr_button_0.c ****     /* `#START isr_button_0_Interrupt` */
 168:Generated_Source\PSoC5/isr_button_0.c ****         Flag_Rotary_P = 1;
  36              		.loc 1 168 0
  37 0002 0122     		movs	r2, #1
  38 0004 024B     		ldr	r3, .L3
  39 0006 1A70     		strb	r2, [r3]
 169:Generated_Source\PSoC5/isr_button_0.c ****         CyDelay(100);
  40              		.loc 1 169 0
  41 0008 6420     		movs	r0, #100
  42 000a FFF7FEFF 		bl	CyDelay
  43              	.LVL0:
  44 000e 08BD     		pop	{r3, pc}
  45              	.L4:
  46              		.align	2
  47              	.L3:
  48 0010 00000000 		.word	Flag_Rotary_P
  49              		.cfi_endproc
  50              	.LFE3:
  51              		.size	isr_button_0_Interrupt, .-isr_button_0_Interrupt
  52              		.section	.text.isr_button_0_SetVector,"ax",%progbits
  53              		.align	2
  54              		.global	isr_button_0_SetVector
  55              		.thumb
  56              		.thumb_func
  57              		.type	isr_button_0_SetVector, %function
  58              	isr_button_0_SetVector:
  59              	.LFB4:
ARM GAS  C:\Users\CLUBRO~1\AppData\Local\Temp\ccJvmMk0.s 			page 5


 170:Generated_Source\PSoC5/isr_button_0.c ****     /* `#END` */
 171:Generated_Source\PSoC5/isr_button_0.c **** }
 172:Generated_Source\PSoC5/isr_button_0.c **** 
 173:Generated_Source\PSoC5/isr_button_0.c **** 
 174:Generated_Source\PSoC5/isr_button_0.c **** /*******************************************************************************
 175:Generated_Source\PSoC5/isr_button_0.c **** * Function Name: isr_button_0_SetVector
 176:Generated_Source\PSoC5/isr_button_0.c **** ********************************************************************************
 177:Generated_Source\PSoC5/isr_button_0.c **** *
 178:Generated_Source\PSoC5/isr_button_0.c **** * Summary:
 179:Generated_Source\PSoC5/isr_button_0.c **** *   Change the ISR vector for the Interrupt. Note calling isr_button_0_Start
 180:Generated_Source\PSoC5/isr_button_0.c **** *   will override any effect this method would have had. To set the vector 
 181:Generated_Source\PSoC5/isr_button_0.c **** *   before the component has been started use isr_button_0_StartEx instead.
 182:Generated_Source\PSoC5/isr_button_0.c **** * 
 183:Generated_Source\PSoC5/isr_button_0.c **** *   When defining ISR functions, the CY_ISR and CY_ISR_PROTO macros should be 
 184:Generated_Source\PSoC5/isr_button_0.c **** *   used to provide consistent definition across compilers:
 185:Generated_Source\PSoC5/isr_button_0.c **** *
 186:Generated_Source\PSoC5/isr_button_0.c **** *   Function definition example:
 187:Generated_Source\PSoC5/isr_button_0.c **** *   CY_ISR(MyISR)
 188:Generated_Source\PSoC5/isr_button_0.c **** *   {
 189:Generated_Source\PSoC5/isr_button_0.c **** *   }
 190:Generated_Source\PSoC5/isr_button_0.c **** *
 191:Generated_Source\PSoC5/isr_button_0.c **** *   Function prototype example:
 192:Generated_Source\PSoC5/isr_button_0.c **** *     CY_ISR_PROTO(MyISR);
 193:Generated_Source\PSoC5/isr_button_0.c **** *
 194:Generated_Source\PSoC5/isr_button_0.c **** * Parameters:
 195:Generated_Source\PSoC5/isr_button_0.c **** *   address: Address of the ISR to set in the interrupt vector table.
 196:Generated_Source\PSoC5/isr_button_0.c **** *
 197:Generated_Source\PSoC5/isr_button_0.c **** * Return:
 198:Generated_Source\PSoC5/isr_button_0.c **** *   None
 199:Generated_Source\PSoC5/isr_button_0.c **** *
 200:Generated_Source\PSoC5/isr_button_0.c **** *******************************************************************************/
 201:Generated_Source\PSoC5/isr_button_0.c **** void isr_button_0_SetVector(cyisraddress address)
 202:Generated_Source\PSoC5/isr_button_0.c **** {
  60              		.loc 1 202 0
  61              		.cfi_startproc
  62              		@ args = 0, pretend = 0, frame = 0
  63              		@ frame_needed = 0, uses_anonymous_args = 0
  64              		@ link register save eliminated.
  65              	.LVL1:
 203:Generated_Source\PSoC5/isr_button_0.c ****     cyisraddress * ramVectorTable;
 204:Generated_Source\PSoC5/isr_button_0.c **** 
 205:Generated_Source\PSoC5/isr_button_0.c ****     ramVectorTable = (cyisraddress *) *CYINT_VECT_TABLE;
  66              		.loc 1 205 0
  67 0000 014B     		ldr	r3, .L6
  68 0002 1B68     		ldr	r3, [r3]
  69              	.LVL2:
 206:Generated_Source\PSoC5/isr_button_0.c **** 
 207:Generated_Source\PSoC5/isr_button_0.c ****     ramVectorTable[CYINT_IRQ_BASE + (uint32)isr_button_0__INTC_NUMBER] = address;
  70              		.loc 1 207 0
  71 0004 1864     		str	r0, [r3, #64]
  72 0006 7047     		bx	lr
  73              	.L7:
  74              		.align	2
  75              	.L6:
  76 0008 08ED00E0 		.word	-536810232
  77              		.cfi_endproc
  78              	.LFE4:
ARM GAS  C:\Users\CLUBRO~1\AppData\Local\Temp\ccJvmMk0.s 			page 6


  79              		.size	isr_button_0_SetVector, .-isr_button_0_SetVector
  80              		.section	.text.isr_button_0_GetVector,"ax",%progbits
  81              		.align	2
  82              		.global	isr_button_0_GetVector
  83              		.thumb
  84              		.thumb_func
  85              		.type	isr_button_0_GetVector, %function
  86              	isr_button_0_GetVector:
  87              	.LFB5:
 208:Generated_Source\PSoC5/isr_button_0.c **** }
 209:Generated_Source\PSoC5/isr_button_0.c **** 
 210:Generated_Source\PSoC5/isr_button_0.c **** 
 211:Generated_Source\PSoC5/isr_button_0.c **** /*******************************************************************************
 212:Generated_Source\PSoC5/isr_button_0.c **** * Function Name: isr_button_0_GetVector
 213:Generated_Source\PSoC5/isr_button_0.c **** ********************************************************************************
 214:Generated_Source\PSoC5/isr_button_0.c **** *
 215:Generated_Source\PSoC5/isr_button_0.c **** * Summary:
 216:Generated_Source\PSoC5/isr_button_0.c **** *   Gets the "address" of the current ISR vector for the Interrupt.
 217:Generated_Source\PSoC5/isr_button_0.c **** *
 218:Generated_Source\PSoC5/isr_button_0.c **** * Parameters:
 219:Generated_Source\PSoC5/isr_button_0.c **** *   None
 220:Generated_Source\PSoC5/isr_button_0.c **** *
 221:Generated_Source\PSoC5/isr_button_0.c **** * Return:
 222:Generated_Source\PSoC5/isr_button_0.c **** *   Address of the ISR in the interrupt vector table.
 223:Generated_Source\PSoC5/isr_button_0.c **** *
 224:Generated_Source\PSoC5/isr_button_0.c **** *******************************************************************************/
 225:Generated_Source\PSoC5/isr_button_0.c **** cyisraddress isr_button_0_GetVector(void)
 226:Generated_Source\PSoC5/isr_button_0.c **** {
  88              		.loc 1 226 0
  89              		.cfi_startproc
  90              		@ args = 0, pretend = 0, frame = 0
  91              		@ frame_needed = 0, uses_anonymous_args = 0
  92              		@ link register save eliminated.
 227:Generated_Source\PSoC5/isr_button_0.c ****     cyisraddress * ramVectorTable;
 228:Generated_Source\PSoC5/isr_button_0.c **** 
 229:Generated_Source\PSoC5/isr_button_0.c ****     ramVectorTable = (cyisraddress *) *CYINT_VECT_TABLE;
  93              		.loc 1 229 0
  94 0000 014B     		ldr	r3, .L9
  95 0002 1B68     		ldr	r3, [r3]
  96              	.LVL3:
 230:Generated_Source\PSoC5/isr_button_0.c **** 
 231:Generated_Source\PSoC5/isr_button_0.c ****     return ramVectorTable[CYINT_IRQ_BASE + (uint32)isr_button_0__INTC_NUMBER];
 232:Generated_Source\PSoC5/isr_button_0.c **** }
  97              		.loc 1 232 0
  98 0004 186C     		ldr	r0, [r3, #64]
  99 0006 7047     		bx	lr
 100              	.L10:
 101              		.align	2
 102              	.L9:
 103 0008 08ED00E0 		.word	-536810232
 104              		.cfi_endproc
 105              	.LFE5:
 106              		.size	isr_button_0_GetVector, .-isr_button_0_GetVector
 107              		.section	.text.isr_button_0_SetPriority,"ax",%progbits
 108              		.align	2
 109              		.global	isr_button_0_SetPriority
 110              		.thumb
ARM GAS  C:\Users\CLUBRO~1\AppData\Local\Temp\ccJvmMk0.s 			page 7


 111              		.thumb_func
 112              		.type	isr_button_0_SetPriority, %function
 113              	isr_button_0_SetPriority:
 114              	.LFB6:
 233:Generated_Source\PSoC5/isr_button_0.c **** 
 234:Generated_Source\PSoC5/isr_button_0.c **** 
 235:Generated_Source\PSoC5/isr_button_0.c **** /*******************************************************************************
 236:Generated_Source\PSoC5/isr_button_0.c **** * Function Name: isr_button_0_SetPriority
 237:Generated_Source\PSoC5/isr_button_0.c **** ********************************************************************************
 238:Generated_Source\PSoC5/isr_button_0.c **** *
 239:Generated_Source\PSoC5/isr_button_0.c **** * Summary:
 240:Generated_Source\PSoC5/isr_button_0.c **** *   Sets the Priority of the Interrupt. 
 241:Generated_Source\PSoC5/isr_button_0.c **** *
 242:Generated_Source\PSoC5/isr_button_0.c **** *   Note calling isr_button_0_Start or isr_button_0_StartEx will 
 243:Generated_Source\PSoC5/isr_button_0.c **** *   override any effect this API would have had. This API should only be called
 244:Generated_Source\PSoC5/isr_button_0.c **** *   after isr_button_0_Start or isr_button_0_StartEx has been called. 
 245:Generated_Source\PSoC5/isr_button_0.c **** *   To set the initial priority for the component, use the Design-Wide Resources
 246:Generated_Source\PSoC5/isr_button_0.c **** *   Interrupt Editor.
 247:Generated_Source\PSoC5/isr_button_0.c **** *
 248:Generated_Source\PSoC5/isr_button_0.c **** *   Note This API has no effect on Non-maskable interrupt NMI).
 249:Generated_Source\PSoC5/isr_button_0.c **** *
 250:Generated_Source\PSoC5/isr_button_0.c **** * Parameters:
 251:Generated_Source\PSoC5/isr_button_0.c **** *   priority: Priority of the interrupt, 0 being the highest priority
 252:Generated_Source\PSoC5/isr_button_0.c **** *             PSoC 3 and PSoC 5LP: Priority is from 0 to 7.
 253:Generated_Source\PSoC5/isr_button_0.c **** *             PSoC 4: Priority is from 0 to 3.
 254:Generated_Source\PSoC5/isr_button_0.c **** *
 255:Generated_Source\PSoC5/isr_button_0.c **** * Return:
 256:Generated_Source\PSoC5/isr_button_0.c **** *   None
 257:Generated_Source\PSoC5/isr_button_0.c **** *
 258:Generated_Source\PSoC5/isr_button_0.c **** *******************************************************************************/
 259:Generated_Source\PSoC5/isr_button_0.c **** void isr_button_0_SetPriority(uint8 priority)
 260:Generated_Source\PSoC5/isr_button_0.c **** {
 115              		.loc 1 260 0
 116              		.cfi_startproc
 117              		@ args = 0, pretend = 0, frame = 0
 118              		@ frame_needed = 0, uses_anonymous_args = 0
 119              		@ link register save eliminated.
 120              	.LVL4:
 261:Generated_Source\PSoC5/isr_button_0.c ****     *isr_button_0_INTC_PRIOR = priority << 5;
 121              		.loc 1 261 0
 122 0000 4001     		lsls	r0, r0, #5
 123              	.LVL5:
 124 0002 C0B2     		uxtb	r0, r0
 125 0004 014B     		ldr	r3, .L12
 126 0006 1870     		strb	r0, [r3]
 127 0008 7047     		bx	lr
 128              	.L13:
 129 000a 00BF     		.align	2
 130              	.L12:
 131 000c 00E400E0 		.word	-536812544
 132              		.cfi_endproc
 133              	.LFE6:
 134              		.size	isr_button_0_SetPriority, .-isr_button_0_SetPriority
 135              		.section	.text.isr_button_0_GetPriority,"ax",%progbits
 136              		.align	2
 137              		.global	isr_button_0_GetPriority
 138              		.thumb
ARM GAS  C:\Users\CLUBRO~1\AppData\Local\Temp\ccJvmMk0.s 			page 8


 139              		.thumb_func
 140              		.type	isr_button_0_GetPriority, %function
 141              	isr_button_0_GetPriority:
 142              	.LFB7:
 262:Generated_Source\PSoC5/isr_button_0.c **** }
 263:Generated_Source\PSoC5/isr_button_0.c **** 
 264:Generated_Source\PSoC5/isr_button_0.c **** 
 265:Generated_Source\PSoC5/isr_button_0.c **** /*******************************************************************************
 266:Generated_Source\PSoC5/isr_button_0.c **** * Function Name: isr_button_0_GetPriority
 267:Generated_Source\PSoC5/isr_button_0.c **** ********************************************************************************
 268:Generated_Source\PSoC5/isr_button_0.c **** *
 269:Generated_Source\PSoC5/isr_button_0.c **** * Summary:
 270:Generated_Source\PSoC5/isr_button_0.c **** *   Gets the Priority of the Interrupt.
 271:Generated_Source\PSoC5/isr_button_0.c **** *
 272:Generated_Source\PSoC5/isr_button_0.c **** * Parameters:
 273:Generated_Source\PSoC5/isr_button_0.c **** *   None
 274:Generated_Source\PSoC5/isr_button_0.c **** *
 275:Generated_Source\PSoC5/isr_button_0.c **** * Return:
 276:Generated_Source\PSoC5/isr_button_0.c **** *   Priority of the interrupt, 0 being the highest priority
 277:Generated_Source\PSoC5/isr_button_0.c **** *    PSoC 3 and PSoC 5LP: Priority is from 0 to 7.
 278:Generated_Source\PSoC5/isr_button_0.c **** *    PSoC 4: Priority is from 0 to 3.
 279:Generated_Source\PSoC5/isr_button_0.c **** *
 280:Generated_Source\PSoC5/isr_button_0.c **** *******************************************************************************/
 281:Generated_Source\PSoC5/isr_button_0.c **** uint8 isr_button_0_GetPriority(void)
 282:Generated_Source\PSoC5/isr_button_0.c **** {
 143              		.loc 1 282 0
 144              		.cfi_startproc
 145              		@ args = 0, pretend = 0, frame = 0
 146              		@ frame_needed = 0, uses_anonymous_args = 0
 147              		@ link register save eliminated.
 283:Generated_Source\PSoC5/isr_button_0.c ****     uint8 priority;
 284:Generated_Source\PSoC5/isr_button_0.c **** 
 285:Generated_Source\PSoC5/isr_button_0.c **** 
 286:Generated_Source\PSoC5/isr_button_0.c ****     priority = *isr_button_0_INTC_PRIOR >> 5;
 148              		.loc 1 286 0
 149 0000 014B     		ldr	r3, .L15
 150 0002 1878     		ldrb	r0, [r3]	@ zero_extendqisi2
 151              	.LVL6:
 287:Generated_Source\PSoC5/isr_button_0.c **** 
 288:Generated_Source\PSoC5/isr_button_0.c ****     return priority;
 289:Generated_Source\PSoC5/isr_button_0.c **** }
 152              		.loc 1 289 0
 153 0004 4009     		lsrs	r0, r0, #5
 154              	.LVL7:
 155 0006 7047     		bx	lr
 156              	.L16:
 157              		.align	2
 158              	.L15:
 159 0008 00E400E0 		.word	-536812544
 160              		.cfi_endproc
 161              	.LFE7:
 162              		.size	isr_button_0_GetPriority, .-isr_button_0_GetPriority
 163              		.section	.text.isr_button_0_Enable,"ax",%progbits
 164              		.align	2
 165              		.global	isr_button_0_Enable
 166              		.thumb
 167              		.thumb_func
ARM GAS  C:\Users\CLUBRO~1\AppData\Local\Temp\ccJvmMk0.s 			page 9


 168              		.type	isr_button_0_Enable, %function
 169              	isr_button_0_Enable:
 170              	.LFB8:
 290:Generated_Source\PSoC5/isr_button_0.c **** 
 291:Generated_Source\PSoC5/isr_button_0.c **** 
 292:Generated_Source\PSoC5/isr_button_0.c **** /*******************************************************************************
 293:Generated_Source\PSoC5/isr_button_0.c **** * Function Name: isr_button_0_Enable
 294:Generated_Source\PSoC5/isr_button_0.c **** ********************************************************************************
 295:Generated_Source\PSoC5/isr_button_0.c **** *
 296:Generated_Source\PSoC5/isr_button_0.c **** * Summary:
 297:Generated_Source\PSoC5/isr_button_0.c **** *   Enables the interrupt to the interrupt controller. Do not call this function
 298:Generated_Source\PSoC5/isr_button_0.c **** *   unless ISR_Start() has been called or the functionality of the ISR_Start() 
 299:Generated_Source\PSoC5/isr_button_0.c **** *   function, which sets the vector and the priority, has been called.
 300:Generated_Source\PSoC5/isr_button_0.c **** *
 301:Generated_Source\PSoC5/isr_button_0.c **** * Parameters:
 302:Generated_Source\PSoC5/isr_button_0.c **** *   None
 303:Generated_Source\PSoC5/isr_button_0.c **** *
 304:Generated_Source\PSoC5/isr_button_0.c **** * Return:
 305:Generated_Source\PSoC5/isr_button_0.c **** *   None
 306:Generated_Source\PSoC5/isr_button_0.c **** *
 307:Generated_Source\PSoC5/isr_button_0.c **** *******************************************************************************/
 308:Generated_Source\PSoC5/isr_button_0.c **** void isr_button_0_Enable(void)
 309:Generated_Source\PSoC5/isr_button_0.c **** {
 171              		.loc 1 309 0
 172              		.cfi_startproc
 173              		@ args = 0, pretend = 0, frame = 0
 174              		@ frame_needed = 0, uses_anonymous_args = 0
 175              		@ link register save eliminated.
 310:Generated_Source\PSoC5/isr_button_0.c ****     /* Enable the general interrupt. */
 311:Generated_Source\PSoC5/isr_button_0.c ****     *isr_button_0_INTC_SET_EN = isr_button_0__INTC_MASK;
 176              		.loc 1 311 0
 177 0000 0122     		movs	r2, #1
 178 0002 014B     		ldr	r3, .L18
 179 0004 1A60     		str	r2, [r3]
 180 0006 7047     		bx	lr
 181              	.L19:
 182              		.align	2
 183              	.L18:
 184 0008 00E100E0 		.word	-536813312
 185              		.cfi_endproc
 186              	.LFE8:
 187              		.size	isr_button_0_Enable, .-isr_button_0_Enable
 188              		.section	.text.isr_button_0_GetState,"ax",%progbits
 189              		.align	2
 190              		.global	isr_button_0_GetState
 191              		.thumb
 192              		.thumb_func
 193              		.type	isr_button_0_GetState, %function
 194              	isr_button_0_GetState:
 195              	.LFB9:
 312:Generated_Source\PSoC5/isr_button_0.c **** }
 313:Generated_Source\PSoC5/isr_button_0.c **** 
 314:Generated_Source\PSoC5/isr_button_0.c **** 
 315:Generated_Source\PSoC5/isr_button_0.c **** /*******************************************************************************
 316:Generated_Source\PSoC5/isr_button_0.c **** * Function Name: isr_button_0_GetState
 317:Generated_Source\PSoC5/isr_button_0.c **** ********************************************************************************
 318:Generated_Source\PSoC5/isr_button_0.c **** *
ARM GAS  C:\Users\CLUBRO~1\AppData\Local\Temp\ccJvmMk0.s 			page 10


 319:Generated_Source\PSoC5/isr_button_0.c **** * Summary:
 320:Generated_Source\PSoC5/isr_button_0.c **** *   Gets the state (enabled, disabled) of the Interrupt.
 321:Generated_Source\PSoC5/isr_button_0.c **** *
 322:Generated_Source\PSoC5/isr_button_0.c **** * Parameters:
 323:Generated_Source\PSoC5/isr_button_0.c **** *   None
 324:Generated_Source\PSoC5/isr_button_0.c **** *
 325:Generated_Source\PSoC5/isr_button_0.c **** * Return:
 326:Generated_Source\PSoC5/isr_button_0.c **** *   1 if enabled, 0 if disabled.
 327:Generated_Source\PSoC5/isr_button_0.c **** *
 328:Generated_Source\PSoC5/isr_button_0.c **** *******************************************************************************/
 329:Generated_Source\PSoC5/isr_button_0.c **** uint8 isr_button_0_GetState(void)
 330:Generated_Source\PSoC5/isr_button_0.c **** {
 196              		.loc 1 330 0
 197              		.cfi_startproc
 198              		@ args = 0, pretend = 0, frame = 0
 199              		@ frame_needed = 0, uses_anonymous_args = 0
 200              		@ link register save eliminated.
 331:Generated_Source\PSoC5/isr_button_0.c ****     /* Get the state of the general interrupt. */
 332:Generated_Source\PSoC5/isr_button_0.c ****     return ((*isr_button_0_INTC_SET_EN & (uint32)isr_button_0__INTC_MASK) != 0u) ? 1u:0u;
 201              		.loc 1 332 0
 202 0000 024B     		ldr	r3, .L21
 203 0002 1868     		ldr	r0, [r3]
 333:Generated_Source\PSoC5/isr_button_0.c **** }
 204              		.loc 1 333 0
 205 0004 00F00100 		and	r0, r0, #1
 206 0008 7047     		bx	lr
 207              	.L22:
 208 000a 00BF     		.align	2
 209              	.L21:
 210 000c 00E100E0 		.word	-536813312
 211              		.cfi_endproc
 212              	.LFE9:
 213              		.size	isr_button_0_GetState, .-isr_button_0_GetState
 214              		.section	.text.isr_button_0_Disable,"ax",%progbits
 215              		.align	2
 216              		.global	isr_button_0_Disable
 217              		.thumb
 218              		.thumb_func
 219              		.type	isr_button_0_Disable, %function
 220              	isr_button_0_Disable:
 221              	.LFB10:
 334:Generated_Source\PSoC5/isr_button_0.c **** 
 335:Generated_Source\PSoC5/isr_button_0.c **** 
 336:Generated_Source\PSoC5/isr_button_0.c **** /*******************************************************************************
 337:Generated_Source\PSoC5/isr_button_0.c **** * Function Name: isr_button_0_Disable
 338:Generated_Source\PSoC5/isr_button_0.c **** ********************************************************************************
 339:Generated_Source\PSoC5/isr_button_0.c **** *
 340:Generated_Source\PSoC5/isr_button_0.c **** * Summary:
 341:Generated_Source\PSoC5/isr_button_0.c **** *   Disables the Interrupt in the interrupt controller.
 342:Generated_Source\PSoC5/isr_button_0.c **** *
 343:Generated_Source\PSoC5/isr_button_0.c **** * Parameters:
 344:Generated_Source\PSoC5/isr_button_0.c **** *   None
 345:Generated_Source\PSoC5/isr_button_0.c **** *
 346:Generated_Source\PSoC5/isr_button_0.c **** * Return:
 347:Generated_Source\PSoC5/isr_button_0.c **** *   None
 348:Generated_Source\PSoC5/isr_button_0.c **** *
 349:Generated_Source\PSoC5/isr_button_0.c **** *******************************************************************************/
ARM GAS  C:\Users\CLUBRO~1\AppData\Local\Temp\ccJvmMk0.s 			page 11


 350:Generated_Source\PSoC5/isr_button_0.c **** void isr_button_0_Disable(void)
 351:Generated_Source\PSoC5/isr_button_0.c **** {
 222              		.loc 1 351 0
 223              		.cfi_startproc
 224              		@ args = 0, pretend = 0, frame = 0
 225              		@ frame_needed = 0, uses_anonymous_args = 0
 226              		@ link register save eliminated.
 352:Generated_Source\PSoC5/isr_button_0.c ****     /* Disable the general interrupt. */
 353:Generated_Source\PSoC5/isr_button_0.c ****     *isr_button_0_INTC_CLR_EN = isr_button_0__INTC_MASK;
 227              		.loc 1 353 0
 228 0000 0122     		movs	r2, #1
 229 0002 014B     		ldr	r3, .L24
 230 0004 1A60     		str	r2, [r3]
 231 0006 7047     		bx	lr
 232              	.L25:
 233              		.align	2
 234              	.L24:
 235 0008 80E100E0 		.word	-536813184
 236              		.cfi_endproc
 237              	.LFE10:
 238              		.size	isr_button_0_Disable, .-isr_button_0_Disable
 239              		.section	.text.isr_button_0_Start,"ax",%progbits
 240              		.align	2
 241              		.global	isr_button_0_Start
 242              		.thumb
 243              		.thumb_func
 244              		.type	isr_button_0_Start, %function
 245              	isr_button_0_Start:
 246              	.LFB0:
  62:Generated_Source\PSoC5/isr_button_0.c ****     /* For all we know the interrupt is active. */
 247              		.loc 1 62 0
 248              		.cfi_startproc
 249              		@ args = 0, pretend = 0, frame = 0
 250              		@ frame_needed = 0, uses_anonymous_args = 0
 251 0000 08B5     		push	{r3, lr}
 252              		.cfi_def_cfa_offset 8
 253              		.cfi_offset 3, -8
 254              		.cfi_offset 14, -4
  64:Generated_Source\PSoC5/isr_button_0.c **** 
 255              		.loc 1 64 0
 256 0002 FFF7FEFF 		bl	isr_button_0_Disable
 257              	.LVL8:
  67:Generated_Source\PSoC5/isr_button_0.c **** 
 258              		.loc 1 67 0
 259 0006 0448     		ldr	r0, .L28
 260 0008 FFF7FEFF 		bl	isr_button_0_SetVector
 261              	.LVL9:
  70:Generated_Source\PSoC5/isr_button_0.c **** 
 262              		.loc 1 70 0
 263 000c 0720     		movs	r0, #7
 264 000e FFF7FEFF 		bl	isr_button_0_SetPriority
 265              	.LVL10:
  73:Generated_Source\PSoC5/isr_button_0.c **** }
 266              		.loc 1 73 0
 267 0012 FFF7FEFF 		bl	isr_button_0_Enable
 268              	.LVL11:
 269 0016 08BD     		pop	{r3, pc}
ARM GAS  C:\Users\CLUBRO~1\AppData\Local\Temp\ccJvmMk0.s 			page 12


 270              	.L29:
 271              		.align	2
 272              	.L28:
 273 0018 00000000 		.word	isr_button_0_Interrupt
 274              		.cfi_endproc
 275              	.LFE0:
 276              		.size	isr_button_0_Start, .-isr_button_0_Start
 277              		.section	.text.isr_button_0_StartEx,"ax",%progbits
 278              		.align	2
 279              		.global	isr_button_0_StartEx
 280              		.thumb
 281              		.thumb_func
 282              		.type	isr_button_0_StartEx, %function
 283              	isr_button_0_StartEx:
 284              	.LFB1:
 105:Generated_Source\PSoC5/isr_button_0.c ****     /* For all we know the interrupt is active. */
 285              		.loc 1 105 0
 286              		.cfi_startproc
 287              		@ args = 0, pretend = 0, frame = 0
 288              		@ frame_needed = 0, uses_anonymous_args = 0
 289              	.LVL12:
 290 0000 10B5     		push	{r4, lr}
 291              		.cfi_def_cfa_offset 8
 292              		.cfi_offset 4, -8
 293              		.cfi_offset 14, -4
 294 0002 0446     		mov	r4, r0
 107:Generated_Source\PSoC5/isr_button_0.c **** 
 295              		.loc 1 107 0
 296 0004 FFF7FEFF 		bl	isr_button_0_Disable
 297              	.LVL13:
 110:Generated_Source\PSoC5/isr_button_0.c **** 
 298              		.loc 1 110 0
 299 0008 2046     		mov	r0, r4
 300 000a FFF7FEFF 		bl	isr_button_0_SetVector
 301              	.LVL14:
 113:Generated_Source\PSoC5/isr_button_0.c **** 
 302              		.loc 1 113 0
 303 000e 0720     		movs	r0, #7
 304 0010 FFF7FEFF 		bl	isr_button_0_SetPriority
 305              	.LVL15:
 116:Generated_Source\PSoC5/isr_button_0.c **** }
 306              		.loc 1 116 0
 307 0014 FFF7FEFF 		bl	isr_button_0_Enable
 308              	.LVL16:
 309 0018 10BD     		pop	{r4, pc}
 310              		.cfi_endproc
 311              	.LFE1:
 312              		.size	isr_button_0_StartEx, .-isr_button_0_StartEx
 313 001a 00BF     		.section	.text.isr_button_0_Stop,"ax",%progbits
 314              		.align	2
 315              		.global	isr_button_0_Stop
 316              		.thumb
 317              		.thumb_func
 318              		.type	isr_button_0_Stop, %function
 319              	isr_button_0_Stop:
 320              	.LFB2:
 135:Generated_Source\PSoC5/isr_button_0.c ****     /* Disable this interrupt. */
ARM GAS  C:\Users\CLUBRO~1\AppData\Local\Temp\ccJvmMk0.s 			page 13


 321              		.loc 1 135 0
 322              		.cfi_startproc
 323              		@ args = 0, pretend = 0, frame = 0
 324              		@ frame_needed = 0, uses_anonymous_args = 0
 325 0000 08B5     		push	{r3, lr}
 326              		.cfi_def_cfa_offset 8
 327              		.cfi_offset 3, -8
 328              		.cfi_offset 14, -4
 137:Generated_Source\PSoC5/isr_button_0.c **** 
 329              		.loc 1 137 0
 330 0002 FFF7FEFF 		bl	isr_button_0_Disable
 331              	.LVL17:
 140:Generated_Source\PSoC5/isr_button_0.c **** }
 332              		.loc 1 140 0
 333 0006 0248     		ldr	r0, .L34
 334 0008 FFF7FEFF 		bl	isr_button_0_SetVector
 335              	.LVL18:
 336 000c 08BD     		pop	{r3, pc}
 337              	.L35:
 338 000e 00BF     		.align	2
 339              	.L34:
 340 0010 00000000 		.word	IntDefaultHandler
 341              		.cfi_endproc
 342              	.LFE2:
 343              		.size	isr_button_0_Stop, .-isr_button_0_Stop
 344              		.section	.text.isr_button_0_SetPending,"ax",%progbits
 345              		.align	2
 346              		.global	isr_button_0_SetPending
 347              		.thumb
 348              		.thumb_func
 349              		.type	isr_button_0_SetPending, %function
 350              	isr_button_0_SetPending:
 351              	.LFB11:
 354:Generated_Source\PSoC5/isr_button_0.c **** }
 355:Generated_Source\PSoC5/isr_button_0.c **** 
 356:Generated_Source\PSoC5/isr_button_0.c **** 
 357:Generated_Source\PSoC5/isr_button_0.c **** /*******************************************************************************
 358:Generated_Source\PSoC5/isr_button_0.c **** * Function Name: isr_button_0_SetPending
 359:Generated_Source\PSoC5/isr_button_0.c **** ********************************************************************************
 360:Generated_Source\PSoC5/isr_button_0.c **** *
 361:Generated_Source\PSoC5/isr_button_0.c **** * Summary:
 362:Generated_Source\PSoC5/isr_button_0.c **** *   Causes the Interrupt to enter the pending state, a software method of
 363:Generated_Source\PSoC5/isr_button_0.c **** *   generating the interrupt.
 364:Generated_Source\PSoC5/isr_button_0.c **** *
 365:Generated_Source\PSoC5/isr_button_0.c **** * Parameters:
 366:Generated_Source\PSoC5/isr_button_0.c **** *   None
 367:Generated_Source\PSoC5/isr_button_0.c **** *
 368:Generated_Source\PSoC5/isr_button_0.c **** * Return:
 369:Generated_Source\PSoC5/isr_button_0.c **** *   None
 370:Generated_Source\PSoC5/isr_button_0.c **** *
 371:Generated_Source\PSoC5/isr_button_0.c **** * Side Effects:
 372:Generated_Source\PSoC5/isr_button_0.c **** *   If interrupts are enabled and the interrupt is set up properly, the ISR is
 373:Generated_Source\PSoC5/isr_button_0.c **** *   entered (depending on the priority of this interrupt and other pending 
 374:Generated_Source\PSoC5/isr_button_0.c **** *   interrupts).
 375:Generated_Source\PSoC5/isr_button_0.c **** *
 376:Generated_Source\PSoC5/isr_button_0.c **** *******************************************************************************/
 377:Generated_Source\PSoC5/isr_button_0.c **** void isr_button_0_SetPending(void)
ARM GAS  C:\Users\CLUBRO~1\AppData\Local\Temp\ccJvmMk0.s 			page 14


 378:Generated_Source\PSoC5/isr_button_0.c **** {
 352              		.loc 1 378 0
 353              		.cfi_startproc
 354              		@ args = 0, pretend = 0, frame = 0
 355              		@ frame_needed = 0, uses_anonymous_args = 0
 356              		@ link register save eliminated.
 379:Generated_Source\PSoC5/isr_button_0.c ****     *isr_button_0_INTC_SET_PD = isr_button_0__INTC_MASK;
 357              		.loc 1 379 0
 358 0000 0122     		movs	r2, #1
 359 0002 014B     		ldr	r3, .L37
 360 0004 1A60     		str	r2, [r3]
 361 0006 7047     		bx	lr
 362              	.L38:
 363              		.align	2
 364              	.L37:
 365 0008 00E200E0 		.word	-536813056
 366              		.cfi_endproc
 367              	.LFE11:
 368              		.size	isr_button_0_SetPending, .-isr_button_0_SetPending
 369              		.section	.text.isr_button_0_ClearPending,"ax",%progbits
 370              		.align	2
 371              		.global	isr_button_0_ClearPending
 372              		.thumb
 373              		.thumb_func
 374              		.type	isr_button_0_ClearPending, %function
 375              	isr_button_0_ClearPending:
 376              	.LFB12:
 380:Generated_Source\PSoC5/isr_button_0.c **** }
 381:Generated_Source\PSoC5/isr_button_0.c **** 
 382:Generated_Source\PSoC5/isr_button_0.c **** 
 383:Generated_Source\PSoC5/isr_button_0.c **** /*******************************************************************************
 384:Generated_Source\PSoC5/isr_button_0.c **** * Function Name: isr_button_0_ClearPending
 385:Generated_Source\PSoC5/isr_button_0.c **** ********************************************************************************
 386:Generated_Source\PSoC5/isr_button_0.c **** *
 387:Generated_Source\PSoC5/isr_button_0.c **** * Summary:
 388:Generated_Source\PSoC5/isr_button_0.c **** *   Clears a pending interrupt in the interrupt controller.
 389:Generated_Source\PSoC5/isr_button_0.c **** *
 390:Generated_Source\PSoC5/isr_button_0.c **** *   Note Some interrupt sources are clear-on-read and require the block 
 391:Generated_Source\PSoC5/isr_button_0.c **** *   interrupt/status register to be read/cleared with the appropriate block API 
 392:Generated_Source\PSoC5/isr_button_0.c **** *   (GPIO, UART, and so on). Otherwise the ISR will continue to remain in 
 393:Generated_Source\PSoC5/isr_button_0.c **** *   pending state even though the interrupt itself is cleared using this API.
 394:Generated_Source\PSoC5/isr_button_0.c **** *
 395:Generated_Source\PSoC5/isr_button_0.c **** * Parameters:
 396:Generated_Source\PSoC5/isr_button_0.c **** *   None
 397:Generated_Source\PSoC5/isr_button_0.c **** *
 398:Generated_Source\PSoC5/isr_button_0.c **** * Return:
 399:Generated_Source\PSoC5/isr_button_0.c **** *   None
 400:Generated_Source\PSoC5/isr_button_0.c **** *
 401:Generated_Source\PSoC5/isr_button_0.c **** *******************************************************************************/
 402:Generated_Source\PSoC5/isr_button_0.c **** void isr_button_0_ClearPending(void)
 403:Generated_Source\PSoC5/isr_button_0.c **** {
 377              		.loc 1 403 0
 378              		.cfi_startproc
 379              		@ args = 0, pretend = 0, frame = 0
 380              		@ frame_needed = 0, uses_anonymous_args = 0
 381              		@ link register save eliminated.
 404:Generated_Source\PSoC5/isr_button_0.c ****     *isr_button_0_INTC_CLR_PD = isr_button_0__INTC_MASK;
ARM GAS  C:\Users\CLUBRO~1\AppData\Local\Temp\ccJvmMk0.s 			page 15


 382              		.loc 1 404 0
 383 0000 0122     		movs	r2, #1
 384 0002 014B     		ldr	r3, .L40
 385 0004 1A60     		str	r2, [r3]
 386 0006 7047     		bx	lr
 387              	.L41:
 388              		.align	2
 389              	.L40:
 390 0008 80E200E0 		.word	-536812928
 391              		.cfi_endproc
 392              	.LFE12:
 393              		.size	isr_button_0_ClearPending, .-isr_button_0_ClearPending
 394              		.text
 395              	.Letext0:
 396              		.file 2 "Generated_Source\\PSoC5/cytypes.h"
 397              		.file 3 "Generated_Source\\PSoC5/CyLib.h"
 398              		.section	.debug_info,"",%progbits
 399              	.Ldebug_info0:
 400 0000 F9020000 		.4byte	0x2f9
 401 0004 0400     		.2byte	0x4
 402 0006 00000000 		.4byte	.Ldebug_abbrev0
 403 000a 04       		.byte	0x4
 404 000b 01       		.uleb128 0x1
 405 000c 86000000 		.4byte	.LASF34
 406 0010 0C       		.byte	0xc
 407 0011 EF020000 		.4byte	.LASF35
 408 0015 50020000 		.4byte	.LASF36
 409 0019 00000000 		.4byte	.Ldebug_ranges0+0
 410 001d 00000000 		.4byte	0
 411 0021 00000000 		.4byte	.Ldebug_line0
 412 0025 02       		.uleb128 0x2
 413 0026 04       		.byte	0x4
 414 0027 05       		.byte	0x5
 415 0028 696E7400 		.ascii	"int\000"
 416 002c 03       		.uleb128 0x3
 417 002d 04       		.byte	0x4
 418 002e 07       		.byte	0x7
 419 002f 69010000 		.4byte	.LASF0
 420 0033 03       		.uleb128 0x3
 421 0034 08       		.byte	0x8
 422 0035 05       		.byte	0x5
 423 0036 C1010000 		.4byte	.LASF1
 424 003a 03       		.uleb128 0x3
 425 003b 08       		.byte	0x8
 426 003c 04       		.byte	0x4
 427 003d 92020000 		.4byte	.LASF2
 428 0041 03       		.uleb128 0x3
 429 0042 01       		.byte	0x1
 430 0043 06       		.byte	0x6
 431 0044 B8020000 		.4byte	.LASF3
 432 0048 03       		.uleb128 0x3
 433 0049 01       		.byte	0x1
 434 004a 08       		.byte	0x8
 435 004b 78000000 		.4byte	.LASF4
 436 004f 03       		.uleb128 0x3
 437 0050 02       		.byte	0x2
 438 0051 05       		.byte	0x5
ARM GAS  C:\Users\CLUBRO~1\AppData\Local\Temp\ccJvmMk0.s 			page 16


 439 0052 58010000 		.4byte	.LASF5
 440 0056 03       		.uleb128 0x3
 441 0057 02       		.byte	0x2
 442 0058 07       		.byte	0x7
 443 0059 06000000 		.4byte	.LASF6
 444 005d 03       		.uleb128 0x3
 445 005e 04       		.byte	0x4
 446 005f 05       		.byte	0x5
 447 0060 89020000 		.4byte	.LASF7
 448 0064 03       		.uleb128 0x3
 449 0065 04       		.byte	0x4
 450 0066 07       		.byte	0x7
 451 0067 19010000 		.4byte	.LASF8
 452 006b 03       		.uleb128 0x3
 453 006c 08       		.byte	0x8
 454 006d 07       		.byte	0x7
 455 006e 7E010000 		.4byte	.LASF9
 456 0072 03       		.uleb128 0x3
 457 0073 04       		.byte	0x4
 458 0074 07       		.byte	0x7
 459 0075 B8010000 		.4byte	.LASF10
 460 0079 03       		.uleb128 0x3
 461 007a 01       		.byte	0x1
 462 007b 08       		.byte	0x8
 463 007c E1010000 		.4byte	.LASF11
 464 0080 04       		.uleb128 0x4
 465 0081 04       		.byte	0x4
 466 0082 86000000 		.4byte	0x86
 467 0086 05       		.uleb128 0x5
 468 0087 06       		.uleb128 0x6
 469 0088 2B010000 		.4byte	.LASF12
 470 008c 02       		.byte	0x2
 471 008d E401     		.2byte	0x1e4
 472 008f 48000000 		.4byte	0x48
 473 0093 06       		.uleb128 0x6
 474 0094 62010000 		.4byte	.LASF13
 475 0098 02       		.byte	0x2
 476 0099 E601     		.2byte	0x1e6
 477 009b 64000000 		.4byte	0x64
 478 009f 03       		.uleb128 0x3
 479 00a0 04       		.byte	0x4
 480 00a1 04       		.byte	0x4
 481 00a2 72000000 		.4byte	.LASF14
 482 00a6 03       		.uleb128 0x3
 483 00a7 08       		.byte	0x8
 484 00a8 04       		.byte	0x4
 485 00a9 51010000 		.4byte	.LASF15
 486 00ad 06       		.uleb128 0x6
 487 00ae 14010000 		.4byte	.LASF16
 488 00b2 02       		.byte	0x2
 489 00b3 8E02     		.2byte	0x28e
 490 00b5 B9000000 		.4byte	0xb9
 491 00b9 07       		.uleb128 0x7
 492 00ba 87000000 		.4byte	0x87
 493 00be 06       		.uleb128 0x6
 494 00bf 00000000 		.4byte	.LASF17
 495 00c3 02       		.byte	0x2
ARM GAS  C:\Users\CLUBRO~1\AppData\Local\Temp\ccJvmMk0.s 			page 17


 496 00c4 9002     		.2byte	0x290
 497 00c6 CA000000 		.4byte	0xca
 498 00ca 07       		.uleb128 0x7
 499 00cb 93000000 		.4byte	0x93
 500 00cf 06       		.uleb128 0x6
 501 00d0 95010000 		.4byte	.LASF18
 502 00d4 02       		.byte	0x2
 503 00d5 A002     		.2byte	0x2a0
 504 00d7 80000000 		.4byte	0x80
 505 00db 08       		.uleb128 0x8
 506 00dc 25020000 		.4byte	.LASF19
 507 00e0 01       		.byte	0x1
 508 00e1 A0       		.byte	0xa0
 509 00e2 00000000 		.4byte	.LFB3
 510 00e6 14000000 		.4byte	.LFE3-.LFB3
 511 00ea 01       		.uleb128 0x1
 512 00eb 9C       		.byte	0x9c
 513 00ec 01010000 		.4byte	0x101
 514 00f0 09       		.uleb128 0x9
 515 00f1 0E000000 		.4byte	.LVL0
 516 00f5 F1020000 		.4byte	0x2f1
 517 00f9 0A       		.uleb128 0xa
 518 00fa 01       		.uleb128 0x1
 519 00fb 50       		.byte	0x50
 520 00fc 02       		.uleb128 0x2
 521 00fd 08       		.byte	0x8
 522 00fe 64       		.byte	0x64
 523 00ff 00       		.byte	0
 524 0100 00       		.byte	0
 525 0101 08       		.uleb128 0x8
 526 0102 3A010000 		.4byte	.LASF20
 527 0106 01       		.byte	0x1
 528 0107 C9       		.byte	0xc9
 529 0108 00000000 		.4byte	.LFB4
 530 010c 0C000000 		.4byte	.LFE4-.LFB4
 531 0110 01       		.uleb128 0x1
 532 0111 9C       		.byte	0x9c
 533 0112 31010000 		.4byte	0x131
 534 0116 0B       		.uleb128 0xb
 535 0117 76010000 		.4byte	.LASF23
 536 011b 01       		.byte	0x1
 537 011c C9       		.byte	0xc9
 538 011d CF000000 		.4byte	0xcf
 539 0121 01       		.uleb128 0x1
 540 0122 50       		.byte	0x50
 541 0123 0C       		.uleb128 0xc
 542 0124 E6010000 		.4byte	.LASF21
 543 0128 01       		.byte	0x1
 544 0129 CB       		.byte	0xcb
 545 012a 31010000 		.4byte	0x131
 546 012e 01       		.uleb128 0x1
 547 012f 53       		.byte	0x53
 548 0130 00       		.byte	0
 549 0131 04       		.uleb128 0x4
 550 0132 04       		.byte	0x4
 551 0133 CF000000 		.4byte	0xcf
 552 0137 0D       		.uleb128 0xd
ARM GAS  C:\Users\CLUBRO~1\AppData\Local\Temp\ccJvmMk0.s 			page 18


 553 0138 0E020000 		.4byte	.LASF25
 554 013c 01       		.byte	0x1
 555 013d E1       		.byte	0xe1
 556 013e CF000000 		.4byte	0xcf
 557 0142 00000000 		.4byte	.LFB5
 558 0146 0C000000 		.4byte	.LFE5-.LFB5
 559 014a 01       		.uleb128 0x1
 560 014b 9C       		.byte	0x9c
 561 014c 5E010000 		.4byte	0x15e
 562 0150 0C       		.uleb128 0xc
 563 0151 E6010000 		.4byte	.LASF21
 564 0155 01       		.byte	0x1
 565 0156 E3       		.byte	0xe3
 566 0157 31010000 		.4byte	0x131
 567 015b 01       		.uleb128 0x1
 568 015c 53       		.byte	0x53
 569 015d 00       		.byte	0
 570 015e 0E       		.uleb128 0xe
 571 015f 19000000 		.4byte	.LASF22
 572 0163 01       		.byte	0x1
 573 0164 0301     		.2byte	0x103
 574 0166 00000000 		.4byte	.LFB6
 575 016a 10000000 		.4byte	.LFE6-.LFB6
 576 016e 01       		.uleb128 0x1
 577 016f 9C       		.byte	0x9c
 578 0170 85010000 		.4byte	0x185
 579 0174 0F       		.uleb128 0xf
 580 0175 31010000 		.4byte	.LASF24
 581 0179 01       		.byte	0x1
 582 017a 0301     		.2byte	0x103
 583 017c 87000000 		.4byte	0x87
 584 0180 00000000 		.4byte	.LLST0
 585 0184 00       		.byte	0
 586 0185 10       		.uleb128 0x10
 587 0186 F5010000 		.4byte	.LASF26
 588 018a 01       		.byte	0x1
 589 018b 1901     		.2byte	0x119
 590 018d 87000000 		.4byte	0x87
 591 0191 00000000 		.4byte	.LFB7
 592 0195 0C000000 		.4byte	.LFE7-.LFB7
 593 0199 01       		.uleb128 0x1
 594 019a 9C       		.byte	0x9c
 595 019b B0010000 		.4byte	0x1b0
 596 019f 11       		.uleb128 0x11
 597 01a0 31010000 		.4byte	.LASF24
 598 01a4 01       		.byte	0x1
 599 01a5 1B01     		.2byte	0x11b
 600 01a7 87000000 		.4byte	0x87
 601 01ab 21000000 		.4byte	.LLST1
 602 01af 00       		.byte	0
 603 01b0 12       		.uleb128 0x12
 604 01b1 3C020000 		.4byte	.LASF27
 605 01b5 01       		.byte	0x1
 606 01b6 3401     		.2byte	0x134
 607 01b8 00000000 		.4byte	.LFB8
 608 01bc 0C000000 		.4byte	.LFE8-.LFB8
 609 01c0 01       		.uleb128 0x1
ARM GAS  C:\Users\CLUBRO~1\AppData\Local\Temp\ccJvmMk0.s 			page 19


 610 01c1 9C       		.byte	0x9c
 611 01c2 13       		.uleb128 0x13
 612 01c3 A2010000 		.4byte	.LASF37
 613 01c7 01       		.byte	0x1
 614 01c8 4901     		.2byte	0x149
 615 01ca 87000000 		.4byte	0x87
 616 01ce 00000000 		.4byte	.LFB9
 617 01d2 10000000 		.4byte	.LFE9-.LFB9
 618 01d6 01       		.uleb128 0x1
 619 01d7 9C       		.byte	0x9c
 620 01d8 12       		.uleb128 0x12
 621 01d9 4A000000 		.4byte	.LASF28
 622 01dd 01       		.byte	0x1
 623 01de 5E01     		.2byte	0x15e
 624 01e0 00000000 		.4byte	.LFB10
 625 01e4 0C000000 		.4byte	.LFE10-.LFB10
 626 01e8 01       		.uleb128 0x1
 627 01e9 9C       		.byte	0x9c
 628 01ea 08       		.uleb128 0x8
 629 01eb 5F000000 		.4byte	.LASF29
 630 01ef 01       		.byte	0x1
 631 01f0 3D       		.byte	0x3d
 632 01f1 00000000 		.4byte	.LFB0
 633 01f5 1C000000 		.4byte	.LFE0-.LFB0
 634 01f9 01       		.uleb128 0x1
 635 01fa 9C       		.byte	0x9c
 636 01fb 3C020000 		.4byte	0x23c
 637 01ff 14       		.uleb128 0x14
 638 0200 06000000 		.4byte	.LVL8
 639 0204 D8010000 		.4byte	0x1d8
 640 0208 15       		.uleb128 0x15
 641 0209 0C000000 		.4byte	.LVL9
 642 020d 01010000 		.4byte	0x101
 643 0211 1F020000 		.4byte	0x21f
 644 0215 0A       		.uleb128 0xa
 645 0216 01       		.uleb128 0x1
 646 0217 50       		.byte	0x50
 647 0218 05       		.uleb128 0x5
 648 0219 03       		.byte	0x3
 649 021a 00000000 		.4byte	isr_button_0_Interrupt
 650 021e 00       		.byte	0
 651 021f 15       		.uleb128 0x15
 652 0220 12000000 		.4byte	.LVL10
 653 0224 5E010000 		.4byte	0x15e
 654 0228 32020000 		.4byte	0x232
 655 022c 0A       		.uleb128 0xa
 656 022d 01       		.uleb128 0x1
 657 022e 50       		.byte	0x50
 658 022f 01       		.uleb128 0x1
 659 0230 37       		.byte	0x37
 660 0231 00       		.byte	0
 661 0232 14       		.uleb128 0x14
 662 0233 16000000 		.4byte	.LVL11
 663 0237 B0010000 		.4byte	0x1b0
 664 023b 00       		.byte	0
 665 023c 08       		.uleb128 0x8
 666 023d D2020000 		.4byte	.LASF30
ARM GAS  C:\Users\CLUBRO~1\AppData\Local\Temp\ccJvmMk0.s 			page 20


 667 0241 01       		.byte	0x1
 668 0242 68       		.byte	0x68
 669 0243 00000000 		.4byte	.LFB1
 670 0247 1A000000 		.4byte	.LFE1-.LFB1
 671 024b 01       		.uleb128 0x1
 672 024c 9C       		.byte	0x9c
 673 024d 9A020000 		.4byte	0x29a
 674 0251 16       		.uleb128 0x16
 675 0252 76010000 		.4byte	.LASF23
 676 0256 01       		.byte	0x1
 677 0257 68       		.byte	0x68
 678 0258 CF000000 		.4byte	0xcf
 679 025c 38000000 		.4byte	.LLST2
 680 0260 14       		.uleb128 0x14
 681 0261 08000000 		.4byte	.LVL13
 682 0265 D8010000 		.4byte	0x1d8
 683 0269 15       		.uleb128 0x15
 684 026a 0E000000 		.4byte	.LVL14
 685 026e 01010000 		.4byte	0x101
 686 0272 7D020000 		.4byte	0x27d
 687 0276 0A       		.uleb128 0xa
 688 0277 01       		.uleb128 0x1
 689 0278 50       		.byte	0x50
 690 0279 02       		.uleb128 0x2
 691 027a 74       		.byte	0x74
 692 027b 00       		.sleb128 0
 693 027c 00       		.byte	0
 694 027d 15       		.uleb128 0x15
 695 027e 14000000 		.4byte	.LVL15
 696 0282 5E010000 		.4byte	0x15e
 697 0286 90020000 		.4byte	0x290
 698 028a 0A       		.uleb128 0xa
 699 028b 01       		.uleb128 0x1
 700 028c 50       		.byte	0x50
 701 028d 01       		.uleb128 0x1
 702 028e 37       		.byte	0x37
 703 028f 00       		.byte	0
 704 0290 14       		.uleb128 0x14
 705 0291 18000000 		.4byte	.LVL16
 706 0295 B0010000 		.4byte	0x1b0
 707 0299 00       		.byte	0
 708 029a 08       		.uleb128 0x8
 709 029b CF010000 		.4byte	.LASF31
 710 029f 01       		.byte	0x1
 711 02a0 86       		.byte	0x86
 712 02a1 00000000 		.4byte	.LFB2
 713 02a5 14000000 		.4byte	.LFE2-.LFB2
 714 02a9 01       		.uleb128 0x1
 715 02aa 9C       		.byte	0x9c
 716 02ab C2020000 		.4byte	0x2c2
 717 02af 14       		.uleb128 0x14
 718 02b0 06000000 		.4byte	.LVL17
 719 02b4 D8010000 		.4byte	0x1d8
 720 02b8 14       		.uleb128 0x14
 721 02b9 0C000000 		.4byte	.LVL18
 722 02bd 01010000 		.4byte	0x101
 723 02c1 00       		.byte	0
ARM GAS  C:\Users\CLUBRO~1\AppData\Local\Temp\ccJvmMk0.s 			page 21


 724 02c2 12       		.uleb128 0x12
 725 02c3 32000000 		.4byte	.LASF32
 726 02c7 01       		.byte	0x1
 727 02c8 7901     		.2byte	0x179
 728 02ca 00000000 		.4byte	.LFB11
 729 02ce 0C000000 		.4byte	.LFE11-.LFB11
 730 02d2 01       		.uleb128 0x1
 731 02d3 9C       		.byte	0x9c
 732 02d4 12       		.uleb128 0x12
 733 02d5 9E020000 		.4byte	.LASF33
 734 02d9 01       		.byte	0x1
 735 02da 9201     		.2byte	0x192
 736 02dc 00000000 		.4byte	.LFB12
 737 02e0 0C000000 		.4byte	.LFE12-.LFB12
 738 02e4 01       		.uleb128 0x1
 739 02e5 9C       		.byte	0x9c
 740 02e6 17       		.uleb128 0x17
 741 02e7 C4020000 		.4byte	.LASF38
 742 02eb 01       		.byte	0x1
 743 02ec 1E       		.byte	0x1e
 744 02ed 87000000 		.4byte	0x87
 745 02f1 18       		.uleb128 0x18
 746 02f2 E7020000 		.4byte	.LASF39
 747 02f6 E7020000 		.4byte	.LASF39
 748 02fa 03       		.byte	0x3
 749 02fb 76       		.byte	0x76
 750 02fc 00       		.byte	0
 751              		.section	.debug_abbrev,"",%progbits
 752              	.Ldebug_abbrev0:
 753 0000 01       		.uleb128 0x1
 754 0001 11       		.uleb128 0x11
 755 0002 01       		.byte	0x1
 756 0003 25       		.uleb128 0x25
 757 0004 0E       		.uleb128 0xe
 758 0005 13       		.uleb128 0x13
 759 0006 0B       		.uleb128 0xb
 760 0007 03       		.uleb128 0x3
 761 0008 0E       		.uleb128 0xe
 762 0009 1B       		.uleb128 0x1b
 763 000a 0E       		.uleb128 0xe
 764 000b 55       		.uleb128 0x55
 765 000c 17       		.uleb128 0x17
 766 000d 11       		.uleb128 0x11
 767 000e 01       		.uleb128 0x1
 768 000f 10       		.uleb128 0x10
 769 0010 17       		.uleb128 0x17
 770 0011 00       		.byte	0
 771 0012 00       		.byte	0
 772 0013 02       		.uleb128 0x2
 773 0014 24       		.uleb128 0x24
 774 0015 00       		.byte	0
 775 0016 0B       		.uleb128 0xb
 776 0017 0B       		.uleb128 0xb
 777 0018 3E       		.uleb128 0x3e
 778 0019 0B       		.uleb128 0xb
 779 001a 03       		.uleb128 0x3
 780 001b 08       		.uleb128 0x8
ARM GAS  C:\Users\CLUBRO~1\AppData\Local\Temp\ccJvmMk0.s 			page 22


 781 001c 00       		.byte	0
 782 001d 00       		.byte	0
 783 001e 03       		.uleb128 0x3
 784 001f 24       		.uleb128 0x24
 785 0020 00       		.byte	0
 786 0021 0B       		.uleb128 0xb
 787 0022 0B       		.uleb128 0xb
 788 0023 3E       		.uleb128 0x3e
 789 0024 0B       		.uleb128 0xb
 790 0025 03       		.uleb128 0x3
 791 0026 0E       		.uleb128 0xe
 792 0027 00       		.byte	0
 793 0028 00       		.byte	0
 794 0029 04       		.uleb128 0x4
 795 002a 0F       		.uleb128 0xf
 796 002b 00       		.byte	0
 797 002c 0B       		.uleb128 0xb
 798 002d 0B       		.uleb128 0xb
 799 002e 49       		.uleb128 0x49
 800 002f 13       		.uleb128 0x13
 801 0030 00       		.byte	0
 802 0031 00       		.byte	0
 803 0032 05       		.uleb128 0x5
 804 0033 15       		.uleb128 0x15
 805 0034 00       		.byte	0
 806 0035 27       		.uleb128 0x27
 807 0036 19       		.uleb128 0x19
 808 0037 00       		.byte	0
 809 0038 00       		.byte	0
 810 0039 06       		.uleb128 0x6
 811 003a 16       		.uleb128 0x16
 812 003b 00       		.byte	0
 813 003c 03       		.uleb128 0x3
 814 003d 0E       		.uleb128 0xe
 815 003e 3A       		.uleb128 0x3a
 816 003f 0B       		.uleb128 0xb
 817 0040 3B       		.uleb128 0x3b
 818 0041 05       		.uleb128 0x5
 819 0042 49       		.uleb128 0x49
 820 0043 13       		.uleb128 0x13
 821 0044 00       		.byte	0
 822 0045 00       		.byte	0
 823 0046 07       		.uleb128 0x7
 824 0047 35       		.uleb128 0x35
 825 0048 00       		.byte	0
 826 0049 49       		.uleb128 0x49
 827 004a 13       		.uleb128 0x13
 828 004b 00       		.byte	0
 829 004c 00       		.byte	0
 830 004d 08       		.uleb128 0x8
 831 004e 2E       		.uleb128 0x2e
 832 004f 01       		.byte	0x1
 833 0050 3F       		.uleb128 0x3f
 834 0051 19       		.uleb128 0x19
 835 0052 03       		.uleb128 0x3
 836 0053 0E       		.uleb128 0xe
 837 0054 3A       		.uleb128 0x3a
ARM GAS  C:\Users\CLUBRO~1\AppData\Local\Temp\ccJvmMk0.s 			page 23


 838 0055 0B       		.uleb128 0xb
 839 0056 3B       		.uleb128 0x3b
 840 0057 0B       		.uleb128 0xb
 841 0058 27       		.uleb128 0x27
 842 0059 19       		.uleb128 0x19
 843 005a 11       		.uleb128 0x11
 844 005b 01       		.uleb128 0x1
 845 005c 12       		.uleb128 0x12
 846 005d 06       		.uleb128 0x6
 847 005e 40       		.uleb128 0x40
 848 005f 18       		.uleb128 0x18
 849 0060 9742     		.uleb128 0x2117
 850 0062 19       		.uleb128 0x19
 851 0063 01       		.uleb128 0x1
 852 0064 13       		.uleb128 0x13
 853 0065 00       		.byte	0
 854 0066 00       		.byte	0
 855 0067 09       		.uleb128 0x9
 856 0068 898201   		.uleb128 0x4109
 857 006b 01       		.byte	0x1
 858 006c 11       		.uleb128 0x11
 859 006d 01       		.uleb128 0x1
 860 006e 31       		.uleb128 0x31
 861 006f 13       		.uleb128 0x13
 862 0070 00       		.byte	0
 863 0071 00       		.byte	0
 864 0072 0A       		.uleb128 0xa
 865 0073 8A8201   		.uleb128 0x410a
 866 0076 00       		.byte	0
 867 0077 02       		.uleb128 0x2
 868 0078 18       		.uleb128 0x18
 869 0079 9142     		.uleb128 0x2111
 870 007b 18       		.uleb128 0x18
 871 007c 00       		.byte	0
 872 007d 00       		.byte	0
 873 007e 0B       		.uleb128 0xb
 874 007f 05       		.uleb128 0x5
 875 0080 00       		.byte	0
 876 0081 03       		.uleb128 0x3
 877 0082 0E       		.uleb128 0xe
 878 0083 3A       		.uleb128 0x3a
 879 0084 0B       		.uleb128 0xb
 880 0085 3B       		.uleb128 0x3b
 881 0086 0B       		.uleb128 0xb
 882 0087 49       		.uleb128 0x49
 883 0088 13       		.uleb128 0x13
 884 0089 02       		.uleb128 0x2
 885 008a 18       		.uleb128 0x18
 886 008b 00       		.byte	0
 887 008c 00       		.byte	0
 888 008d 0C       		.uleb128 0xc
 889 008e 34       		.uleb128 0x34
 890 008f 00       		.byte	0
 891 0090 03       		.uleb128 0x3
 892 0091 0E       		.uleb128 0xe
 893 0092 3A       		.uleb128 0x3a
 894 0093 0B       		.uleb128 0xb
ARM GAS  C:\Users\CLUBRO~1\AppData\Local\Temp\ccJvmMk0.s 			page 24


 895 0094 3B       		.uleb128 0x3b
 896 0095 0B       		.uleb128 0xb
 897 0096 49       		.uleb128 0x49
 898 0097 13       		.uleb128 0x13
 899 0098 02       		.uleb128 0x2
 900 0099 18       		.uleb128 0x18
 901 009a 00       		.byte	0
 902 009b 00       		.byte	0
 903 009c 0D       		.uleb128 0xd
 904 009d 2E       		.uleb128 0x2e
 905 009e 01       		.byte	0x1
 906 009f 3F       		.uleb128 0x3f
 907 00a0 19       		.uleb128 0x19
 908 00a1 03       		.uleb128 0x3
 909 00a2 0E       		.uleb128 0xe
 910 00a3 3A       		.uleb128 0x3a
 911 00a4 0B       		.uleb128 0xb
 912 00a5 3B       		.uleb128 0x3b
 913 00a6 0B       		.uleb128 0xb
 914 00a7 27       		.uleb128 0x27
 915 00a8 19       		.uleb128 0x19
 916 00a9 49       		.uleb128 0x49
 917 00aa 13       		.uleb128 0x13
 918 00ab 11       		.uleb128 0x11
 919 00ac 01       		.uleb128 0x1
 920 00ad 12       		.uleb128 0x12
 921 00ae 06       		.uleb128 0x6
 922 00af 40       		.uleb128 0x40
 923 00b0 18       		.uleb128 0x18
 924 00b1 9742     		.uleb128 0x2117
 925 00b3 19       		.uleb128 0x19
 926 00b4 01       		.uleb128 0x1
 927 00b5 13       		.uleb128 0x13
 928 00b6 00       		.byte	0
 929 00b7 00       		.byte	0
 930 00b8 0E       		.uleb128 0xe
 931 00b9 2E       		.uleb128 0x2e
 932 00ba 01       		.byte	0x1
 933 00bb 3F       		.uleb128 0x3f
 934 00bc 19       		.uleb128 0x19
 935 00bd 03       		.uleb128 0x3
 936 00be 0E       		.uleb128 0xe
 937 00bf 3A       		.uleb128 0x3a
 938 00c0 0B       		.uleb128 0xb
 939 00c1 3B       		.uleb128 0x3b
 940 00c2 05       		.uleb128 0x5
 941 00c3 27       		.uleb128 0x27
 942 00c4 19       		.uleb128 0x19
 943 00c5 11       		.uleb128 0x11
 944 00c6 01       		.uleb128 0x1
 945 00c7 12       		.uleb128 0x12
 946 00c8 06       		.uleb128 0x6
 947 00c9 40       		.uleb128 0x40
 948 00ca 18       		.uleb128 0x18
 949 00cb 9742     		.uleb128 0x2117
 950 00cd 19       		.uleb128 0x19
 951 00ce 01       		.uleb128 0x1
ARM GAS  C:\Users\CLUBRO~1\AppData\Local\Temp\ccJvmMk0.s 			page 25


 952 00cf 13       		.uleb128 0x13
 953 00d0 00       		.byte	0
 954 00d1 00       		.byte	0
 955 00d2 0F       		.uleb128 0xf
 956 00d3 05       		.uleb128 0x5
 957 00d4 00       		.byte	0
 958 00d5 03       		.uleb128 0x3
 959 00d6 0E       		.uleb128 0xe
 960 00d7 3A       		.uleb128 0x3a
 961 00d8 0B       		.uleb128 0xb
 962 00d9 3B       		.uleb128 0x3b
 963 00da 05       		.uleb128 0x5
 964 00db 49       		.uleb128 0x49
 965 00dc 13       		.uleb128 0x13
 966 00dd 02       		.uleb128 0x2
 967 00de 17       		.uleb128 0x17
 968 00df 00       		.byte	0
 969 00e0 00       		.byte	0
 970 00e1 10       		.uleb128 0x10
 971 00e2 2E       		.uleb128 0x2e
 972 00e3 01       		.byte	0x1
 973 00e4 3F       		.uleb128 0x3f
 974 00e5 19       		.uleb128 0x19
 975 00e6 03       		.uleb128 0x3
 976 00e7 0E       		.uleb128 0xe
 977 00e8 3A       		.uleb128 0x3a
 978 00e9 0B       		.uleb128 0xb
 979 00ea 3B       		.uleb128 0x3b
 980 00eb 05       		.uleb128 0x5
 981 00ec 27       		.uleb128 0x27
 982 00ed 19       		.uleb128 0x19
 983 00ee 49       		.uleb128 0x49
 984 00ef 13       		.uleb128 0x13
 985 00f0 11       		.uleb128 0x11
 986 00f1 01       		.uleb128 0x1
 987 00f2 12       		.uleb128 0x12
 988 00f3 06       		.uleb128 0x6
 989 00f4 40       		.uleb128 0x40
 990 00f5 18       		.uleb128 0x18
 991 00f6 9742     		.uleb128 0x2117
 992 00f8 19       		.uleb128 0x19
 993 00f9 01       		.uleb128 0x1
 994 00fa 13       		.uleb128 0x13
 995 00fb 00       		.byte	0
 996 00fc 00       		.byte	0
 997 00fd 11       		.uleb128 0x11
 998 00fe 34       		.uleb128 0x34
 999 00ff 00       		.byte	0
 1000 0100 03       		.uleb128 0x3
 1001 0101 0E       		.uleb128 0xe
 1002 0102 3A       		.uleb128 0x3a
 1003 0103 0B       		.uleb128 0xb
 1004 0104 3B       		.uleb128 0x3b
 1005 0105 05       		.uleb128 0x5
 1006 0106 49       		.uleb128 0x49
 1007 0107 13       		.uleb128 0x13
 1008 0108 02       		.uleb128 0x2
ARM GAS  C:\Users\CLUBRO~1\AppData\Local\Temp\ccJvmMk0.s 			page 26


 1009 0109 17       		.uleb128 0x17
 1010 010a 00       		.byte	0
 1011 010b 00       		.byte	0
 1012 010c 12       		.uleb128 0x12
 1013 010d 2E       		.uleb128 0x2e
 1014 010e 00       		.byte	0
 1015 010f 3F       		.uleb128 0x3f
 1016 0110 19       		.uleb128 0x19
 1017 0111 03       		.uleb128 0x3
 1018 0112 0E       		.uleb128 0xe
 1019 0113 3A       		.uleb128 0x3a
 1020 0114 0B       		.uleb128 0xb
 1021 0115 3B       		.uleb128 0x3b
 1022 0116 05       		.uleb128 0x5
 1023 0117 27       		.uleb128 0x27
 1024 0118 19       		.uleb128 0x19
 1025 0119 11       		.uleb128 0x11
 1026 011a 01       		.uleb128 0x1
 1027 011b 12       		.uleb128 0x12
 1028 011c 06       		.uleb128 0x6
 1029 011d 40       		.uleb128 0x40
 1030 011e 18       		.uleb128 0x18
 1031 011f 9742     		.uleb128 0x2117
 1032 0121 19       		.uleb128 0x19
 1033 0122 00       		.byte	0
 1034 0123 00       		.byte	0
 1035 0124 13       		.uleb128 0x13
 1036 0125 2E       		.uleb128 0x2e
 1037 0126 00       		.byte	0
 1038 0127 3F       		.uleb128 0x3f
 1039 0128 19       		.uleb128 0x19
 1040 0129 03       		.uleb128 0x3
 1041 012a 0E       		.uleb128 0xe
 1042 012b 3A       		.uleb128 0x3a
 1043 012c 0B       		.uleb128 0xb
 1044 012d 3B       		.uleb128 0x3b
 1045 012e 05       		.uleb128 0x5
 1046 012f 27       		.uleb128 0x27
 1047 0130 19       		.uleb128 0x19
 1048 0131 49       		.uleb128 0x49
 1049 0132 13       		.uleb128 0x13
 1050 0133 11       		.uleb128 0x11
 1051 0134 01       		.uleb128 0x1
 1052 0135 12       		.uleb128 0x12
 1053 0136 06       		.uleb128 0x6
 1054 0137 40       		.uleb128 0x40
 1055 0138 18       		.uleb128 0x18
 1056 0139 9742     		.uleb128 0x2117
 1057 013b 19       		.uleb128 0x19
 1058 013c 00       		.byte	0
 1059 013d 00       		.byte	0
 1060 013e 14       		.uleb128 0x14
 1061 013f 898201   		.uleb128 0x4109
 1062 0142 00       		.byte	0
 1063 0143 11       		.uleb128 0x11
 1064 0144 01       		.uleb128 0x1
 1065 0145 31       		.uleb128 0x31
ARM GAS  C:\Users\CLUBRO~1\AppData\Local\Temp\ccJvmMk0.s 			page 27


 1066 0146 13       		.uleb128 0x13
 1067 0147 00       		.byte	0
 1068 0148 00       		.byte	0
 1069 0149 15       		.uleb128 0x15
 1070 014a 898201   		.uleb128 0x4109
 1071 014d 01       		.byte	0x1
 1072 014e 11       		.uleb128 0x11
 1073 014f 01       		.uleb128 0x1
 1074 0150 31       		.uleb128 0x31
 1075 0151 13       		.uleb128 0x13
 1076 0152 01       		.uleb128 0x1
 1077 0153 13       		.uleb128 0x13
 1078 0154 00       		.byte	0
 1079 0155 00       		.byte	0
 1080 0156 16       		.uleb128 0x16
 1081 0157 05       		.uleb128 0x5
 1082 0158 00       		.byte	0
 1083 0159 03       		.uleb128 0x3
 1084 015a 0E       		.uleb128 0xe
 1085 015b 3A       		.uleb128 0x3a
 1086 015c 0B       		.uleb128 0xb
 1087 015d 3B       		.uleb128 0x3b
 1088 015e 0B       		.uleb128 0xb
 1089 015f 49       		.uleb128 0x49
 1090 0160 13       		.uleb128 0x13
 1091 0161 02       		.uleb128 0x2
 1092 0162 17       		.uleb128 0x17
 1093 0163 00       		.byte	0
 1094 0164 00       		.byte	0
 1095 0165 17       		.uleb128 0x17
 1096 0166 34       		.uleb128 0x34
 1097 0167 00       		.byte	0
 1098 0168 03       		.uleb128 0x3
 1099 0169 0E       		.uleb128 0xe
 1100 016a 3A       		.uleb128 0x3a
 1101 016b 0B       		.uleb128 0xb
 1102 016c 3B       		.uleb128 0x3b
 1103 016d 0B       		.uleb128 0xb
 1104 016e 49       		.uleb128 0x49
 1105 016f 13       		.uleb128 0x13
 1106 0170 3F       		.uleb128 0x3f
 1107 0171 19       		.uleb128 0x19
 1108 0172 3C       		.uleb128 0x3c
 1109 0173 19       		.uleb128 0x19
 1110 0174 00       		.byte	0
 1111 0175 00       		.byte	0
 1112 0176 18       		.uleb128 0x18
 1113 0177 2E       		.uleb128 0x2e
 1114 0178 00       		.byte	0
 1115 0179 3F       		.uleb128 0x3f
 1116 017a 19       		.uleb128 0x19
 1117 017b 3C       		.uleb128 0x3c
 1118 017c 19       		.uleb128 0x19
 1119 017d 6E       		.uleb128 0x6e
 1120 017e 0E       		.uleb128 0xe
 1121 017f 03       		.uleb128 0x3
 1122 0180 0E       		.uleb128 0xe
ARM GAS  C:\Users\CLUBRO~1\AppData\Local\Temp\ccJvmMk0.s 			page 28


 1123 0181 3A       		.uleb128 0x3a
 1124 0182 0B       		.uleb128 0xb
 1125 0183 3B       		.uleb128 0x3b
 1126 0184 0B       		.uleb128 0xb
 1127 0185 00       		.byte	0
 1128 0186 00       		.byte	0
 1129 0187 00       		.byte	0
 1130              		.section	.debug_loc,"",%progbits
 1131              	.Ldebug_loc0:
 1132              	.LLST0:
 1133 0000 00000000 		.4byte	.LVL4
 1134 0004 02000000 		.4byte	.LVL5
 1135 0008 0100     		.2byte	0x1
 1136 000a 50       		.byte	0x50
 1137 000b 02000000 		.4byte	.LVL5
 1138 000f 10000000 		.4byte	.LFE6
 1139 0013 0400     		.2byte	0x4
 1140 0015 F3       		.byte	0xf3
 1141 0016 01       		.uleb128 0x1
 1142 0017 50       		.byte	0x50
 1143 0018 9F       		.byte	0x9f
 1144 0019 00000000 		.4byte	0
 1145 001d 00000000 		.4byte	0
 1146              	.LLST1:
 1147 0021 04000000 		.4byte	.LVL6
 1148 0025 06000000 		.4byte	.LVL7
 1149 0029 0500     		.2byte	0x5
 1150 002b 70       		.byte	0x70
 1151 002c 00       		.sleb128 0
 1152 002d 35       		.byte	0x35
 1153 002e 25       		.byte	0x25
 1154 002f 9F       		.byte	0x9f
 1155 0030 00000000 		.4byte	0
 1156 0034 00000000 		.4byte	0
 1157              	.LLST2:
 1158 0038 00000000 		.4byte	.LVL12
 1159 003c 07000000 		.4byte	.LVL13-1
 1160 0040 0100     		.2byte	0x1
 1161 0042 50       		.byte	0x50
 1162 0043 07000000 		.4byte	.LVL13-1
 1163 0047 1A000000 		.4byte	.LFE1
 1164 004b 0100     		.2byte	0x1
 1165 004d 54       		.byte	0x54
 1166 004e 00000000 		.4byte	0
 1167 0052 00000000 		.4byte	0
 1168              		.section	.debug_aranges,"",%progbits
 1169 0000 7C000000 		.4byte	0x7c
 1170 0004 0200     		.2byte	0x2
 1171 0006 00000000 		.4byte	.Ldebug_info0
 1172 000a 04       		.byte	0x4
 1173 000b 00       		.byte	0
 1174 000c 0000     		.2byte	0
 1175 000e 0000     		.2byte	0
 1176 0010 00000000 		.4byte	.LFB3
 1177 0014 14000000 		.4byte	.LFE3-.LFB3
 1178 0018 00000000 		.4byte	.LFB4
 1179 001c 0C000000 		.4byte	.LFE4-.LFB4
ARM GAS  C:\Users\CLUBRO~1\AppData\Local\Temp\ccJvmMk0.s 			page 29


 1180 0020 00000000 		.4byte	.LFB5
 1181 0024 0C000000 		.4byte	.LFE5-.LFB5
 1182 0028 00000000 		.4byte	.LFB6
 1183 002c 10000000 		.4byte	.LFE6-.LFB6
 1184 0030 00000000 		.4byte	.LFB7
 1185 0034 0C000000 		.4byte	.LFE7-.LFB7
 1186 0038 00000000 		.4byte	.LFB8
 1187 003c 0C000000 		.4byte	.LFE8-.LFB8
 1188 0040 00000000 		.4byte	.LFB9
 1189 0044 10000000 		.4byte	.LFE9-.LFB9
 1190 0048 00000000 		.4byte	.LFB10
 1191 004c 0C000000 		.4byte	.LFE10-.LFB10
 1192 0050 00000000 		.4byte	.LFB0
 1193 0054 1C000000 		.4byte	.LFE0-.LFB0
 1194 0058 00000000 		.4byte	.LFB1
 1195 005c 1A000000 		.4byte	.LFE1-.LFB1
 1196 0060 00000000 		.4byte	.LFB2
 1197 0064 14000000 		.4byte	.LFE2-.LFB2
 1198 0068 00000000 		.4byte	.LFB11
 1199 006c 0C000000 		.4byte	.LFE11-.LFB11
 1200 0070 00000000 		.4byte	.LFB12
 1201 0074 0C000000 		.4byte	.LFE12-.LFB12
 1202 0078 00000000 		.4byte	0
 1203 007c 00000000 		.4byte	0
 1204              		.section	.debug_ranges,"",%progbits
 1205              	.Ldebug_ranges0:
 1206 0000 00000000 		.4byte	.LFB3
 1207 0004 14000000 		.4byte	.LFE3
 1208 0008 00000000 		.4byte	.LFB4
 1209 000c 0C000000 		.4byte	.LFE4
 1210 0010 00000000 		.4byte	.LFB5
 1211 0014 0C000000 		.4byte	.LFE5
 1212 0018 00000000 		.4byte	.LFB6
 1213 001c 10000000 		.4byte	.LFE6
 1214 0020 00000000 		.4byte	.LFB7
 1215 0024 0C000000 		.4byte	.LFE7
 1216 0028 00000000 		.4byte	.LFB8
 1217 002c 0C000000 		.4byte	.LFE8
 1218 0030 00000000 		.4byte	.LFB9
 1219 0034 10000000 		.4byte	.LFE9
 1220 0038 00000000 		.4byte	.LFB10
 1221 003c 0C000000 		.4byte	.LFE10
 1222 0040 00000000 		.4byte	.LFB0
 1223 0044 1C000000 		.4byte	.LFE0
 1224 0048 00000000 		.4byte	.LFB1
 1225 004c 1A000000 		.4byte	.LFE1
 1226 0050 00000000 		.4byte	.LFB2
 1227 0054 14000000 		.4byte	.LFE2
 1228 0058 00000000 		.4byte	.LFB11
 1229 005c 0C000000 		.4byte	.LFE11
 1230 0060 00000000 		.4byte	.LFB12
 1231 0064 0C000000 		.4byte	.LFE12
 1232 0068 00000000 		.4byte	0
 1233 006c 00000000 		.4byte	0
 1234              		.section	.debug_line,"",%progbits
 1235              	.Ldebug_line0:
 1236 0000 42010000 		.section	.debug_str,"MS",%progbits,1
ARM GAS  C:\Users\CLUBRO~1\AppData\Local\Temp\ccJvmMk0.s 			page 30


 1236      02005400 
 1236      00000201 
 1236      FB0E0D00 
 1236      01010101 
 1237              	.LASF17:
 1238 0000 72656733 		.ascii	"reg32\000"
 1238      3200
 1239              	.LASF6:
 1240 0006 73686F72 		.ascii	"short unsigned int\000"
 1240      7420756E 
 1240      7369676E 
 1240      65642069 
 1240      6E7400
 1241              	.LASF22:
 1242 0019 6973725F 		.ascii	"isr_button_0_SetPriority\000"
 1242      62757474 
 1242      6F6E5F30 
 1242      5F536574 
 1242      5072696F 
 1243              	.LASF32:
 1244 0032 6973725F 		.ascii	"isr_button_0_SetPending\000"
 1244      62757474 
 1244      6F6E5F30 
 1244      5F536574 
 1244      50656E64 
 1245              	.LASF28:
 1246 004a 6973725F 		.ascii	"isr_button_0_Disable\000"
 1246      62757474 
 1246      6F6E5F30 
 1246      5F446973 
 1246      61626C65 
 1247              	.LASF29:
 1248 005f 6973725F 		.ascii	"isr_button_0_Start\000"
 1248      62757474 
 1248      6F6E5F30 
 1248      5F537461 
 1248      727400
 1249              	.LASF14:
 1250 0072 666C6F61 		.ascii	"float\000"
 1250      7400
 1251              	.LASF4:
 1252 0078 756E7369 		.ascii	"unsigned char\000"
 1252      676E6564 
 1252      20636861 
 1252      7200
 1253              	.LASF34:
 1254 0086 474E5520 		.ascii	"GNU C11 5.4.1 20160609 (release) [ARM/embedded-5-br"
 1254      43313120 
 1254      352E342E 
 1254      31203230 
 1254      31363036 
 1255 00b9 616E6368 		.ascii	"anch revision 237715] -mcpu=cortex-m3 -mthumb -g -O"
 1255      20726576 
 1255      6973696F 
 1255      6E203233 
 1255      37373135 
 1256 00ec 67202D66 		.ascii	"g -ffunction-sections -ffat-lto-objects\000"
ARM GAS  C:\Users\CLUBRO~1\AppData\Local\Temp\ccJvmMk0.s 			page 31


 1256      66756E63 
 1256      74696F6E 
 1256      2D736563 
 1256      74696F6E 
 1257              	.LASF16:
 1258 0114 72656738 		.ascii	"reg8\000"
 1258      00
 1259              	.LASF8:
 1260 0119 6C6F6E67 		.ascii	"long unsigned int\000"
 1260      20756E73 
 1260      69676E65 
 1260      6420696E 
 1260      7400
 1261              	.LASF12:
 1262 012b 75696E74 		.ascii	"uint8\000"
 1262      3800
 1263              	.LASF24:
 1264 0131 7072696F 		.ascii	"priority\000"
 1264      72697479 
 1264      00
 1265              	.LASF20:
 1266 013a 6973725F 		.ascii	"isr_button_0_SetVector\000"
 1266      62757474 
 1266      6F6E5F30 
 1266      5F536574 
 1266      56656374 
 1267              	.LASF15:
 1268 0151 646F7562 		.ascii	"double\000"
 1268      6C6500
 1269              	.LASF5:
 1270 0158 73686F72 		.ascii	"short int\000"
 1270      7420696E 
 1270      7400
 1271              	.LASF13:
 1272 0162 75696E74 		.ascii	"uint32\000"
 1272      333200
 1273              	.LASF0:
 1274 0169 756E7369 		.ascii	"unsigned int\000"
 1274      676E6564 
 1274      20696E74 
 1274      00
 1275              	.LASF23:
 1276 0176 61646472 		.ascii	"address\000"
 1276      65737300 
 1277              	.LASF9:
 1278 017e 6C6F6E67 		.ascii	"long long unsigned int\000"
 1278      206C6F6E 
 1278      6720756E 
 1278      7369676E 
 1278      65642069 
 1279              	.LASF18:
 1280 0195 63796973 		.ascii	"cyisraddress\000"
 1280      72616464 
 1280      72657373 
 1280      00
 1281              	.LASF37:
 1282 01a2 6973725F 		.ascii	"isr_button_0_GetState\000"
ARM GAS  C:\Users\CLUBRO~1\AppData\Local\Temp\ccJvmMk0.s 			page 32


 1282      62757474 
 1282      6F6E5F30 
 1282      5F476574 
 1282      53746174 
 1283              	.LASF10:
 1284 01b8 73697A65 		.ascii	"sizetype\000"
 1284      74797065 
 1284      00
 1285              	.LASF1:
 1286 01c1 6C6F6E67 		.ascii	"long long int\000"
 1286      206C6F6E 
 1286      6720696E 
 1286      7400
 1287              	.LASF31:
 1288 01cf 6973725F 		.ascii	"isr_button_0_Stop\000"
 1288      62757474 
 1288      6F6E5F30 
 1288      5F53746F 
 1288      7000
 1289              	.LASF11:
 1290 01e1 63686172 		.ascii	"char\000"
 1290      00
 1291              	.LASF21:
 1292 01e6 72616D56 		.ascii	"ramVectorTable\000"
 1292      6563746F 
 1292      72546162 
 1292      6C6500
 1293              	.LASF26:
 1294 01f5 6973725F 		.ascii	"isr_button_0_GetPriority\000"
 1294      62757474 
 1294      6F6E5F30 
 1294      5F476574 
 1294      5072696F 
 1295              	.LASF25:
 1296 020e 6973725F 		.ascii	"isr_button_0_GetVector\000"
 1296      62757474 
 1296      6F6E5F30 
 1296      5F476574 
 1296      56656374 
 1297              	.LASF19:
 1298 0225 6973725F 		.ascii	"isr_button_0_Interrupt\000"
 1298      62757474 
 1298      6F6E5F30 
 1298      5F496E74 
 1298      65727275 
 1299              	.LASF27:
 1300 023c 6973725F 		.ascii	"isr_button_0_Enable\000"
 1300      62757474 
 1300      6F6E5F30 
 1300      5F456E61 
 1300      626C6500 
 1301              	.LASF36:
 1302 0250 433A5C55 		.ascii	"C:\\Users\\Club robot\\Desktop\\Proojet01 (3)\\Proj"
 1302      73657273 
 1302      5C436C75 
 1302      6220726F 
 1302      626F745C 
ARM GAS  C:\Users\CLUBRO~1\AppData\Local\Temp\ccJvmMk0.s 			page 33


 1303 027e 65743031 		.ascii	"et01.cydsn\000"
 1303      2E637964 
 1303      736E00
 1304              	.LASF7:
 1305 0289 6C6F6E67 		.ascii	"long int\000"
 1305      20696E74 
 1305      00
 1306              	.LASF2:
 1307 0292 6C6F6E67 		.ascii	"long double\000"
 1307      20646F75 
 1307      626C6500 
 1308              	.LASF33:
 1309 029e 6973725F 		.ascii	"isr_button_0_ClearPending\000"
 1309      62757474 
 1309      6F6E5F30 
 1309      5F436C65 
 1309      61725065 
 1310              	.LASF3:
 1311 02b8 7369676E 		.ascii	"signed char\000"
 1311      65642063 
 1311      68617200 
 1312              	.LASF38:
 1313 02c4 466C6167 		.ascii	"Flag_Rotary_P\000"
 1313      5F526F74 
 1313      6172795F 
 1313      5000
 1314              	.LASF30:
 1315 02d2 6973725F 		.ascii	"isr_button_0_StartEx\000"
 1315      62757474 
 1315      6F6E5F30 
 1315      5F537461 
 1315      72744578 
 1316              	.LASF39:
 1317 02e7 43794465 		.ascii	"CyDelay\000"
 1317      6C617900 
 1318              	.LASF35:
 1319 02ef 47656E65 		.ascii	"Generated_Source\\PSoC5\\isr_button_0.c\000"
 1319      72617465 
 1319      645F536F 
 1319      75726365 
 1319      5C50536F 
 1320              		.ident	"GCC: (GNU Tools for ARM Embedded Processors) 5.4.1 20160609 (release) [ARM/embedded-5-bran
